==========================object===========================
----------------- SASCableConfig_BC82HBBC_8     -----------
ref count      : 1
----------------- PRODUCT                       -----------
ref count      : 1
.SessionTokenLength : listened by port : 327689, 
----------------- ComHdd8-2                     -----------
ref count      : 1
.Health         : listened by port : 294920, 
----------------- Hdd2SataPresenceAccessor      -----------
ref count      : 1
----------------- ComDiskBackplane              -----------
ref count      : 1
.Health         : listened by port : 294920, 
----------------- dft_item_pca9555_nic-4        -----------
ref count      : 1
----------------- ComMemory010                  -----------
ref count      : 1
.Health         : listened by port : 294920, 
----------------- Hdd9LocationAccessor          -----------
ref count      : 1
----------------- DataAcquisitionService        -----------
ref count      : 1
----------------- SasCablePorthAccessor         -----------
ref count      : 1
----------------- SASCableConfig_BC82HBBC_9     -----------
ref count      : 1
----------------- BOARD                         -----------
ref count      : 1
.SlotId         : listened by port : 917531, 753686, 
----------------- HddInner2-2                   -----------
ref count      : 1
.RebuildState   : listened by port : 294920, 
.Presence       : listened by port : 294920, 
.Id             : listened by port : 229382, 491534, 
.ReplaceFlag    : listened by port : 294920, 
----------------- HDDBackplane:C                -----------
ref count      : 1
----------------- ComMemory011                  -----------
ref count      : 1
.Health         : listened by port : 294920, 
----------------- M2_BDFPort1_exp               -----------
ref count      : 1
----------------- Hdd1SataPresenceAccessor      -----------
ref count      : 1
----------------- Hdd10ActivationAccessor       -----------
ref count      : 1
----------------- Hdd4ActivationAccessor        -----------
ref count      : 1
----------------- SPITest                       -----------
ref count      : 1
----------------- EepromSelfTest                -----------
ref count      : 1
----------------- dft_item_mcu_selftest-802     -----------
ref count      : 1
----------------- ResidentStorageMgnt:C         -----------
ref count      : 1
----------------- dft_item_inter_test-901       -----------
ref count      : 1
----------------- SASCableConfig_BC82NHBA_1     -----------
ref count      : 1
----------------- RiserCard3IdMon               -----------
ref count      : 1
.MonSenValue    : listened by port : 294920, 
----------------- ComNICCard-3                  -----------
ref count      : 1
.Health         : listened by port : 294920, 
----------------- Hdd0ActivationAccessor        -----------
ref count      : 1
----------------- Rear12BackplaneHddInfo        -----------
ref count      : 1
----------------- dft_item_vcc_12v5             -----------
ref count      : 1
----------------- BiosIdAccessor                -----------
ref count      : 1
----------------- dft_item_inter_test-902       -----------
ref count      : 1
----------------- SASCableConfig_BC82NHBA_2     -----------
ref count      : 1
----------------- SasCablePortkAccessor         -----------
ref count      : 1
----------------- StorageDiagnoseCfg            -----------
ref count      : 1
.PDLogLastTime  : send event count: 24
----------------- ComNICCard-4                  -----------
ref count      : 1
.Health         : listened by port : 294920, 
----------------- GPUFru-801                    -----------
ref count      : 1
----------------- M2_BDFPort0_exp               -----------
ref count      : 1
----------------- pca9545_chan2                 -----------
ref count      : 1
----------------- SASCableConfig_BC11HBBB_1     -----------
ref count      : 1
----------------- localbus1                     -----------
ref count      : 1
----------------- SASCableConfig_BC82NHBA_3     -----------
ref count      : 1
----------------- Hdd2FaultAccessor             -----------
ref count      : 1
----------------- dft_item_cpu2mem23_volt       -----------
ref count      : 1
----------------- Hdd11ActivationAccessor       -----------
ref count      : 1
----------------- ComSASPHY                     -----------
ref count      : 1
.Health         : listened by port : 294920, 
----------------- Hdd1-2                        -----------
ref count      : 1
.Manufacturer   : send event count: 4
.HoursOfPoweredUp : send event count: 556
.MediaErrorCount : send event count: 4
.Activation     : send event count: 509266
.BootPriority   : send event count: 1
.VendorId       : send event count: 4
.FirmwareVersion : send event count: 4
.Capacity       : send event count: 4
.InterfaceTypeString : send event count: 4
.Location       : send event count: 4
.BlockSize      : send event count: 4
.RebuildProgress : send event count: 193
.InterfaceSpeed : send event count: 4
.PreviousSN     : send event count: 1
.FailedArray    : send event count: 4
.RemnantMediaWearout : send event count: 7
.RebuildState   : send event count: 4 : listened by port : 294920, 
.Presence       : send event count: 4 : listened by port : 294920, 
.Id             : listened by port : 229382, 491534, 
.CapacityMB     : send event count: 4
.LinkSpeed      : send event count: 4
.MediaType      : send event count: 4
.SATAPresence   : send event count: 4
.SASAddress1    : send event count: 4
.FDECapable     : send event count: 2
.FWStatusFault  : send event count: 4
.HealthCode     : send event count: 4
.PowerState     : send event count: 4
.Temperature    : send event count: 1425
.SASAddress2    : send event count: 4
.PrefailErrorCount : send event count: 4
.ModelNumber    : send event count: 4
.FirmwareStatus : send event count: 9
.ReplaceFlag    : send event count: 2 : listened by port : 294920, 
.HotSpare       : send event count: 4
.OtherErrorCount : send event count: 4
.SerialNumber   : send event count: 4
.DeviceFault    : send event count: 2
.InterfaceType  : send event count: 4
.Fault          : send event count: 8
----------------- ComMemory160                  -----------
ref count      : 1
.Health         : listened by port : 294920, 
----------------- Hdd9FaultAccessor             -----------
ref count      : 1
----------------- RaidController-1              -----------
ref count      : 1
.RaidCtrlTemp   : send event count: 5948
.BootDevices    : send event count: 2
----------------- ComPcieCard-802               -----------
ref count      : 1
.Health         : listened by port : 294920, 
----------------- SASCableConfig_BC82NHBA_4     -----------
ref count      : 1
----------------- reset_i2c4_pca9545            -----------
ref count      : 1
----------------- Hdd1FaultAccessor             -----------
ref count      : 1
----------------- ComPcieCard-801               -----------
ref count      : 1
.Health         : listened by port : 294920, 
----------------- ComBMA                        -----------
ref count      : 1
.Health         : listened by port : 294920, 
----------------- SASCableConfig:C              -----------
ref count      : 1
----------------- ComMemory161                  -----------
ref count      : 1
.Health         : listened by port : 294920, 
----------------- Hdd0LocationAccessor          -----------
ref count      : 1
----------------- RaidPHY2-1                    -----------
ref count      : 1
----------------- Hdd1ActivationAccessor        -----------
ref count      : 1
----------------- Hdd8FaultAccessor             -----------
ref count      : 1
----------------- 2280M_productid_exp           -----------
ref count      : 1
.Value          : listened by port : 294920, 
----------------- HddInner1FaultAccessor        -----------
ref count      : 1
----------------- ComMemory040                  -----------
ref count      : 1
.Health         : listened by port : 294920, 
----------------- ComPort1-4                    -----------
ref count      : 1
.Health         : listened by port : 294920, 
----------------- Ps-5                          -----------
ref count      : 1
----------------- DiskArrayConnector-1          -----------
ref count      : 1
----------------- ComPort1-3                    -----------
ref count      : 1
.Health         : listened by port : 294920, 
----------------- FlashTest                     -----------
ref count      : 1
----------------- Ps-6                          -----------
ref count      : 1
----------------- ComBMC                        -----------
ref count      : 1
.Health         : listened by port : 294920, 
----------------- ComMemory041                  -----------
ref count      : 1
.Health         : listened by port : 294920, 
----------------- 5280RearBoardIdAccessor       -----------
ref count      : 1
----------------- Hdd3-2                        -----------
ref count      : 1
.HoursOfPoweredUp : send event count: 554
.Activation     : send event count: 323192
.RemnantMediaWearout : send event count: 2
.RebuildState   : listened by port : 294920, 
.Presence       : listened by port : 294920, 
.Id             : listened by port : 229382, 491534, 
.Temperature    : send event count: 647
.ReplaceFlag    : listened by port : 294920, 
----------------- RearBackplaneHddInfo          -----------
ref count      : 1
----------------- MainBoard                     -----------
ref count      : 1
.Health         : listened by port : 294920, 
----------------- Riser3SLIMBAccessor           -----------
ref count      : 1
----------------- GPUFru-802                    -----------
ref count      : 1
----------------- ComPort3-3                    -----------
ref count      : 1
.Health         : listened by port : 294920, 
----------------- SasCablePortaAccessor         -----------
ref count      : 1
----------------- Hdd2ActivationAccessor        -----------
ref count      : 1
----------------- RaidPHY4-1                    -----------
ref count      : 1
----------------- DiskArray:C                   -----------
ref count      : 1
----------------- dft_item_pca9555_raid-1       -----------
ref count      : 1
----------------- PMEServiceConfig              -----------
ref count      : 1
.BoardInfoCollectEnable : listened by port : 753686, 
----------------- HddInner0PresenceAccessor     -----------
ref count      : 1
----------------- dft_item_pca9545-e            -----------
ref count      : 1
----------------- Hdd11SataPresenceAccessor     -----------
ref count      : 1
----------------- ComPort3-4                    -----------
ref count      : 1
.Health         : listened by port : 294920, 
----------------- RearBackplaneConnect          -----------
ref count      : 1
----------------- JTAGTest                      -----------
ref count      : 1
----------------- SMS:C                         -----------
ref count      : 1
----------------- NMISwitchTest                 -----------
ref count      : 1
----------------- dft_item_button_test-901      -----------
ref count      : 1
----------------- dbd_cont_5                    -----------
ref count      : 1
----------------- SASCableConfig_BC11THBQA_1    -----------
ref count      : 1
----------------- Component:C                   -----------
ref count      : 1
----------------- dft_item_selfheal_test-801    -----------
ref count      : 1
----------------- dft_item_pca9545-8            -----------
ref count      : 1
----------------- HddInner2PresenceAccessor     -----------
ref count      : 1
----------------- dft_item_cpu2mem01_volt       -----------
ref count      : 1
----------------- Hdd5-2                        -----------
ref count      : 1
.HoursOfPoweredUp : send event count: 555
.Activation     : send event count: 460561
.PatrolState    : send event count: 5
.RemnantMediaWearout : send event count: 2
.RebuildState   : listened by port : 294920, 
.Presence       : listened by port : 294920, 
.Id             : listened by port : 229382, 491534, 
.Temperature    : send event count: 465
.ReplaceFlag    : listened by port : 294920, 
----------------- Hdd10SataPresenceAccessor     -----------
ref count      : 1
----------------- ComButton                     -----------
ref count      : 1
.Health         : listened by port : 294920, 
----------------- HddInner0LocationAccessor     -----------
ref count      : 1
----------------- Hdd5LocationAccessor          -----------
ref count      : 1
----------------- HddInner2ActivationAccessor   -----------
ref count      : 1
----------------- SASCableConfig_BC11THBQA_2    -----------
ref count      : 1
----------------- ComHdd1-2                     -----------
ref count      : 1
.Health         : listened by port : 294920, 
----------------- ComMemory120                  -----------
ref count      : 1
.Health         : listened by port : 294920, 
----------------- SasCablePortdAccessor         -----------
ref count      : 1
----------------- dft_item_led_test-802         -----------
ref count      : 1
----------------- Eth2Test                      -----------
ref count      : 1
----------------- ComHddInner0-2                -----------
ref count      : 1
.Health         : listened by port : 294920, 
----------------- Hdd6SataPresenceAccessor      -----------
ref count      : 1
----------------- SASExpander0-2                -----------
ref count      : 1
----------------- RaidPHY6-1                    -----------
ref count      : 1
----------------- ComMemory121                  -----------
ref count      : 1
.Health         : listened by port : 294920, 
----------------- FpTest                        -----------
ref count      : 1
----------------- ComHdd10-2                    -----------
ref count      : 1
.Health         : listened by port : 294920, 
----------------- Hdd7LocationAccessor          -----------
ref count      : 1
----------------- dft_mcu_log_clear_test-802    -----------
ref count      : 1
----------------- ComMemory070                  -----------
ref count      : 1
.Health         : listened by port : 294920, 
----------------- dft_mcu_log_clear_test-801    -----------
ref count      : 1
----------------- dft_item_pca9545-9            -----------
ref count      : 1
----------------- dft_item_inter_test-801       -----------
ref count      : 1
----------------- ComMemory000                  -----------
ref count      : 1
.Health         : listened by port : 294920, 
----------------- BMC                           -----------
ref count      : 1
.HostName       : listened by port : 294920, 917531, 163844, 589841, 
.CustomManufacturer : listened by port : 655379, 
----------------- dft_item_selfheal_test-802    -----------
ref count      : 1
----------------- Hdd5SataPresenceAccessor      -----------
ref count      : 1
----------------- BBU:C                         -----------
ref count      : 1
----------------- dft_item_led_test-901         -----------
ref count      : 1
----------------- ComMemory071                  -----------
ref count      : 1
.Health         : listened by port : 294920, 
----------------- SASCableConfig_BC82HBBB_1     -----------
ref count      : 1
----------------- CPLDTest                      -----------
ref count      : 1
----------------- Hdd7-2                        -----------
ref count      : 1
.HoursOfPoweredUp : send event count: 553
.Activation     : send event count: 459726
.PatrolState    : send event count: 5
.RebuildState   : listened by port : 294920, 
.Presence       : listened by port : 294920, 
.Id             : listened by port : 229382, 491534, 
.ReplaceFlag    : listened by port : 294920, 
----------------- ComMemory001                  -----------
ref count      : 1
.Health         : listened by port : 294920, 
----------------- SASExpander:C                 -----------
ref count      : 1
----------------- ComHddInner2-2                -----------
ref count      : 1
.Health         : listened by port : 294920, 
----------------- SASCableConfig_BC82PRUF_1     -----------
ref count      : 1
----------------- HddInner3ActivationAccessor   -----------
ref count      : 1
----------------- SasCablePortgAccessor         -----------
ref count      : 1
----------------- ComHdd3-2                     -----------
ref count      : 1
.Health         : listened by port : 294920, 
----------------- SASCableConfig_BC82HBBB_2     -----------
ref count      : 1
----------------- SASCableConfig_BC11THBHB      -----------
ref count      : 1
----------------- LedTubeIntelligenceDftTest    -----------
ref count      : 1
----------------- Payload:C                     -----------
ref count      : 1
----------------- SASCableConfig_BC11THBAB      -----------
ref count      : 1
----------------- Hdd11FaultAccessor            -----------
ref count      : 1
----------------- RaidPHY8-1                    -----------
ref count      : 1
----------------- SASCableConfig_BC11THCH       -----------
ref count      : 1
----------------- dft_item_button_test-902      -----------
ref count      : 1
----------------- HDDBackplane-2                -----------
ref count      : 1
.ReplaceFlag    : listened by port : 294920, 
----------------- SmBios                        -----------
ref count      : 1
.SmBiosStatus   : listened by port : 131075, 458765, 262151, 393227, 491534, 
.FileChange     : listened by port : 557072, 
----------------- SASCableConfig_BC82HBBB_3     -----------
ref count      : 1
----------------- dft_item_rtc_volt             -----------
ref count      : 1
----------------- ComM2Disk1                    -----------
ref count      : 1
.Health         : listened by port : 294920, 
----------------- IpmbTest                      -----------
ref count      : 1
----------------- Bios                          -----------
ref count      : 1
.PcieCardBDF    : listened by port : 458765, 
.MenuChangeFlag : listened by port : 458765, 
.StartOption    : listened by port : 131075, 
.PcieDiskBDF    : listened by port : 458765, 
.OCPCardBDF     : listened by port : 458765, 
.SystemStartupState : listened by port : 917531, 491534, 
.BiosBootStage  : listened by port : 458765, 
.BiosPwdMasterKeyId : listened by port : 851993, 
----------------- ComMemory                     -----------
ref count      : 1
.Health         : listened by port : 294920, 
----------------- Hdd10FaultAccessor            -----------
ref count      : 1
----------------- Hdd0SataPresenceAccessor      -----------
ref count      : 1
----------------- Hdd3FaultAccessor             -----------
ref count      : 1
----------------- ComM2Disk2                    -----------
ref count      : 1
.Health         : listened by port : 294920, 
----------------- dft_item_inter_test-802       -----------
ref count      : 1
----------------- HddInner3FaultAccessor        -----------
ref count      : 1
----------------- Hdd9-2                        -----------
ref count      : 1
.Manufacturer   : send event count: 3
.RefRAIDController : send event count: 1
.EnclosureDeviceId : send event count: 1
.HoursOfPoweredUp : send event count: 149
.MediaErrorCount : send event count: 3
.Activation     : send event count: 112170
.BootPriority   : send event count: 2
.SlotNumber     : send event count: 1
.VendorId       : send event count: 3
.FirmwareVersion : send event count: 3
.Capacity       : send event count: 3
.InterfaceTypeString : send event count: 3
.Location       : send event count: 2
.BlockSize      : send event count: 3
.RebuildProgress : send event count: 3
.InterfaceSpeed : send event count: 3
.PreviousSN     : send event count: 1
.RemnantMediaWearout : send event count: 5
.RebuildState   : listened by port : 294920, 
.Presence       : send event count: 3 : listened by port : 294920, 
.Id             : listened by port : 229382, 491534, 
.CapacityMB     : send event count: 3
.LinkSpeed      : send event count: 3
.MediaType      : send event count: 3
.SATAPresence   : send event count: 3
.SASAddress1    : send event count: 3
.FDECapable     : send event count: 1
.HealthCode     : send event count: 4
.PowerState     : send event count: 3
.Temperature    : send event count: 122
.SASAddress2    : send event count: 3
.PrefailErrorCount : send event count: 3
.ModelNumber    : send event count: 3
.FirmwareStatus : send event count: 4
.ReplaceFlag    : listened by port : 294920, 
.HotSpare       : send event count: 3
.OtherErrorCount : send event count: 3
.SerialNumber   : send event count: 3
.InterfaceType  : send event count: 3
----------------- SasCablePortjAccessor         -----------
ref count      : 1
----------------- KeyboardTest                  -----------
ref count      : 1
----------------- ComMemory150                  -----------
ref count      : 1
.Health         : listened by port : 294920, 
----------------- ComHdd5-2                     -----------
ref count      : 1
.Health         : listened by port : 294920, 
----------------- Rear3Bkp_Riser_Id             -----------
ref count      : 1
.Value          : listened by port : 294920, 
----------------- MainBoard:C                   -----------
ref count      : 1
----------------- cpld1                         -----------
ref count      : 1
----------------- Hdd10-2                       -----------
ref count      : 1
.Manufacturer   : send event count: 3
.RefRAIDController : send event count: 1
.EnclosureDeviceId : send event count: 1
.HoursOfPoweredUp : send event count: 149
.MediaErrorCount : send event count: 3
.Activation     : send event count: 112369
.BootPriority   : send event count: 1
.SlotNumber     : send event count: 1
.VendorId       : send event count: 3
.FirmwareVersion : send event count: 3
.Capacity       : send event count: 3
.InterfaceTypeString : send event count: 3
.Location       : send event count: 2
.BlockSize      : send event count: 3
.RebuildProgress : send event count: 3
.InterfaceSpeed : send event count: 3
.PreviousSN     : send event count: 2
.RemnantMediaWearout : send event count: 5
.RebuildState   : listened by port : 294920, 
.Presence       : send event count: 3 : listened by port : 294920, 
.Id             : listened by port : 229382, 491534, 
.CapacityMB     : send event count: 3
.LinkSpeed      : send event count: 3
.MediaType      : send event count: 3
.SATAPresence   : send event count: 3
.SASAddress1    : send event count: 3
.FDECapable     : send event count: 1
.HealthCode     : send event count: 3
.PowerState     : send event count: 3
.Temperature    : send event count: 151
.SASAddress2    : send event count: 3
.PrefailErrorCount : send event count: 3
.ModelNumber    : send event count: 3
.FirmwareStatus : send event count: 4
.ReplaceFlag    : send event count: 2 : listened by port : 294920, 
.HotSpare       : send event count: 3
.OtherErrorCount : send event count: 3
.SerialNumber   : send event count: 3
.InterfaceType  : send event count: 3
----------------- HddInner2FaultAccessor        -----------
ref count      : 1
----------------- dft_item_lm75_temp-e          -----------
ref count      : 1
----------------- i2c_4                         -----------
ref count      : 1
----------------- ComMemory151                  -----------
ref count      : 1
.Health         : listened by port : 294920, 
----------------- MotherBoard                   -----------
ref count      : 1
----------------- HddInner0ActivationAccessor   -----------
ref count      : 1
----------------- RiserCardFru-8                -----------
ref count      : 1
----------------- RiserCardFru-e                -----------
ref count      : 1
----------------- PysicalLedIntelligenceTest    -----------
ref count      : 1
----------------- ComMemory030                  -----------
ref count      : 1
.Health         : listened by port : 294920, 
----------------- dft_item_lm75_temp-8          -----------
ref count      : 1
----------------- dft_item_led_test-902         -----------
ref count      : 1
----------------- RiserCardFru-9                -----------
ref count      : 1
----------------- ComMemory031                  -----------
ref count      : 1
.Health         : listened by port : 294920, 
----------------- HDDBackplaneBoardIdAccessor   -----------
ref count      : 1
----------------- TPMCardPresenceTest           -----------
ref count      : 1
----------------- ComSystem                     -----------
ref count      : 1
.Health         : listened by port : 294920, 
----------------- ComHdd7-2                     -----------
ref count      : 1
.Health         : listened by port : 294920, 
----------------- dft_item_lm75_temp-9          -----------
ref count      : 1
----------------- dft_item_cpu1mem23_volt       -----------
ref count      : 1
----------------- dft_item_lm75_inlet_temp      -----------
ref count      : 1
----------------- LogicalDrive2-101             -----------
ref count      : 1
.AccelerationMethod : send event count: 1
.RebuildState   : send event count: 1
.CacheCadeLD    : send event count: 1
.DedicatedSparedPDEnclosures : send event count: 1
.CurrentCachePolicy : send event count: 2
.OSDriveName    : send event count: 1
.AccessPolicy   : send event count: 2
.FGIProgress    : send event count: 2
.BGIEnabled     : send event count: 2
.ParticipatedPDSlot : send event count: 2
.DriveStatus    : send event count: 2
.Size           : send event count: 2
.RaidLevel      : send event count: 2
.SpanDepth      : send event count: 2
.BootPriority   : send event count: 2
.DefaultWritePolicy : send event count: 2
.IsBootable     : send event count: 2
.IsSSCD         : send event count: 2
.StripSize      : send event count: 2
.BMAId          : send event count: 1
.NumDrivePerSpan : send event count: 2
.TargetID       : send event count: 1
.CurrentReadPolicy : send event count: 2
.DiskCachePolicy : send event count: 2
.MaxResizableSize : send event count: 1
.DefaultReadPolicy : send event count: 2
.ParticipatedPDEnclosure : send event count: 2
.RefArray       : send event count: 2
.DefaultCachePolicy : send event count: 2
.ConsistencyCheck : send event count: 4
.AssociatedCacheCadeLDs : send event count: 1
.RefRAIDController : send event count: 1
.CurrentWritePolicy : send event count: 2
.DriveName      : send event count: 2
.CurrentFGIState : send event count: 2
.DedicatedSparedPDSlots : send event count: 1
.AssociatedLDs  : send event count: 1
.HealthStatus   : send event count: 2
.InitState      : send event count: 2
.CacheLineSize  : send event count: 1
.RebuildProgress : send event count: 1
----------------- RaidElabel-1                  -----------
ref count      : 1
.MfgDateTime    : listened by port : 753686, 
.ProductAssetTag : listened by port : 294920, 
.BoardSerialNumber : listened by port : 294920, 65537, 
.ChassisSerialNumber : listened by port : 294920, 
----------------- DiskArray4-102                -----------
ref count      : 1
.RefRAIDController : send event count: 1
.LDCount        : send event count: 2
.TotalFreeSpace : send event count: 2
.ArrayID        : send event count: 1
.FreeBlocksSpace : send event count: 1
.UsedSpace      : send event count: 2
.RefLDs         : send event count: 2
.PDCount        : send event count: 2
.RefPDSlots     : send event count: 2
.RefPDEnclosures : send event count: 2
----------------- HddInner1-2                   -----------
ref count      : 1
.RebuildState   : listened by port : 294920, 
.Presence       : listened by port : 294920, 
.Id             : listened by port : 229382, 491534, 
.ReplaceFlag    : listened by port : 294920, 
----------------- HddInner1ActivationAccessor   -----------
ref count      : 1
----------------- RaidBBU-1                     -----------
ref count      : 1
.Present        : listened by port : 294920, 
.Temperature    : send event count: 945
----------------- Hdd1LocationAccessor          -----------
ref count      : 1
----------------- Riser3SLIMAAccessor           -----------
ref count      : 1
----------------- ComFan                        -----------
ref count      : 1
.Health         : listened by port : 294920, 
----------------- VceTest                       -----------
ref count      : 1
----------------- i2c4_pca9545_chip             -----------
ref count      : 1
----------------- DiskArray3-102                -----------
ref count      : 1
.RefRAIDController : send event count: 1
.LDCount        : send event count: 2
.TotalFreeSpace : send event count: 2
.ArrayID        : send event count: 1
.FreeBlocksSpace : send event count: 1
.UsedSpace      : send event count: 2
.RefLDs         : send event count: 2
.PDCount        : send event count: 2
.RefPDSlots     : send event count: 2
.RefPDEnclosures : send event count: 2
----------------- dft_item_mcu_selftest-901     -----------
ref count      : 1
----------------- ComHDDBackplane-2             -----------
ref count      : 1
.Health         : listened by port : 294920, 
----------------- RaidChip-1                    -----------
ref count      : 1
----------------- Hdd3LocationAccessor          -----------
ref count      : 1
----------------- ComHdd9-2                     -----------
ref count      : 1
.Health         : listened by port : 294920, 
----------------- dft_item_mcu_selftest-902     -----------
ref count      : 1
----------------- Hdd:C                         -----------
ref count      : 1
----------------- ComMemory110                  -----------
ref count      : 1
.Health         : listened by port : 294920, 
----------------- HddBackplaneFru-2             -----------
ref count      : 1
----------------- ComPS1                        -----------
ref count      : 1
.Health         : listened by port : 294920, 
----------------- HddBackCardConnect            -----------
ref count      : 1
----------------- dft_VDDN_Test                 -----------
ref count      : 1
----------------- HddInner3-2                   -----------
ref count      : 1
.RebuildState   : listened by port : 294920, 
.Presence       : listened by port : 294920, 
.Id             : listened by port : 229382, 491534, 
.ReplaceFlag    : listened by port : 294920, 
----------------- SASCable:C                    -----------
ref count      : 1
----------------- ComPS2                        -----------
ref count      : 1
.Health         : listened by port : 294920, 
----------------- ComMemory111                  -----------
ref count      : 1
.Health         : listened by port : 294920, 
----------------- Hdd11LocationAccessor         -----------
ref count      : 1
----------------- ComCPU2Memory                 -----------
ref count      : 1
.Health         : listened by port : 294920, 
----------------- Hdd9SataPresenceAccessor      -----------
ref count      : 1
----------------- Hdd0-2                        -----------
ref count      : 1
.Manufacturer   : send event count: 2
.HoursOfPoweredUp : send event count: 556
.MediaErrorCount : send event count: 2
.Activation     : send event count: 511922
.BootPriority   : send event count: 1
.VendorId       : send event count: 2
.FirmwareVersion : send event count: 2
.Capacity       : send event count: 2
.InterfaceTypeString : send event count: 2
.Location       : send event count: 2
.BlockSize      : send event count: 2
.RebuildProgress : send event count: 81
.InterfaceSpeed : send event count: 2
.PreviousSN     : send event count: 1
.FailedArray    : send event count: 2
.RemnantMediaWearout : send event count: 6
.RebuildState   : send event count: 2 : listened by port : 294920, 
.Presence       : send event count: 2 : listened by port : 294920, 
.Id             : listened by port : 229382, 491534, 
.CapacityMB     : send event count: 2
.LinkSpeed      : send event count: 2
.MediaType      : send event count: 2
.SATAPresence   : send event count: 2
.SASAddress1    : send event count: 2
.FWStatusFault  : send event count: 2
.HealthCode     : send event count: 3
.PowerState     : send event count: 2
.Temperature    : send event count: 1481
.SASAddress2    : send event count: 2
.PrefailErrorCount : send event count: 2
.ModelNumber    : send event count: 2
.FirmwareStatus : send event count: 3
.ReplaceFlag    : send event count: 2 : listened by port : 294920, 
.HotSpare       : send event count: 2
.OtherErrorCount : send event count: 2
.SerialNumber   : send event count: 2
.InterfaceType  : send event count: 2
.Fault          : send event count: 4
----------------- SasCablePortcAccessor         -----------
ref count      : 1
----------------- NandFlashTest                 -----------
ref count      : 1
----------------- DiskArray2-102                -----------
ref count      : 1
.RefRAIDController : send event count: 1
.LDCount        : send event count: 2
.TotalFreeSpace : send event count: 2
.ArrayID        : send event count: 1
.FreeBlocksSpace : send event count: 1
.UsedSpace      : send event count: 2
.RefLDs         : send event count: 2
.PDCount        : send event count: 2
.RefPDSlots     : send event count: 2
.RefPDEnclosures : send event count: 2
----------------- dft_item_lm75_MB_temp         -----------
ref count      : 1
----------------- SASCableConfig_BC82HBBJ_1     -----------
ref count      : 1
----------------- ComMemory060                  -----------
ref count      : 1
.Health         : listened by port : 294920, 
----------------- StorageCfgCustomize:C         -----------
ref count      : 1
----------------- ComMemory061                  -----------
ref count      : 1
.Health         : listened by port : 294920, 
----------------- RaidPHY1-1                    -----------
ref count      : 1
----------------- PcieCard:C                    -----------
ref count      : 1
----------------- HddInner3PresenceAccessor     -----------
ref count      : 1
----------------- dbd_contbin_H10L10            -----------
ref count      : 1
----------------- HddInner1LocationAccessor     -----------
ref count      : 1
----------------- SASCableConfig_BC82HBBJ_2     -----------
ref count      : 1
----------------- StorageDiagnose:C             -----------
ref count      : 1
----------------- SASCableConfig_BC11THBAB_1    -----------
ref count      : 1
----------------- Hdd6LocationAccessor          -----------
ref count      : 1
----------------- Hdd5FaultAccessor             -----------
ref count      : 1
----------------- LogicalDriveConnector-1       -----------
ref count      : 1
----------------- SramTest                      -----------
ref count      : 1
----------------- SASCableConfig_BC82HBBJ_3     -----------
ref count      : 1
----------------- SASCableConfig_BC11HBBC_1     -----------
ref count      : 1
----------------- ComPcieCard-901               -----------
ref count      : 1
.Health         : listened by port : 294920, 
----------------- Fru:C                         -----------
ref count      : 1
----------------- DiskArray1-102                -----------
ref count      : 1
.RefRAIDController : send event count: 1
.LDCount        : send event count: 2
.TotalFreeSpace : send event count: 2
.ArrayID        : send event count: 1
.FreeBlocksSpace : send event count: 1
.UsedSpace      : send event count: 2
.RefLDs         : send event count: 2
.PDCount        : send event count: 2
.RefPDSlots     : send event count: 2
.RefPDEnclosures : send event count: 2
----------------- Hdd4SataPresenceAccessor      -----------
ref count      : 1
----------------- SasCablePortfAccessor         -----------
ref count      : 1
----------------- ComChassis                    -----------
ref count      : 1
.Health         : listened by port : 294920, 
----------------- Hdd2-2                        -----------
ref count      : 1
.HoursOfPoweredUp : send event count: 554
.Activation     : send event count: 322879
.RemnantMediaWearout : send event count: 1
.RebuildState   : listened by port : 294920, 
.Presence       : listened by port : 294920, 
.Id             : listened by port : 229382, 491534, 
.Temperature    : send event count: 601
.ReplaceFlag    : listened by port : 294920, 
----------------- Hdd4FaultAccessor             -----------
ref count      : 1
----------------- Hdd8LocationAccessor          -----------
ref count      : 1
----------------- UidButtonTest                 -----------
ref count      : 1
----------------- SASCableConfig_BC11HBBC_2     -----------
ref count      : 1
----------------- ComPcieCard-902               -----------
ref count      : 1
.Health         : listened by port : 294920, 
----------------- I2C4Test                      -----------
ref count      : 1
----------------- HddInner3LocationAccessor     -----------
ref count      : 1
----------------- ComPS                         -----------
ref count      : 1
.Health         : listened by port : 294920, 
----------------- ComPort2-3                    -----------
ref count      : 1
.Health         : listened by port : 294920, 
----------------- MeTest                        -----------
ref count      : 1
----------------- dft_item_vcc_12v0             -----------
ref count      : 1
----------------- Hdd3SataPresenceAccessor      -----------
ref count      : 1
----------------- RaidPHY3-1                    -----------
ref count      : 1
----------------- SASCableConfig_BC11HBBC_3     -----------
ref count      : 1
----------------- StorageCfgCustomize           -----------
ref count      : 1
----------------- dft_item_cpu1mem01_volt       -----------
ref count      : 1
----------------- SASCableConfig_BC13HBEA       -----------
ref count      : 1
----------------- ComMemory140                  -----------
ref count      : 1
.Health         : listened by port : 294920, 
----------------- ComPort2-4                    -----------
ref count      : 1
.Health         : listened by port : 294920, 
----------------- SASCableConfig_BC11HBBB       -----------
ref count      : 1
----------------- dft_item_button_test-801      -----------
ref count      : 1
----------------- LomCardFru-3                  -----------
ref count      : 1
----------------- DiskArray0-102                -----------
ref count      : 1
.RefRAIDController : send event count: 1
.LDCount        : send event count: 2
.TotalFreeSpace : send event count: 2
.ArrayID        : send event count: 1
.FreeBlocksSpace : send event count: 1
.UsedSpace      : send event count: 4
.RefLDs         : send event count: 2
.PDCount        : send event count: 4
.RefPDSlots     : send event count: 4
.RefPDEnclosures : send event count: 4
----------------- RearBackplanePresenceAccessor -----------
ref count      : 1
----------------- GPUFru-902                    -----------
ref count      : 1
----------------- Hi1711Test                    -----------
ref count      : 1
----------------- PRODUCT:C                     -----------
ref count      : 1
----------------- SasCablePortiAccessor         -----------
ref count      : 1
----------------- ComMotherBoard                -----------
ref count      : 1
.Health         : listened by port : 294920, 
----------------- ComMemory141                  -----------
ref count      : 1
.Health         : listened by port : 294920, 
----------------- Hdd8ActivationAccessor        -----------
ref count      : 1
----------------- dft_item_vcc_12v2             -----------
ref count      : 1
----------------- Hdd4-2                        -----------
ref count      : 1
.HoursOfPoweredUp : send event count: 553
.Activation     : send event count: 461222
.PatrolState    : send event count: 5
.RebuildState   : listened by port : 294920, 
.Presence       : listened by port : 294920, 
.Id             : listened by port : 229382, 491534, 
.Temperature    : send event count: 653
.ReplaceFlag    : listened by port : 294920, 
----------------- ComFan1                       -----------
ref count      : 1
.Health         : listened by port : 294920, 
----------------- dft_item_button_test-802      -----------
ref count      : 1
----------------- LedTubeDftTest                -----------
ref count      : 1
----------------- ComMemory020                  -----------
ref count      : 1
.Health         : listened by port : 294920, 
----------------- dft_VDDQ_Test                 -----------
ref count      : 1
----------------- ComHdd0-2                     -----------
ref count      : 1
.Health         : listened by port : 294920, 
----------------- GPUFru-901                    -----------
ref count      : 1
----------------- ComRaidCard-1                 -----------
ref count      : 1
.Health         : listened by port : 294920, 
----------------- ComFan2                       -----------
ref count      : 1
.Health         : listened by port : 294920, 
----------------- LogicalDrive3-101             -----------
ref count      : 1
.AccelerationMethod : send event count: 1
.RebuildState   : send event count: 1
.CacheCadeLD    : send event count: 1
.DedicatedSparedPDEnclosures : send event count: 1
.CurrentCachePolicy : send event count: 2
.OSDriveName    : send event count: 1
.AccessPolicy   : send event count: 2
.FGIProgress    : send event count: 101
.BGIEnabled     : send event count: 2
.ParticipatedPDSlot : send event count: 2
.DriveStatus    : send event count: 2
.Size           : send event count: 2
.RaidLevel      : send event count: 2
.SpanDepth      : send event count: 2
.BootPriority   : send event count: 2
.DefaultWritePolicy : send event count: 2
.IsBootable     : send event count: 2
.IsSSCD         : send event count: 2
.StripSize      : send event count: 2
.BMAId          : send event count: 1
.NumDrivePerSpan : send event count: 2
.TargetID       : send event count: 1
.CurrentReadPolicy : send event count: 2
.DiskCachePolicy : send event count: 2
.MaxResizableSize : send event count: 1
.DefaultReadPolicy : send event count: 2
.ParticipatedPDEnclosure : send event count: 2
.RefArray       : send event count: 2
.DefaultCachePolicy : send event count: 2
.ConsistencyCheck : send event count: 6
.AssociatedCacheCadeLDs : send event count: 1
.RefRAIDController : send event count: 1
.CurrentWritePolicy : send event count: 2
.DriveName      : send event count: 2
.CurrentFGIState : send event count: 3
.DedicatedSparedPDSlots : send event count: 1
.AssociatedLDs  : send event count: 1
.HealthStatus   : send event count: 2
.InitState      : send event count: 3
.CacheLineSize  : send event count: 1
.RebuildProgress : send event count: 1
----------------- ComPort4-3                    -----------
ref count      : 1
.Health         : listened by port : 294920, 
----------------- RaidPHY5-1                    -----------
ref count      : 1
----------------- LomCardFru-4                  -----------
ref count      : 1
----------------- ComMemory021                  -----------
ref count      : 1
.Health         : listened by port : 294920, 
----------------- RearSasCablePortaAccessor     -----------
ref count      : 1
----------------- ComPort4-4                    -----------
ref count      : 1
.Health         : listened by port : 294920, 
----------------- ComFan3                       -----------
ref count      : 1
.Health         : listened by port : 294920, 
----------------- ComputerSystem:C              -----------
ref count      : 1
----------------- dft_item_vcc_12v4             -----------
ref count      : 1
----------------- ChassisPayload                -----------
ref count      : 1
.RestartValue   : listened by port : 294920, 425996, 
.AcpiValue      : listened by port : 294920, 
.BoardStableStatus : listened by port : 819224, 
.AcpiStatus     : listened by port : 720917, 
.PwrButtonFlag  : listened by port : 294920, 
.PwrOkSigDrop   : listened by port : 294920, 
.ChassisPowerState : listened by port : 131075, 524303, 327689, 294920, 720917, 786455, 458765, 557072, 425996, 262151, 491534, 
.PowerGd        : listened by port : 688148, 
.ResetFlag      : listened by port : 294920, 524303, 327689, 786455, 458765, 557072, 425996, 491534, 
.SysResetFlag   : listened by port : 131075, 524303, 327689, 294920, 786455, 458765, 557072, 425996, 262151, 491534, 32768, 
----------------- I2CTest-e                     -----------
ref count      : 1
----------------- dft_item_led_test-801         -----------
ref count      : 1
----------------- SASCableConfig_BC11THBS_0     -----------
ref count      : 1
----------------- dft_mcu_log_clear_test-901    -----------
ref count      : 1
----------------- dft_item_selfheal_test-901    -----------
ref count      : 1
----------------- SASCableConfig_BC82NHBH_0     -----------
ref count      : 1
----------------- RaidController:C              -----------
ref count      : 1
----------------- ComFan4                       -----------
ref count      : 1
.Health         : listened by port : 294920, 
----------------- Hdd9ActivationAccessor        -----------
ref count      : 1
----------------- Hdd6-2                        -----------
ref count      : 1
.HoursOfPoweredUp : send event count: 554
.Activation     : send event count: 461764
.PatrolState    : send event count: 5
.RebuildState   : listened by port : 294920, 
.Presence       : listened by port : 294920, 
.Id             : listened by port : 229382, 491534, 
.Temperature    : send event count: 517
.ReplaceFlag    : listened by port : 294920, 
----------------- ComPcieRiser1                 -----------
ref count      : 1
.Health         : listened by port : 294920, 
----------------- M2Disk1                       -----------
ref count      : 1
.RebuildState   : listened by port : 294920, 
.Presence       : listened by port : 294920, 
.Id             : listened by port : 229382, 491534, 
.ReplaceFlag    : listened by port : 294920, 
----------------- ComHddInner1-2                -----------
ref count      : 1
.Health         : listened by port : 294920, 
----------------- SASCableConfig_BC11THBS_1     -----------
ref count      : 1
----------------- I2CTest-8                     -----------
ref count      : 1
----------------- ComPowerSupply-5              -----------
ref count      : 1
.Health         : listened by port : 294920, 
----------------- Ddr3Test                      -----------
ref count      : 1
----------------- SASCableConfig_BC82NHBH_1     -----------
ref count      : 1
----------------- PowerButtonTest               -----------
ref count      : 1
----------------- ComHdd2-2                     -----------
ref count      : 1
.Health         : listened by port : 294920, 
----------------- RaidCardAnchor-1              -----------
ref count      : 1
----------------- Hdd5ActivationAccessor        -----------
ref count      : 1
----------------- M2Disk2                       -----------
ref count      : 1
.RebuildState   : listened by port : 294920, 
.Presence       : listened by port : 294920, 
.Id             : listened by port : 229382, 491534, 
.ReplaceFlag    : listened by port : 294920, 
----------------- RaidPHY7-1                    -----------
ref count      : 1
----------------- SASCableConfig_BC11THBS_2     -----------
ref count      : 1
----------------- PMEServiceConfig:C            -----------
ref count      : 1
----------------- ComPowerSupply-6              -----------
ref count      : 1
.Health         : listened by port : 294920, 
----------------- ComCpu1                       -----------
ref count      : 1
.Health         : listened by port : 294920, 
----------------- SASCableConfig_BC82NHBH_2     -----------
ref count      : 1
----------------- dft_item_vcc_12v3             -----------
ref count      : 1
----------------- ComMemory170                  -----------
ref count      : 1
.Health         : listened by port : 294920, 
----------------- ComPcieRiser2                 -----------
ref count      : 1
.Health         : listened by port : 294920, 
----------------- ComPcieRiser3                 -----------
ref count      : 1
.Health         : listened by port : 294920, 
----------------- ComHdd11-2                    -----------
ref count      : 1
.Health         : listened by port : 294920, 
----------------- ComMemory100                  -----------
ref count      : 1
.Health         : listened by port : 294920, 
----------------- SASCableConfig_BC11THBS_3     -----------
ref count      : 1
----------------- ComRiserCard-8                -----------
ref count      : 1
.Health         : listened by port : 294920, 
----------------- ComRiserCard-e                -----------
ref count      : 1
.Health         : listened by port : 294920, 
----------------- ComCpu2                       -----------
ref count      : 1
.Health         : listened by port : 294920, 
----------------- SASCableConfig_BC82PRUG_1     -----------
ref count      : 1
----------------- SASCableConfig_BC11THBF_1     -----------
ref count      : 1
----------------- SASCableConfig_BC82HBBC_1     -----------
ref count      : 1
----------------- ComMemory171                  -----------
ref count      : 1
.Health         : listened by port : 294920, 
----------------- ComCPU1Memory                 -----------
ref count      : 1
.Health         : listened by port : 294920, 
----------------- SASCableConfig_BC82NHBH_3     -----------
ref count      : 1
----------------- ComMemory101                  -----------
ref count      : 1
.Health         : listened by port : 294920, 
----------------- SASCableConfig_BC11THBS_4     -----------
ref count      : 1
----------------- SASCableInfo                  -----------
ref count      : 1
----------------- ComSASExpander0-2             -----------
ref count      : 1
.Health         : listened by port : 294920, 
----------------- HddInner0FaultAccessor        -----------
ref count      : 1
----------------- Hdd2LocationAccessor          -----------
ref count      : 1
----------------- ComMemory050                  -----------
ref count      : 1
.Health         : listened by port : 294920, 
----------------- Hdd7FaultAccessor             -----------
ref count      : 1
----------------- SASCableConfig_BC82HBBC_2     -----------
ref count      : 1
----------------- SASCableConfig_BC11THBF_2     -----------
ref count      : 1
----------------- SASCableConfig_BC82NHBH_4     -----------
ref count      : 1
----------------- Hdd6ActivationAccessor        -----------
ref count      : 1
----------------- SASCableConfig_BC11THBS_5     -----------
ref count      : 1
----------------- Hdd0FaultAccessor             -----------
ref count      : 1
----------------- HddInner1PresenceAccessor     -----------
ref count      : 1
----------------- ComRaidCard                   -----------
ref count      : 1
.Health         : listened by port : 294920, 
----------------- ComMemory051                  -----------
ref count      : 1
.Health         : listened by port : 294920, 
----------------- ComRiserCard-9                -----------
ref count      : 1
.Health         : listened by port : 294920, 
----------------- SASCableConfig_BC82HBBC_3     -----------
ref count      : 1
----------------- SasCablePortbAccessor         -----------
ref count      : 1
----------------- Hdd8-2                        -----------
ref count      : 1
.Manufacturer   : send event count: 3
.RefRAIDController : send event count: 1
.EnclosureDeviceId : send event count: 1
.HoursOfPoweredUp : send event count: 149
.MediaErrorCount : send event count: 3
.Activation     : send event count: 112254
.BootPriority   : send event count: 1
.SlotNumber     : send event count: 1
.VendorId       : send event count: 3
.FirmwareVersion : send event count: 3
.Capacity       : send event count: 3
.InterfaceTypeString : send event count: 3
.Location       : send event count: 4
.BlockSize      : send event count: 3
.RebuildProgress : send event count: 3
.InterfaceSpeed : send event count: 3
.PreviousSN     : send event count: 2
.RemnantMediaWearout : send event count: 5
.RebuildState   : listened by port : 294920, 
.Presence       : send event count: 3 : listened by port : 294920, 
.Id             : listened by port : 229382, 491534, 
.CapacityMB     : send event count: 3
.LinkSpeed      : send event count: 3
.MediaType      : send event count: 3
.SATAPresence   : send event count: 3
.SASAddress1    : send event count: 3
.FDECapable     : send event count: 1
.HealthCode     : send event count: 3
.PowerState     : send event count: 3
.Temperature    : send event count: 182
.SASAddress2    : send event count: 3
.PrefailErrorCount : send event count: 3
.ModelNumber    : send event count: 3
.FirmwareStatus : send event count: 4
.ReplaceFlag    : send event count: 2 : listened by port : 294920, 
.HotSpare       : send event count: 3
.OtherErrorCount : send event count: 3
.SerialNumber   : send event count: 3
.InterfaceType  : send event count: 3
----------------- SASPHYStatus:C                -----------
ref count      : 1
----------------- Hdd10LocationAccessor         -----------
ref count      : 1
----------------- Hdd4LocationAccessor          -----------
ref count      : 1
----------------- Hdd6FaultAccessor             -----------
ref count      : 1
----------------- I2CTest-9                     -----------
ref count      : 1
----------------- RaidFru-1                     -----------
ref count      : 1
----------------- ComCable                      -----------
ref count      : 1
.Health         : listened by port : 294920, 
----------------- Hdd8SataPresenceAccessor      -----------
ref count      : 1
----------------- LogicalDrive1-101             -----------
ref count      : 1
.AccelerationMethod : send event count: 1
.RebuildState   : send event count: 1
.CacheCadeLD    : send event count: 2
.DedicatedSparedPDEnclosures : send event count: 1
.CurrentCachePolicy : send event count: 2
.OSDriveName    : send event count: 1
.AccessPolicy   : send event count: 2
.FGIProgress    : send event count: 2
.BGIEnabled     : send event count: 2
.ParticipatedPDSlot : send event count: 2
.DriveStatus    : send event count: 2
.Size           : send event count: 2
.RaidLevel      : send event count: 2
.SpanDepth      : send event count: 2
.BootPriority   : send event count: 2
.DefaultWritePolicy : send event count: 2
.IsBootable     : send event count: 2
.IsSSCD         : send event count: 2
.StripSize      : send event count: 2
.BMAId          : send event count: 1
.NumDrivePerSpan : send event count: 2
.TargetID       : send event count: 1
.CurrentReadPolicy : send event count: 2
.DiskCachePolicy : send event count: 2
.MaxResizableSize : send event count: 1
.DefaultReadPolicy : send event count: 2
.ParticipatedPDEnclosure : send event count: 2
.RefArray       : send event count: 2
.DefaultCachePolicy : send event count: 2
.ConsistencyCheck : send event count: 5
.AssociatedCacheCadeLDs : send event count: 1
.RefRAIDController : send event count: 1
.CurrentWritePolicy : send event count: 2
.DriveName      : send event count: 2
.CurrentFGIState : send event count: 2
.DedicatedSparedPDSlots : send event count: 1
.AssociatedLDs  : send event count: 1
.HealthStatus   : send event count: 2
.InitState      : send event count: 2
.CacheLineSize  : send event count: 1
.RebuildProgress : send event count: 1
----------------- SASCableConfig_BC11THBH_1     -----------
ref count      : 1
----------------- LogicalDrive0-101             -----------
ref count      : 1
.AccelerationMethod : send event count: 1
.RebuildState   : send event count: 1
.CacheCadeLD    : send event count: 1
.DedicatedSparedPDEnclosures : send event count: 1
.CurrentCachePolicy : send event count: 2
.OSDriveName    : send event count: 1
.AccessPolicy   : send event count: 2
.FGIProgress    : send event count: 2
.BGIEnabled     : send event count: 2
.ParticipatedPDSlot : send event count: 4
.DriveStatus    : send event count: 6
.Size           : send event count: 2
.RaidLevel      : send event count: 2
.SpanDepth      : send event count: 2
.BootPriority   : send event count: 2
.DefaultWritePolicy : send event count: 2
.IsBootable     : send event count: 2
.IsSSCD         : send event count: 2
.StripSize      : send event count: 2
.BMAId          : send event count: 1
.NumDrivePerSpan : send event count: 2
.TargetID       : send event count: 1
.CurrentReadPolicy : send event count: 2
.DiskCachePolicy : send event count: 2
.MaxResizableSize : send event count: 1
.DefaultReadPolicy : send event count: 2
.ParticipatedPDEnclosure : send event count: 4
.RefArray       : send event count: 2
.DefaultCachePolicy : send event count: 2
.ConsistencyCheck : send event count: 4
.AssociatedCacheCadeLDs : send event count: 1
.RefRAIDController : send event count: 1
.CurrentWritePolicy : send event count: 2
.DriveName      : send event count: 2
.CurrentFGIState : send event count: 2
.DedicatedSparedPDSlots : send event count: 1
.AssociatedLDs  : send event count: 1
.HealthStatus   : send event count: 6
.InitState      : send event count: 2
.CacheLineSize  : send event count: 1
.RebuildProgress : send event count: 1
----------------- LpcTest                       -----------
ref count      : 1
----------------- ComLcd                        -----------
ref count      : 1
.Health         : listened by port : 294920, 
----------------- ComHdd4-2                     -----------
ref count      : 1
.Health         : listened by port : 294920, 
----------------- dft_AVS_Test                  -----------
ref count      : 1
----------------- dft_item_selfheal_test-902    -----------
ref count      : 1
----------------- ComHddInner3-2                -----------
ref count      : 1
.Health         : listened by port : 294920, 
----------------- RearBackplaneIdMon            -----------
ref count      : 1
.MonSenValue    : listened by port : 294920, 
----------------- SmBios:C                      -----------
ref count      : 1
----------------- SASCableConfig_BC82HBBC_5     -----------
ref count      : 1
----------------- SASCableConfig_BC11THBH_2     -----------
ref count      : 1
----------------- ComHdd6-2                     -----------
ref count      : 1
.Health         : listened by port : 294920, 
----------------- RiserCard3Connect             -----------
ref count      : 1
----------------- Hdd7SataPresenceAccessor      -----------
ref count      : 1
----------------- PysicalLedTest                -----------
ref count      : 1
----------------- Hdd7ActivationAccessor        -----------
ref count      : 1
----------------- Hdd11-2                       -----------
ref count      : 1
.RebuildState   : listened by port : 294920, 
.Presence       : listened by port : 294920, 
.Id             : listened by port : 229382, 491534, 
.ReplaceFlag    : listened by port : 294920, 
----------------- Rear3Bkp_Riser_valid          -----------
ref count      : 1
.Value          : listened by port : 294920, 
----------------- dft_item_lm75_outlet_temp     -----------
ref count      : 1
----------------- PsTest                        -----------
ref count      : 1
----------------- SASCableConfig_BC82HBBC_6     -----------
ref count      : 1
----------------- SasCablePorteAccessor         -----------
ref count      : 1
----------------- HddInner0-2                   -----------
ref count      : 1
.RebuildState   : listened by port : 294920, 
.Presence       : listened by port : 294920, 
.Id             : listened by port : 229382, 491534, 
.ReplaceFlag    : listened by port : 294920, 
----------------- sms0                          -----------
ref count      : 1
.MinPort        : listened by port : 294920, 
.BoBChannelType : listened by port : 950300, 917531, 819224, 589841, 
.MaxPort        : listened by port : 294920, 
.IPAddr         : listened by port : 294920, 655379, 
.UpdateStatus   : listened by port : 524303, 
.CdevChannelEnabled : listened by port : 950300, 
.RegisterState  : listened by port : 655379, 
.Port           : listened by port : 950300, 655379, 
----------------- DataAcquisitionService:C      -----------
ref count      : 1
----------------- SASCableConfig_BC11THBKB_1    -----------
ref count      : 1
----------------- ResidentStorageMgnt           -----------
ref count      : 1
----------------- ComputerSystem0               -----------
ref count      : 1
.iBMAEvent      : listened by port : 294920, 
----------------- Hdd3ActivationAccessor        -----------
ref count      : 1
----------------- ComMemory130                  -----------
ref count      : 1
.Health         : listened by port : 294920, 
----------------- HddInner2LocationAccessor     -----------
ref count      : 1
----------------- SASCableConfig_BC82HBBC_7     -----------
ref count      : 1
----------------- log_0                         -----------
ref count      : 1
----------------- DftItem:C                     -----------
ref count      : 1
----------------- SASCableConfig_BC11THBKB_2    -----------
ref count      : 1
----------------- dft_item_pca9555_nic-3        -----------
ref count      : 1
----------------- LogicalDrive:C                -----------
ref count      : 1
----------------- dft_item_mcu_selftest-801     -----------
ref count      : 1
----------------- ComMemory131                  -----------
ref count      : 1
.Health         : listened by port : 294920, 
----------------- RiserCard1Connect             -----------
ref count      : 1
----------------- CdTest                        -----------
ref count      : 1
----------------- dft_mcu_log_clear_test-902    -----------
ref count      : 1
===========================has object===========================
SasCablePortcAccessor, Hdd1FaultAccessor, i2c_4, HddInner1ActivationAccessor, Hdd1ActivationAccessor, Hdd11SataPresenceAccessor, Hdd2LocationAccessor, Hdd1LocationAccessor, Hdd6SataPresenceAccessor, SasCablePortfAccessor, HddInner2PresenceAccessor, Hdd9SataPresenceAccessor, Hdd3FaultAccessor, Hdd6LocationAccessor, Hdd0SataPresenceAccessor, Hdd6ActivationAccessor, Hdd3SataPresenceAccessor, RearBackplanePresenceAccessor, SasCablePortiAccessor, Hdd5FaultAccessor, SasCablePortaAccessor, HddInner0ActivationAccessor, Hdd0LocationAccessor, Hdd0ActivationAccessor, Hdd5LocationAccessor, HddInner1PresenceAccessor, Riser3SLIMAAccessor, HddInner3LocationAccessor, HddInner2FaultAccessor, HddInner0FaultAccessor, Hdd7FaultAccessor, SasCablePortdAccessor, Hdd11LocationAccessor, Hdd5ActivationAccessor, i2c4_pca9545_chip, Hdd4SataPresenceAccessor, Hdd9LocationAccessor, Hdd4LocationAccessor, Hdd7SataPresenceAccessor, localbus1, SasCablePortgAccessor, Hdd4ActivationAccessor, Hdd0FaultAccessor, Hdd9FaultAccessor, Hdd1SataPresenceAccessor, BiosIdAccessor, Hdd11FaultAccessor, SasCablePortjAccessor, HddInner0PresenceAccessor, Hdd9ActivationAccessor, Hdd4FaultAccessor, 5280RearBoardIdAccessor, Hdd2FaultAccessor, Hdd8LocationAccessor, cpld1, Hdd11ActivationAccessor, RaidChip-1, HddInner2LocationAccessor, Hdd10LocationAccessor, HDDBackplaneBoardIdAccessor, HddInner3ActivationAccessor, Hdd3ActivationAccessor, Riser3SLIMBAccessor, Hdd6FaultAccessor, Hdd8SataPresenceAccessor, pca9545_chan2, SasCablePorteAccessor, Hdd3LocationAccessor, HddInner1LocationAccessor, Hdd2SataPresenceAccessor, Hdd2ActivationAccessor, Hdd8ActivationAccessor, Hdd7LocationAccessor, Hdd5SataPresenceAccessor, SasCablePorthAccessor, HddInner1FaultAccessor, Hdd8FaultAccessor, reset_i2c4_pca9545, Hdd10ActivationAccessor, Hdd10SataPresenceAccessor, SasCablePortbAccessor, Hdd7ActivationAccessor, HddInner2ActivationAccessor, RearSasCablePortaAccessor, HddInner3PresenceAccessor, SasCablePortkAccessor, HddInner3FaultAccessor, HddInner0LocationAccessor, Hdd10FaultAccessor, 
=====================method info=============================
key=StorageDiagnose.SetPDFARMLogrotateNum
input para list:
y output para list:

key=Hdd.CryptoErase
input para list:
output para list:

key=MainBoard.CheckThirdPCIeRaidCard
input para list:
output para list:

key=StorageDiagnose.SetPHYErrSerialDiagThreshold
input para list:
u output para list:

key=RaidController.DumpLog
input para list:
output para list:

key=RaidController.SetDriveWriteCachePolicy
input para list:
y y output para list:

key=LogicalDrive.CancelFGI
input para list:
output para list:
* 
key=LogicalDrive.SetAccessPolicy
input para list:
y output para list:
* 
key=Hdd.SetFDMFault
input para list:
y output para list:

key=RaidController.CreateCommonLD
input para list:
ay y y s u y y y y y y y y y output para list:
q * 
key=StorageCfgCustomize.SetDiskSlotCustomId
input para list:
y output para list:

key=Hdd.SetPatrolState
input para list:
y output para list:
* 
key=RaidController.RestoreSettings
input para list:
output para list:
* 
key=StorageDiagnose.SetPHYErrRecentDiagThreshold
input para list:
u output para list:

key=RaidController.GetDumpPhase
input para list:
output para list:
y 
key=Hdd.SetBootable
input para list:
y output para list:
* 
key=RaidController.SetMode
input para list:
y y output para list:

key=RaidController.SetMaintPDFailHistory
input para list:
y output para list:

key=Hdd.SetPFAEvent
input para list:
y output para list:

key=RaidController.SetNBWC
input para list:
y output para list:
* 
key=StorageDiagnose.SetPDMediaWearoutThreshold
input para list:
y output para list:

key=StorageDiagnose.HandlePostMessage
input para list:
s s output para list:

key=LogicalDrive.SetWritePolicy
input para list:
y output para list:
* 
key=LogicalDrive.SetAccelerationMethod
input para list:
y output para list:
* 
key=RaidController.SetCopyback
input para list:
y output para list:
* 
key=Hdd.SetFirmwareState
input para list:
y output para list:
* 
key=MassStorage.SetFinishUpgradeFlag
input para list:
y output para list:

key=StorageDiagnose.SetPHYErrInterval
input para list:
u output para list:

key=LogicalDrive.SetCapacity
input para list:
u y output para list:
* 
key=Hdd.SetHddId
input para list:
y output para list:

key=SMS.GetBMAConnectState
input para list:
output para list:

key=RaidController.CreateCachecadeLD
input para list:
ay y s y q u y q y output para list:
q * 
key=StorageDiagnose.SetPHYErrThreshold
input para list:
u output para list:

key=RaidController.SetMCTPIdentity
input para list:
y q output para list:

key=LogicalDrive.SetBGI
input para list:
y output para list:
* 
key=LogicalDrive.SetName
input para list:
s output para list:
* 
key=RaidController.SetBootDevices
input para list:
as output para list:

key=LogicalDrive.SetReadPolicy
input para list:
y output para list:
* 
key=StorageDiagnose.SetPHYErrMaxRecord
input para list:
y output para list:

key=RaidController.ImportForeignConfig
input para list:
output para list:

key=Hdd.SetAgentProperty
input para list:
s * u output para list:

key=RaidController.SetAgentProperty
input para list:
s * u output para list:

key=Hdd.CollectHddSMART
input para list:
u output para list:
* 
key=Hdd.SetHotspare
input para list:
y aq output para list:
* 
key=HDDBackplane.SetHddBPTemp
input para list:
y y output para list:

key=LogicalDrive.StartFGI
input para list:
y output para list:
* 
key=RaidController.SetSMARTerCopyback
input para list:
y output para list:
* 
key=RaidController.AddLD
input para list:
q y y y s u y y y y y y y y y output para list:
q * 
key=Hdd.SetDfpProbability
input para list:
d output para list:

key=StorageDiagnose.SetPDLogInterval
input para list:
u output para list:

key=Hdd.SetLocateState
input para list:
y y output para list:
* 
key=ResidentStorageMgnt.SetBMCObjFromBMA
input para list:
s s output para list:

key=LogicalDrive.SetStripSize
input para list:
y output para list:
* 
key=LogicalDrive.SetCachecade
input para list:
y output para list:
* 
key=ComputerSystem.SetLDStateAbnormal
input para list:
y output para list:

key=LogicalDrive.SetIOPolicy
input para list:
y output para list:
* 
key=RaidController.SetReadCachePercent
input para list:
y output para list:
* 
key=RaidController.SetJBOD
input para list:
y output para list:
* 
key=RaidController.SetConsisCheck
input para list:
y q y y u y output para list:
* 
key=StorageDiagnose.SetPDLogEnable
input para list:
y output para list:

key=StorageDiagnose.SetPHYErrLogrotateNum
input para list:
y output para list:

key=RaidController.DeleteLD
input para list:
q output para list:
* 
key=StorageDiagnose.SetPDLogStartTime
input para list:
y output para list:

key=ResidentStorageMgnt.SetLightFlag
input para list:
y output para list:

key=LogicalDrive.SetDiskCachePolicy
input para list:
y output para list:
* 
key=LogicalDrive.SetBootable
input para list:
y output para list:
* 
key=StorageMgnt.set_trace_cfg
input para list:
s output para list:

key=StorageMgnt.deconnect_to_cli
input para list:
s output para list:

key=StorageMgnt.dlog_outype
input para list:
s output para list:

key=StorageMgnt.save_dlog_cfg
input para list:
output para list:

key=StorageMgnt.connect_to_cli
input para list:
s s output para list:

key=StorageMgnt.dlog_outlvl
input para list:
s output para list:

=====================listen info=============================
my ipc id=524303
key=<Payload.ResetFlag, handler=0xaaaae17885f0, state=0
key=<SMS.UpdateStatus, handler=0xaaaae174e2d0, state=0
key=<Payload.ChassisPowerState, handler=0xaaaae17885f0, state=0
key=<Payload.SysResetFlag, handler=0xaaaae17885f0, state=0
=====================route info=============================
.key=VariantExpression, rpc_port=50023, msg_que_id=753686
.key=CafeDev, rpc_port=50007, msg_que_id=229382
.key=IPMIMessageFilter, rpc_port=50025, msg_que_id=819224
.key=PRODUCT, rpc_port=50023, msg_que_id=753686
.key=BOARD, rpc_port=50023, msg_que_id=753686
.key=GPUBoard, rpc_port=50014, msg_que_id=458765
.key=VirOpticalModule, rpc_port=50028, msg_que_id=917531
.key=IpmbAddr, rpc_port=50025, msg_que_id=819224
.key=CoolingCondition, rpc_port=50021, msg_que_id=688148
.key=SysPower, rpc_port=50024, msg_que_id=786455
.key=CpuBoard, rpc_port=50014, msg_que_id=458765
.key=PcieHddRemoveMonitor, rpc_port=50016, msg_que_id=524303
.key=VRDAction, rpc_port=50008, msg_que_id=262151
.key=EnergySaving, rpc_port=50017, msg_que_id=557072
.key=PIPE, rpc_port=50015, msg_que_id=491534
.key=PasswdSetting, rpc_port=50026, msg_que_id=851993
.key=FdmWebConfig, rpc_port=50015, msg_que_id=491534
.key=SpecialPcieCard, rpc_port=50028, msg_que_id=917531
.key=RedfishEventService, rpc_port=50020, msg_que_id=655379
.key=LicenseManage, rpc_port=50002, msg_que_id=65537
.key=AccelerateCard, rpc_port=50014, msg_que_id=458765
.key=PCIeSDICard, rpc_port=50014, msg_que_id=458765
.key=PcieRetimer, rpc_port=50001, msg_que_id=32768
.key=PTASPolicy, rpc_port=50021, msg_que_id=688148
.key=EventMonitor, rpc_port=50009, msg_que_id=294920
.key=VirtualWire, rpc_port=50023, msg_que_id=753686
.key=SmtpConfig, rpc_port=50009, msg_que_id=294920
.key=PowerMgnt, rpc_port=50024, msg_que_id=786455
.key=HwMBAddrAllocMgmt, rpc_port=50014, msg_que_id=458765
.key=MeInfo, rpc_port=50017, msg_que_id=557072
.key=MutualAuthenticationCliCert, rpc_port=50023, msg_que_id=753686
.key=FANBoard, rpc_port=50014, msg_que_id=458765
.key=SystemManagerInfo, rpc_port=50023, msg_que_id=753686
.key=SensorShortTermSpecMonitor, rpc_port=50009, msg_que_id=294920
.key=SASCable, rpc_port=50016, msg_que_id=524303
.key=DevTest, rpc_port=50009, msg_que_id=294920
.key=NandInfo, rpc_port=50023, msg_que_id=753686
.key=EventDescpCfgToHmm, rpc_port=50009, msg_que_id=294920
.key=UserRole, rpc_port=50026, msg_que_id=851993
.key=SilkTemplate, rpc_port=50017, msg_que_id=557072
.key=Retimer, rpc_port=50014, msg_que_id=458765
.key=SyslogConfig, rpc_port=50009, msg_que_id=294920
.key=ProxyVideo, rpc_port=50018, msg_que_id=589841
.key=SmmFanFirmware, rpc_port=50008, msg_que_id=262151
.key=SSDPCtrlPtConfig, rpc_port=50019, msg_que_id=622610
.key=ResidentNetConfig, rpc_port=50028, msg_que_id=917531
.key=KvmLink, rpc_port=50004, msg_que_id=131075
.key=MasterSMM, rpc_port=50023, msg_que_id=753686
.key=ComputerSystem, rpc_port=50010, msg_que_id=327689
.key=LocalPcieCard, rpc_port=50014, msg_que_id=458765
.key=VPD, rpc_port=50016, msg_que_id=524303
.key=ComponentInfo, rpc_port=50017, msg_que_id=557072
.key=LSWConfig, rpc_port=50028, msg_que_id=917531
.key=AlertFilter, rpc_port=50009, msg_que_id=294920
.key=ModbusAddrAllocMgmt, rpc_port=50014, msg_que_id=458765
.key=Cooling, rpc_port=50021, msg_que_id=688148
.key=FANClass, rpc_port=50021, msg_que_id=688148
.key=HDDBackplane, rpc_port=50014, msg_que_id=458765
.key=ChipFirmwareMgnt, rpc_port=50008, msg_que_id=262151
.key=DftItem, rpc_port=50011, msg_que_id=360458
.key=Stateless, rpc_port=50028, msg_que_id=917531
.key=PcieAddrInfo, rpc_port=50015, msg_que_id=491534
.key=DftAction, rpc_port=50011, msg_que_id=360458
.key=ConditionTask, rpc_port=50009, msg_que_id=294920
.key=ExpBoard, rpc_port=50014, msg_que_id=458765
.key=OpaMezzInfo, rpc_port=50014, msg_que_id=458765
.key=SyslogItemCfg, rpc_port=50009, msg_que_id=294920
.key=ThresholdAssert, rpc_port=50009, msg_que_id=294920
.key=SolLink, rpc_port=50025, msg_que_id=819224
.key=MainBoard, rpc_port=50014, msg_que_id=458765
.key=IOBoard, rpc_port=50014, msg_que_id=458765
.key=_Snmp, rpc_port=50018, msg_que_id=589841
.key=SecurityModule, rpc_port=50014, msg_que_id=458765
.key=LLDPConfig, rpc_port=50028, msg_que_id=917531
.key=BBUModule, rpc_port=50024, msg_que_id=786455
.key=LeakageDetectionCard, rpc_port=50014, msg_que_id=458765
.key=SmtpItemCfg, rpc_port=50009, msg_que_id=294920
.key=DataAcquisitionMetric, rpc_port=50015, msg_que_id=491534
.key=RaidController, rpc_port=50016, msg_que_id=524303
.key=PMEServiceConfig, rpc_port=50023, msg_que_id=753686
.key=Memory, rpc_port=50017, msg_que_id=557072
.key=LicenseFeatureKey, rpc_port=50002, msg_que_id=65537
.key=VoltMonitor, rpc_port=50009, msg_que_id=294920
.key=PSUGroup, rpc_port=50024, msg_que_id=786455
.key=OemSdr, rpc_port=50009, msg_que_id=294920
.key=NPU, rpc_port=50017, msg_que_id=557072
.key=DiskSubArray, rpc_port=50016, msg_que_id=524303
.key=CollectPropertyDefinition, rpc_port=50023, msg_que_id=753686
.key=_card_manage, rpc_port=50014, msg_que_id=458765
.key=Action, rpc_port=50008, msg_que_id=262151
.key=OnePower, rpc_port=50024, msg_que_id=786455
.key=Kvm, rpc_port=50004, msg_que_id=131075
.key=DiscreteSensor, rpc_port=50009, msg_que_id=294920
.key=ThresholdSensorMonitor, rpc_port=50009, msg_que_id=294920
.key=CertMonitor, rpc_port=50023, msg_que_id=753686
.key=Pex8796, rpc_port=50001, msg_que_id=32768
.key=LicenseSaleInfo, rpc_port=50002, msg_que_id=65537
.key=PortMapping, rpc_port=50028, msg_que_id=917531
.key=RawEepromFruDev, rpc_port=50007, msg_que_id=229382
.key=_kvm_vmm, rpc_port=50004, msg_que_id=131075
.key=EnergySavingCfgItem, rpc_port=50017, msg_que_id=557072
.key=CpuStatistic, rpc_port=50017, msg_que_id=557072
.key=CompositionSetting, rpc_port=50001, msg_que_id=32768
.key=PsSleep, rpc_port=50024, msg_que_id=786455
.key=SysBattery, rpc_port=50024, msg_que_id=786455
.key=Pex9765, rpc_port=50001, msg_que_id=32768
.key=PermitRule, rpc_port=50026, msg_que_id=851993
.key=BMC, rpc_port=50023, msg_que_id=753686
.key=Snmp, rpc_port=50018, msg_que_id=589841
.key=VoltTest, rpc_port=50009, msg_que_id=294920
.key=LedPanel, rpc_port=50009, msg_que_id=294920
.key=EthFunction, rpc_port=50028, msg_que_id=917531
.key=_PowerMgnt, rpc_port=50024, msg_que_id=786455
.key=PowerCapping, rpc_port=50024, msg_que_id=786455
.key=RegAction, rpc_port=50014, msg_que_id=458765
.key=_ddns, rpc_port=50005, msg_que_id=163844
.key=M2TransformCard, rpc_port=50014, msg_que_id=458765
.key=SmBios, rpc_port=50013, msg_que_id=425996
.key=SensorOemConfig, rpc_port=50009, msg_que_id=294920
.key=Bios, rpc_port=50013, msg_que_id=425996
.key=McdlSdr, rpc_port=50009, msg_que_id=294920
.key=PMBusTempMonitor, rpc_port=50009, msg_que_id=294920
.key=DiskSlotInfo, rpc_port=50014, msg_que_id=458765
.key=LDAP, rpc_port=50023, msg_que_id=753686
.key=PassThroughCard, rpc_port=50014, msg_que_id=458765
.key=ReserveChanTest, rpc_port=50011, msg_que_id=360458
.key=RedfishEvtSubscription, rpc_port=50020, msg_que_id=655379
.key=Watchdog2, rpc_port=50022, msg_que_id=720917
.key=LedDispElmt_S, rpc_port=50009, msg_que_id=294920
.key=TransferFileInfo, rpc_port=50023, msg_que_id=753686
.key=PsuSlot, rpc_port=50024, msg_que_id=786455
.key=FruPayload, rpc_port=50022, msg_que_id=720917
.key=VMDCondition, rpc_port=50023, msg_que_id=753686
.key=_User, rpc_port=50026, msg_que_id=851993
.key=BoardInfoCollectCfg, rpc_port=50023, msg_que_id=753686
.key=Policy1Class, rpc_port=50021, msg_que_id=688148
.key=NetCard, rpc_port=50014, msg_que_id=458765
.key=Sel, rpc_port=50009, msg_que_id=294920
.key=ProductComponent, rpc_port=50023, msg_que_id=753686
.key=SLIMCableConfig, rpc_port=50016, msg_que_id=524303
.key=CfgMgnt, rpc_port=50003, msg_que_id=98306
.key=RiserPcieCard, rpc_port=50014, msg_que_id=458765
.key=OpticalModule, rpc_port=50028, msg_que_id=917531
.key=NPUHistoryECCInfo, rpc_port=50017, msg_que_id=557072
.key=RepeaterMgnt, rpc_port=50014, msg_que_id=458765
.key=ChipValueChecker, rpc_port=50009, msg_que_id=294920
.key=_net_nat, rpc_port=50029, msg_que_id=950300
.key=IPMIChannel, rpc_port=50025, msg_que_id=819224
.key=OscaPcieCard, rpc_port=50014, msg_que_id=458765
.key=LedDispElmt_RP, rpc_port=50009, msg_que_id=294920
.key=EventPolicy, rpc_port=50009, msg_que_id=294920
.key=iBMAUSBMassStorage, rpc_port=50004, msg_que_id=131075
.key=NvGPUAction, rpc_port=50014, msg_que_id=458765
.key=DiskArray, rpc_port=50016, msg_que_id=524303
.key=OscaPort, rpc_port=50013, msg_que_id=425996
.key=RmcpConfig, rpc_port=50025, msg_que_id=819224
.key=SASPHYStatus, rpc_port=50016, msg_que_id=524303
.key=SMMPCIeInfo, rpc_port=50014, msg_que_id=458765
.key=OCPCard, rpc_port=50014, msg_que_id=458765
.key=VirtualHDDBackplane, rpc_port=50014, msg_que_id=458765
.key=ProxyVmm, rpc_port=50018, msg_que_id=589841
.key=VmseChannel, rpc_port=50017, msg_que_id=557072
.key=HinicFirmware, rpc_port=50008, msg_que_id=262151
.key=MatchRegValue, rpc_port=50001, msg_que_id=32768
.key=Warning, rpc_port=50009, msg_que_id=294920
.key=Contact, rpc_port=50023, msg_que_id=753686
.key=Session, rpc_port=50026, msg_que_id=851993
.key=ExtendPcieCard, rpc_port=50014, msg_que_id=458765
.key=MaxValueMonitor, rpc_port=50009, msg_que_id=294920
.key=BusinessPort, rpc_port=50028, msg_que_id=917531
.key=CLASSFANTYPE, rpc_port=50021, msg_que_id=688148
.key=ButtonTest, rpc_port=50011, msg_que_id=360458
.key=SdrDev, rpc_port=50009, msg_que_id=294920
.key=SSDPConfig, rpc_port=50019, msg_que_id=622610
.key=BoardPower, rpc_port=50024, msg_que_id=786455
.key=PCIeSSDCard, rpc_port=50014, msg_que_id=458765
.key=USBMassStorage, rpc_port=50004, msg_que_id=131075
.key=MassStorage, rpc_port=50016, msg_que_id=524303
.key=TrapConfig, rpc_port=50009, msg_que_id=294920
.key=BIOSEvent, rpc_port=50009, msg_que_id=294920
.key=Led, rpc_port=50009, msg_que_id=294920
.key=PortConfig, rpc_port=50028, msg_que_id=917531
.key=PCIeDisk, rpc_port=50016, msg_que_id=524303
.key=PTAS, rpc_port=50021, msg_que_id=688148
.key=CompositionZone, rpc_port=50001, msg_que_id=32768
.key=MctpCtrl, rpc_port=50012, msg_que_id=393227
.key=SignalMonitor, rpc_port=50009, msg_que_id=294920
.key=MutualAuthentication, rpc_port=50023, msg_que_id=753686
.key=Card, rpc_port=50014, msg_que_id=458765
.key=RaidChip, rpc_port=50016, msg_que_id=524303
.key=Eth, rpc_port=50028, msg_que_id=917531
.key=LogicalDriveAlertInfo, rpc_port=50016, msg_que_id=524303
.key=Video, rpc_port=50004, msg_que_id=131075
.key=LedDispControl, rpc_port=50009, msg_que_id=294920
.key=Dump, rpc_port=50027, msg_que_id=884762
.key=FruStatics, rpc_port=50007, msg_que_id=229382
.key=_BIOS, rpc_port=50013, msg_que_id=425996
.key=ScriptEngine, rpc_port=50027, msg_que_id=884762
.key=PcieRootPortMap, rpc_port=50007, msg_que_id=229382
.key=FruDev, rpc_port=50007, msg_que_id=229382
.key=FPGAMemory, rpc_port=50017, msg_que_id=557072
.key=EventSeverityChange, rpc_port=50009, msg_que_id=294920
.key=_dfm, rpc_port=50000, msg_que_id=0
.key=TrapItemCfg, rpc_port=50009, msg_que_id=294920
.key=LedTest, rpc_port=50009, msg_que_id=294920
.key=DataCondition, rpc_port=50017, msg_que_id=557072
.key=StorageDiagnose, rpc_port=50016, msg_que_id=524303
.key=PcieCard, rpc_port=50014, msg_que_id=458765
.key=PowerAlert, rpc_port=50024, msg_que_id=786455
.key=PowerSignalMonitor, rpc_port=50009, msg_que_id=294920
.key=ComponentFirmware, rpc_port=50008, msg_que_id=262151
.key=NpuAbility, rpc_port=50017, msg_que_id=557072
.key=_Dft, rpc_port=50011, msg_que_id=360458
.key=MgmtChipEnvConfig, rpc_port=50023, msg_que_id=753686
.key=BMCCoreManagement, rpc_port=50023, msg_que_id=753686
.key=SeriaManagement, rpc_port=50025, msg_que_id=819224
.key=OcpCardControl, rpc_port=50014, msg_que_id=458765
.key=FirmwareLimit, rpc_port=50011, msg_que_id=360458
.key=User, rpc_port=50026, msg_que_id=851993
.key=Upgrade, rpc_port=50008, msg_que_id=262151
.key=_sensor_alarm, rpc_port=50009, msg_que_id=294920
.key=PrivilegeAgent, rpc_port=50018, msg_que_id=589841
.key=Eeprom, rpc_port=50008, msg_que_id=262151
.key=Condition, rpc_port=50021, msg_que_id=688148
.key=TempMonitor, rpc_port=50009, msg_que_id=294920
.key=_CpuMem, rpc_port=50017, msg_que_id=557072
.key=SMM, rpc_port=50023, msg_que_id=753686
.key=LDAPCommon, rpc_port=50023, msg_que_id=753686
.key=SensorCategory, rpc_port=50009, msg_que_id=294920
.key=NandFlash, rpc_port=50023, msg_que_id=753686
.key=Raid, rpc_port=50014, msg_que_id=458765
.key=TransferFile, rpc_port=50023, msg_que_id=753686
.key=DftCtrl, rpc_port=50011, msg_que_id=360458
.key=Entity, rpc_port=50009, msg_que_id=294920
.key=UidButton, rpc_port=50009, msg_que_id=294920
.key=Hdd, rpc_port=50016, msg_que_id=524303
.key=InterfaceTest, rpc_port=50011, msg_que_id=360458
.key=CardAction, rpc_port=50014, msg_que_id=458765
.key=EncryptKey, rpc_port=50026, msg_que_id=851993
.key=_diagnose, rpc_port=50015, msg_que_id=491534
.key=Language, rpc_port=50009, msg_que_id=294920
.key=Hotswap, rpc_port=50022, msg_que_id=720917
.key=ManualControlLed, rpc_port=50009, msg_que_id=294920
.key=_agentless, rpc_port=50010, msg_que_id=327689
.key=AlertString, rpc_port=50009, msg_que_id=294920
.key=LocalHostAgentPort, rpc_port=50029, msg_que_id=950300
.key=DftLSWConfig, rpc_port=50028, msg_que_id=917531
.key=DataAcquisitionTagDefinition, rpc_port=50015, msg_que_id=491534
.key=MezzCard, rpc_port=50014, msg_que_id=458765
.key=MemoryChannel, rpc_port=50017, msg_que_id=557072
.key=_Payload, rpc_port=50022, msg_que_id=720917
.key=AssetLocateBoard, rpc_port=50014, msg_que_id=458765
.key=RegMonitor, rpc_port=50009, msg_que_id=294920
.key=_MaintDebug, rpc_port=50027, msg_que_id=884762
.key=SysFWProgressStatus, rpc_port=50017, msg_que_id=557072
.key=_StorageMgnt, rpc_port=50016, msg_que_id=524303
.key=ConditionGroup, rpc_port=50021, msg_que_id=688148
.key=OSDrivePartition, rpc_port=50010, msg_que_id=327689
.key=_BMC, rpc_port=50023, msg_que_id=753686
.key=Log, rpc_port=50027, msg_que_id=884762
.key=_portal, rpc_port=50006, msg_que_id=196613
.key=Payload, rpc_port=50022, msg_que_id=720917
.key=_FileManage, rpc_port=50003, msg_que_id=98306
.key=PCIeFPGACard, rpc_port=50014, msg_que_id=458765
.key=LicenseKeyInfo, rpc_port=50002, msg_que_id=65537
.key=EthRename, rpc_port=50028, msg_que_id=917531
.key=StorageCfgCustomize, rpc_port=50016, msg_que_id=524303
.key=PcieSwitch, rpc_port=50001, msg_que_id=32768
.key=FdmConfig, rpc_port=50015, msg_que_id=491534
.key=MSPP, rpc_port=50024, msg_que_id=786455
.key=Firmware, rpc_port=50008, msg_que_id=262151
.key=DataAcquisitionService, rpc_port=50015, msg_que_id=491534
.key=VNC, rpc_port=50004, msg_que_id=131075
.key=ExtendSASCable, rpc_port=50016, msg_que_id=524303
.key=I2CTest, rpc_port=50011, msg_que_id=360458
.key=DiscreteEvent, rpc_port=50009, msg_que_id=294920
.key=FanGroup, rpc_port=50021, msg_que_id=688148
.key=LicenseSaleItem, rpc_port=50002, msg_que_id=65537
.key=DeaSdr, rpc_port=50009, msg_que_id=294920
.key=Vmm, rpc_port=50004, msg_que_id=131075
.key=SSLEncryptKey, rpc_port=50026, msg_que_id=851993
.key=ChipConfigMgnt, rpc_port=50008, msg_que_id=262151
.key=Ipmb, rpc_port=50025, msg_que_id=819224
.key=TreeNode, rpc_port=50015, msg_que_id=491534
.key=ProcessorFamily, rpc_port=50015, msg_que_id=491534
.key=SMS, rpc_port=50010, msg_que_id=327689
.key=PcieSwitchAction, rpc_port=50001, msg_que_id=32768
.key=EventInformation, rpc_port=50009, msg_que_id=294920
.key=FibreChannel, rpc_port=50028, msg_que_id=917531
.key=LDAPGroup, rpc_port=50023, msg_que_id=753686
.key=AgeTest, rpc_port=50011, msg_que_id=360458
.key=ThresholdSensor, rpc_port=50009, msg_que_id=294920
.key=EthGroup, rpc_port=50028, msg_que_id=917531
.key=BladeCpuThermal, rpc_port=50021, msg_que_id=688148
.key=PCIeTransformCard, rpc_port=50014, msg_que_id=458765
.key=CompositionEndpoint, rpc_port=50001, msg_que_id=32768
.key=PswCpld, rpc_port=50001, msg_que_id=32768
.key=ConditionAction, rpc_port=50009, msg_que_id=294920
.key=EnvRecord, rpc_port=50009, msg_que_id=294920
.key=_PcieSwitch, rpc_port=50001, msg_que_id=32768
.key=BoardRTC, rpc_port=50023, msg_que_id=753686
.key=BladeCoolingPolicy, rpc_port=50021, msg_que_id=688148
.key=LedDispElmt, rpc_port=50009, msg_que_id=294920
.key=_cooling_app, rpc_port=50021, msg_que_id=688148
.key=GPUCard, rpc_port=50014, msg_que_id=458765
.key=StringFormator, rpc_port=50009, msg_que_id=294920
.key=EventConfiguration, rpc_port=50009, msg_que_id=294920
.key=Chassis, rpc_port=50023, msg_que_id=753686
.key=ComponentPowerCtrl, rpc_port=50014, msg_que_id=458765
.key=_MCTP, rpc_port=50012, msg_que_id=393227
.key=Redfish, rpc_port=50020, msg_que_id=655379
.key=EndpointIdentifier, rpc_port=50001, msg_que_id=32768
.key=Pex8725, rpc_port=50001, msg_que_id=32768
.key=_LicenseMgnt, rpc_port=50002, msg_que_id=65537
.key=BoardTypeDefinition, rpc_port=50023, msg_que_id=753686
.key=KRBCommon, rpc_port=50023, msg_que_id=753686
.key=_UPGRADE, rpc_port=50008, msg_que_id=262151
.key=SOLManagement, rpc_port=50025, msg_que_id=819224
.key=ChipVrdParameterConfig, rpc_port=50008, msg_que_id=262151
.key=LSWChipMgnt, rpc_port=50028, msg_que_id=917531
.key=ExPortConfig, rpc_port=50028, msg_que_id=917531
.key=BBU, rpc_port=50016, msg_que_id=524303
.key=VncLink, rpc_port=50004, msg_que_id=131075
.key=HDDLocationStatus, rpc_port=50016, msg_que_id=524303
.key=EthFunctionDefine, rpc_port=50028, msg_que_id=917531
.key=DNSSetting, rpc_port=50005, msg_que_id=163844
.key=SSL, rpc_port=50023, msg_que_id=753686
.key=RemoteHttpsServerRootCert, rpc_port=50023, msg_que_id=753686
.key=DftVersion, rpc_port=50011, msg_que_id=360458
.key=PeripheralDeviceSensor, rpc_port=50014, msg_que_id=458765
.key=SASExpander, rpc_port=50016, msg_que_id=524303
.key=MemoryBoard, rpc_port=50014, msg_que_id=458765
.key=Cpu, rpc_port=50017, msg_que_id=557072
.key=RegConfig, rpc_port=50014, msg_que_id=458765
.key=_FruData, rpc_port=50007, msg_que_id=229382
.key=Gpio, rpc_port=50009, msg_que_id=294920
.key=LicenseAlarmInfo, rpc_port=50002, msg_que_id=65537
.key=LDAPCert, rpc_port=50023, msg_que_id=753686
.key=ChipValueReader, rpc_port=50009, msg_que_id=294920
.key=VRDUpgradeMgnt, rpc_port=50008, msg_que_id=262151
.key=LedCtrl, rpc_port=50009, msg_que_id=294920
.key=PefFilter, rpc_port=50009, msg_que_id=294920
.key=_redfish, rpc_port=50020, msg_que_id=655379
.key=AdditionalFan, rpc_port=50021, msg_que_id=688148
.key=SelFilter, rpc_port=50009, msg_que_id=294920
.key=CPLDSelftest, rpc_port=50011, msg_que_id=360458
.key=SMMportswitch, rpc_port=50028, msg_que_id=917531
.key=PcieRetimerAction, rpc_port=50001, msg_que_id=32768
.key=OAM, rpc_port=50028, msg_que_id=917531
.key=ModbusSlave, rpc_port=50014, msg_que_id=458765
.key=PowerOnCriteria, rpc_port=50022, msg_que_id=720917
.key=CpuPowTempMap, rpc_port=50021, msg_que_id=688148
.key=Diagnose, rpc_port=50015, msg_que_id=491534
.key=Fru, rpc_port=50007, msg_que_id=229382
.key=MMPortOtmInfo, rpc_port=50028, msg_que_id=917531
.key=LogicalDrive, rpc_port=50016, msg_que_id=524303
.key=I2cLed, rpc_port=50009, msg_que_id=294920
.key=_discovery, rpc_port=50019, msg_que_id=622610
.key=EventDescp, rpc_port=50009, msg_que_id=294920
.key=_ipmi_app, rpc_port=50025, msg_que_id=819224
.key=Composition, rpc_port=50001, msg_que_id=32768
.key=Component, rpc_port=50007, msg_que_id=229382
.key=BusinessPortVLAN, rpc_port=50028, msg_que_id=917531
.key=MutualAuthenticationRootCert, rpc_port=50023, msg_que_id=753686
.key=Elabel, rpc_port=50007, msg_que_id=229382
.key=SecurityEnhance, rpc_port=50026, msg_que_id=851993
.key=VRDUpgradeMgntAssist, rpc_port=50008, msg_que_id=262151
.key=InsertStatusLedCtrl, rpc_port=50009, msg_que_id=294920
.key=ResidentStorageMgnt, rpc_port=50016, msg_que_id=524303
.key=_NetConfig, rpc_port=50028, msg_que_id=917531
.key=LicenseGeneralInfo, rpc_port=50002, msg_que_id=65537
.key=DftStatus, rpc_port=50011, msg_que_id=360458
.key=NTP, rpc_port=50023, msg_que_id=753686
.key=Com, rpc_port=50025, msg_que_id=819224
.key=NoDevTest, rpc_port=50009, msg_que_id=294920
.key=MngtPortCap, rpc_port=50028, msg_que_id=917531
.key=USBPortSwitch, rpc_port=50023, msg_que_id=753686
.key=IpmbEth, rpc_port=50025, msg_que_id=819224
.key=SLIMCable, rpc_port=50016, msg_que_id=524303
.key=Modbus, rpc_port=50014, msg_que_id=458765
.key=IsMemBoard, rpc_port=50014, msg_que_id=458765
.key=ExternalRefInfo, rpc_port=50015, msg_que_id=491534
.key=AccessorUpdateAction, rpc_port=50008, msg_que_id=262151
.key=ProxyKvm, rpc_port=50018, msg_que_id=589841
.key=ChipUpgradeByI2C, rpc_port=50008, msg_que_id=262151
=====================other info=============================
ipmi app rpc port=50025
dft app rpc port=50011
my rpc port=50016
my ipc id=524303
sync sem4 id=32768
module id=17
=============================client end==========================
=====================class info============================
--------------------- Connector           -----------------
--------------------- Hdd                 -----------------
listened       : Id: 491534, 229382, 
               : ReplaceFlag: 294920, 
               : Presence: 294920, 
               : RebuildState: 294920, 
--------------------- Bios                -----------------
listened       : SystemStartupState: 491534, 917531, 
               : PcieCardBDF: 458765, 
               : PcieDiskBDF: 458765, 
               : OCPCardBDF: 458765, 
               : MenuChangeFlag: 458765, 
               : BiosBootStage: 458765, 
               : BiosPwdMasterKeyId: 851993, 
               : StartOption: 131075, 
--------------------- BMC                 -----------------
listened       : HostName: 589841, 163844, 917531, 294920, 
               : CustomManufacturer: 655379, 
--------------------- DbdCfgContBin       -----------------
--------------------- LogicalDrive        -----------------
--------------------- Anchor              -----------------
--------------------- LogicalDriveAlertInfo-----------------
--------------------- SmBios              -----------------
listened       : SmBiosStatus: 491534, 393227, 262151, 458765, 131075, 
               : FileChange: 557072, 
--------------------- SASExpander         -----------------
--------------------- SMS                 -----------------
listened       : BoBChannelType: 589841, 819224, 917531, 950300, 
               : IPAddr: 655379, 294920, 
               : Port: 655379, 950300, 
               : RegisterState: 655379, 
               : MinPort: 294920, 
               : MaxPort: 294920, 
               : UpdateStatus: 524303, 
               : CdevChannelEnabled: 950300, 
--------------------- StorageCfgCustomize -----------------
--------------------- SASPHYStatus        -----------------
--------------------- BOARD               -----------------
listened       : SlotId: 753686, 917531, 
--------------------- ComputerSystem      -----------------
listened       : iBMAEvent: 294920, 
--------------------- Payload             -----------------
listened       : SysResetFlag: 32768, 491534, 262151, 425996, 557072, 458765, 786455, 294920, 327689, 524303, 131075, 
               : ChassisPowerState: 491534, 262151, 425996, 557072, 458765, 786455, 720917, 294920, 327689, 524303, 131075, 
               : ResetFlag: 491534, 425996, 557072, 458765, 786455, 327689, 524303, 294920, 
               : RestartValue: 425996, 294920, 
               : AcpiStatus: 720917, 
               : BoardStableStatus: 819224, 
               : AcpiValue: 294920, 
               : PwrOkSigDrop: 294920, 
               : PwrButtonFlag: 294920, 
               : PowerGd: 688148, 
--------------------- ExtendSASCable      -----------------
--------------------- RaidChip            -----------------
--------------------- Wave                -----------------
--------------------- Pca9545             -----------------
--------------------- SLIMCable           -----------------
--------------------- DftItem             -----------------
--------------------- VariantExpression   -----------------
--------------------- VPD                 -----------------
--------------------- SASCableConfig      -----------------
--------------------- SASCable            -----------------
--------------------- Log                 -----------------
--------------------- DataAcquisitionService-----------------
--------------------- MainBoard           -----------------
listened       : Health: 294920, 
--------------------- Bus                 -----------------
--------------------- Fru                 -----------------
--------------------- Accessor            -----------------
--------------------- I2c                 -----------------
--------------------- RaidController      -----------------
--------------------- Elabel              -----------------
listened       : BoardSerialNumber: 65537, 294920, 
               : MfgDateTime: 753686, 
               : ProductAssetTag: 294920, 
               : ChassisSerialNumber: 294920, 
--------------------- ResidentStorageMgnt -----------------
--------------------- BBU                 -----------------
listened       : Present: 294920, 
--------------------- HDDBackplane        -----------------
listened       : ReplaceFlag: 294920, 
--------------------- DiskArray           -----------------
--------------------- HDDLocationStatus   -----------------
--------------------- StorageDiagnose     -----------------
--------------------- PcieHddRemoveMonitor-----------------
--------------------- Chip                -----------------
--------------------- RegMonitor          -----------------
listened       : MonSenValue: 294920, 
--------------------- DbdCfgCont          -----------------
--------------------- SLIMCableConfig     -----------------
--------------------- Expression          -----------------
listened       : Value: 294920, 
--------------------- PCIeDisk            -----------------
--------------------- DiskSubArray        -----------------
--------------------- MassStorage         -----------------
listened       : Health: 294920, 
--------------------- PMEServiceConfig    -----------------
listened       : BoardInfoCollectEnable: 753686, 
--------------------- PRODUCT             -----------------
listened       : SessionTokenLength: 327689, 
--------------------- LocalBusMix         -----------------
--------------------- Component           -----------------
listened       : Health: 294920, 
=====================fwrite info============================
fm sync fwrite cnt: 0
log fwrite cnt: 0
fm setcontent fwrite cnt: 0
