==========================object===========================
----------------- MutualAuthenticationRootCert1 -----------
ref count      : 1
.CRLFilePath    : listened by port : 589841, 
.hashId         : listened by port : 589841, 
.hashValue      : listened by port : 589841, 
----------------- MutualAuthenticationRootCert14-----------
ref count      : 1
.CRLFilePath    : listened by port : 589841, 
.hashId         : listened by port : 589841, 
.hashValue      : listened by port : 589841, 
----------------- MutualAuthenticationRootCert:C-----------
ref count      : 1
----------------- EthGroup0                     -----------
ref count      : 1
.IpMode         : listened by port : 753686, 851993, 
.VlanState      : listened by port : 917531, 
.SLAACIpv6Addr  : recv event count: 1 : listened by port : 917531, 589841, 
.Ipv6Addr       : listened by port : 917531, 851993, 589841, 
.SubnetMask     : listened by port : 851993, 
.Ipv6Mode       : listened by port : 753686, 851993, 
.Type           : recv event count: 1 : listened by port : 917531, 589841, 
.ActivePort     : listened by port : 917531, 589841, 
.IpVersion      : listened by port : 851993, 589841, 
.NetMode        : listened by port : 917531, 
.Ipv6LocalLink  : listened by port : 917531, 589841, 
.VlanID         : listened by port : 917531, 
.Ipv6DefaultGateway : listened by port : 851993, 
.Ipv6Prefix     : listened by port : 851993, 
.DefaultGateway : listened by port : 851993, 
.IpAddr         : listened by port : 917531, 851993, 819224, 589841, 
----------------- ProxyVideo:C                  -----------
ref count      : 1
----------------- User8                         -----------
ref count      : 1
.Privilege      : listened by port : 851993, 
.IsUserEnable   : listened by port : 851993, 
.SnmpPrivProtocol : recv event count: 1 : listened by port : 589841, 
.PassWord       : listened by port : 851993, 
----------------- PortConfig:C                  -----------
ref count      : 1
----------------- RootKey                       -----------
ref count      : 1
.WorkKey        : recv event count: 1 : listened by port : 131075, 851993, 294920, 655379, 589841, 
----------------- MutualAuthenticationRootCert2 -----------
ref count      : 1
.CRLFilePath    : listened by port : 589841, 
.hashId         : listened by port : 589841, 
.hashValue      : listened by port : 589841, 
----------------- MutualAuthenticationRootCert15-----------
ref count      : 1
.CRLFilePath    : listened by port : 589841, 
.hashId         : listened by port : 589841, 
.hashValue      : listened by port : 589841, 
----------------- WEBHTTP                       -----------
ref count      : 1
.State          : listened by port : 950300, 917531, 851993, 589841, 
.Port           : listened by port : 950300, 917531, 851993, 589841, 
----------------- log_0                         -----------
ref count      : 1
----------------- SSLCert10                     -----------
ref count      : 1
.SSLMasterKeyId : listened by port : 851993, 
.CertStatus     : listened by port : 589841, 
----------------- User9                         -----------
ref count      : 1
.Privilege      : listened by port : 851993, 
.IsUserEnable   : listened by port : 851993, 
.SnmpPrivProtocol : recv event count: 1 : listened by port : 589841, 
.PassWord       : listened by port : 851993, 
----------------- UpgradeFileWorkKey            -----------
ref count      : 1
.WorkKey        : recv event count: 1 : listened by port : 131075, 851993, 294920, 655379, 589841, 
----------------- SMS:C                         -----------
ref count      : 1
----------------- MutualAuthenticationRootCert3 -----------
ref count      : 1
.CRLFilePath    : listened by port : 589841, 
.hashId         : listened by port : 589841, 
.hashValue      : listened by port : 589841, 
----------------- MutualAuthenticationRootCert16-----------
ref count      : 1
.CRLFilePath    : listened by port : 589841, 
.hashId         : listened by port : 589841, 
.hashValue      : listened by port : 589841, 
----------------- ProxyKvm0                     -----------
ref count      : 1
.LocalKVMState  : listened by port : 131075, 
.Port           : listened by port : 131075, 
.KvmTimeout     : listened by port : 131075, 
.State          : listened by port : 131075, 
.ScreenSwitch   : listened by port : 131075, 
----------------- EthGroup2                     -----------
ref count      : 1
.IpMode         : listened by port : 753686, 851993, 
.VlanState      : listened by port : 917531, 
.SLAACIpv6Addr  : listened by port : 917531, 589841, 
.Ipv6Addr       : listened by port : 917531, 851993, 589841, 
.SubnetMask     : listened by port : 851993, 
.Ipv6Mode       : listened by port : 753686, 851993, 
.Type           : listened by port : 917531, 589841, 
.ActivePort     : listened by port : 917531, 589841, 
.IpVersion      : listened by port : 851993, 589841, 
.NetMode        : listened by port : 917531, 
.Ipv6LocalLink  : listened by port : 917531, 589841, 
.VlanID         : listened by port : 917531, 
.Ipv6DefaultGateway : listened by port : 851993, 
.Ipv6Prefix     : listened by port : 851993, 
.DefaultGateway : listened by port : 851993, 
.IpAddr         : listened by port : 917531, 851993, 819224, 589841, 
----------------- SecurityEnhance:C             -----------
ref count      : 1
----------------- PRODUCT                       -----------
ref count      : 1
.SessionTokenLength : listened by port : 327689, 
----------------- ProxyVideo0                   -----------
ref count      : 1
.State          : listened by port : 131075, 
.Port           : listened by port : 131075, 
----------------- ProxyKvm:C                    -----------
ref count      : 1
----------------- Upgrade:C                     -----------
ref count      : 1
----------------- SSHDWorkKey                   -----------
ref count      : 1
.WorkKey        : recv event count: 1 : listened by port : 131075, 851993, 294920, 655379, 589841, 
----------------- MutualAuthenticationRootCert4 -----------
ref count      : 1
.CRLFilePath    : listened by port : 589841, 
.hashId         : listened by port : 589841, 
.hashValue      : listened by port : 589841, 
----------------- User11                        -----------
ref count      : 1
.Privilege      : listened by port : 851993, 
.IsUserEnable   : listened by port : 851993, 
.SnmpPrivProtocol : recv event count: 1 : listened by port : 589841, 
.PassWord       : listened by port : 851993, 
----------------- EthGroup:C                    -----------
ref count      : 1
----------------- SSLCert11                     -----------
ref count      : 1
.SSLMasterKeyId : listened by port : 851993, 
.CertStatus     : listened by port : 589841, 
----------------- SSLCert12                     -----------
ref count      : 1
.SSLMasterKeyId : listened by port : 851993, 
.CertStatus     : listened by port : 589841, 
----------------- User10                        -----------
ref count      : 1
.Privilege      : listened by port : 851993, 
.IsUserEnable   : listened by port : 851993, 
.SnmpPrivProtocol : recv event count: 1 : listened by port : 589841, 
.PassWord       : listened by port : 851993, 
----------------- PMEServiceConfig              -----------
ref count      : 1
.BoardInfoCollectEnable : listened by port : 753686, 
----------------- DNSSetting:C                  -----------
ref count      : 1
----------------- SSL                           -----------
ref count      : 1
.SSLMasterKeyId : listened by port : 851993, 
.CertStatus     : listened by port : 589841, 
----------------- IssuerSSL                     -----------
ref count      : 1
.SSLMasterKeyId : listened by port : 851993, 
.CertStatus     : listened by port : 589841, 
----------------- MutualAuthenticationRootCert5 -----------
ref count      : 1
.CRLFilePath    : listened by port : 589841, 
.hashId         : listened by port : 589841, 
.hashValue      : listened by port : 589841, 
----------------- BMC:C                         -----------
ref count      : 1
----------------- User12                        -----------
ref count      : 1
.Privilege      : listened by port : 851993, 
.IsUserEnable   : listened by port : 851993, 
.SnmpPrivProtocol : recv event count: 1 : listened by port : 589841, 
.PassWord       : listened by port : 851993, 
----------------- Upgrade                       -----------
ref count      : 1
.UpgradeFileMasterKeyId : listened by port : 851993, 
.Degrade        : listened by port : 557072, 
.UpgradedFlag   : listened by port : 753686, 131075, 851993, 294920, 425996, 655379, 589841, 
.PreRollbackFlag : listened by port : 753686, 131075, 851993, 294920, 425996, 655379, 589841, 
----------------- IpmiPwdWorkKey                -----------
ref count      : 1
.WorkKey        : recv event count: 1 : listened by port : 131075, 851993, 294920, 655379, 589841, 
----------------- TrapCommWorkKey               -----------
ref count      : 1
.WorkKey        : recv event count: 1 : listened by port : 131075, 851993, 294920, 655379, 589841, 
----------------- SSLCert13                     -----------
ref count      : 1
.SSLMasterKeyId : listened by port : 851993, 
.CertStatus     : listened by port : 589841, 
----------------- SnmpCommWorkKey               -----------
ref count      : 1
.WorkKey        : recv event count: 1 : listened by port : 131075, 851993, 294920, 655379, 589841, 
----------------- EncryptKey:C                  -----------
ref count      : 1
----------------- MutualAuthenticationRootCert6 -----------
ref count      : 1
.CRLFilePath    : listened by port : 589841, 
.hashId         : listened by port : 589841, 
.hashValue      : listened by port : 589841, 
----------------- Kvm0                          -----------
ref count      : 1
----------------- User13                        -----------
ref count      : 1
.Privilege      : listened by port : 851993, 
.IsUserEnable   : listened by port : 851993, 
.SnmpPrivProtocol : recv event count: 1 : listened by port : 589841, 
.PassWord       : listened by port : 851993, 
----------------- User1                         -----------
ref count      : 1
.Privilege      : listened by port : 851993, 
.IsUserEnable   : listened by port : 851993, 
.SnmpPrivProtocol : recv event count: 1 : listened by port : 589841, 
.PassWord       : listened by port : 851993, 
----------------- ProxyVmm0                     -----------
ref count      : 1
.Port           : listened by port : 131075, 
.EncryptState   : listened by port : 131075, 
.State          : listened by port : 131075, 
----------------- Eth:C                         -----------
ref count      : 1
----------------- LDAPWorkKey                   -----------
ref count      : 1
.WorkKey        : recv event count: 1 : listened by port : 131075, 851993, 294920, 655379, 589841, 
----------------- SSLCert4                      -----------
ref count      : 1
.SSLMasterKeyId : listened by port : 851993, 
.CertStatus     : listened by port : 589841, 
----------------- MutualAuthenticationRootCert7 -----------
ref count      : 1
.CRLFilePath    : listened by port : 589841, 
.hashId         : listened by port : 589841, 
.hashValue      : listened by port : 589841, 
----------------- User14                        -----------
ref count      : 1
.Privilege      : listened by port : 851993, 
.IsUserEnable   : listened by port : 851993, 
.SnmpPrivProtocol : recv event count: 1 : listened by port : 589841, 
.PassWord       : listened by port : 851993, 
----------------- User2                         -----------
ref count      : 1
.Privilege      : listened by port : 851993, 
.IsUserEnable   : listened by port : 851993, 
.SnmpPrivProtocol : listened by port : 589841, 
.PassWord       : listened by port : 851993, 
----------------- User:C                        -----------
ref count      : 1
----------------- OwnerSSL                      -----------
ref count      : 1
.SSLMasterKeyId : listened by port : 851993, 
.CertStatus     : recv event count: 1 : listened by port : 589841, 
----------------- ProxyVmm:C                    -----------
ref count      : 1
----------------- Video0                        -----------
ref count      : 1
----------------- SSLCert5                      -----------
ref count      : 1
.SSLMasterKeyId : listened by port : 851993, 
.CertStatus     : listened by port : 589841, 
----------------- MutualAuthenticationRootCert8 -----------
ref count      : 1
.CRLFilePath    : listened by port : 589841, 
.hashId         : listened by port : 589841, 
.hashValue      : listened by port : 589841, 
----------------- User3                         -----------
ref count      : 1
.Privilege      : listened by port : 851993, 
.IsUserEnable   : listened by port : 851993, 
.SnmpPrivProtocol : recv event count: 1 : listened by port : 589841, 
.PassWord       : listened by port : 851993, 
----------------- User15                        -----------
ref count      : 1
.Privilege      : listened by port : 851993, 
.IsUserEnable   : listened by port : 851993, 
.SnmpPrivProtocol : recv event count: 1 : listened by port : 589841, 
.PassWord       : listened by port : 851993, 
----------------- Eth0                          -----------
ref count      : 1
.VlanID         : listened by port : 589841, 
----------------- Snmp                          -----------
ref count      : 1
.PortID         : listened by port : 917531, 
.PrivProtocol   : listened by port : 917531, 
.AuthProtocol   : listened by port : 917531, 
.OldEngineID    : listened by port : 851993, 
.SnmpCommMasterKeyId : listened by port : 851993, 
----------------- BIOSWorkKey                   -----------
ref count      : 1
.WorkKey        : recv event count: 1 : listened by port : 131075, 851993, 294920, 655379, 589841, 
----------------- MutualAuthenticationRootCert10-----------
ref count      : 1
.CRLFilePath    : listened by port : 589841, 
.hashId         : listened by port : 589841, 
.hashValue      : listened by port : 589841, 
----------------- MutualAuthentication:C        -----------
ref count      : 1
----------------- Eth1                          -----------
ref count      : 1
.VlanID         : listened by port : 589841, 
----------------- DNSSetting                    -----------
ref count      : 1
.DomainName     : listened by port : 589841, 
----------------- SnmpPrivacyPwdWorkKey         -----------
ref count      : 1
.WorkKey        : recv event count: 1 : listened by port : 131075, 851993, 294920, 655379, 589841, 
----------------- WEBHTTPS                      -----------
ref count      : 1
.State          : listened by port : 950300, 917531, 851993, 589841, 
.Port           : listened by port : 950300, 917531, 851993, 589841, 
----------------- MutualAuthenticationRootCert9 -----------
ref count      : 1
.CRLFilePath    : listened by port : 589841, 
.hashId         : listened by port : 589841, 
.hashValue      : listened by port : 589841, 
----------------- User16                        -----------
ref count      : 1
.Privilege      : listened by port : 851993, 
.IsUserEnable   : listened by port : 851993, 
.SnmpPrivProtocol : recv event count: 1 : listened by port : 589841, 
.PassWord       : listened by port : 851993, 
----------------- User4                         -----------
ref count      : 1
.Privilege      : listened by port : 851993, 
.IsUserEnable   : listened by port : 851993, 
.SnmpPrivProtocol : recv event count: 1 : listened by port : 589841, 
.PassWord       : listened by port : 851993, 
----------------- Vmm0                          -----------
ref count      : 1
----------------- MutualAuthenticationRootCert11-----------
ref count      : 1
.CRLFilePath    : listened by port : 589841, 
.hashId         : listened by port : 589841, 
.hashValue      : listened by port : 589841, 
----------------- PrivilegeAgent                -----------
ref count      : 1
----------------- Eth2                          -----------
ref count      : 1
.VlanID         : listened by port : 589841, 
----------------- PrivilegeAgent:C              -----------
ref count      : 1
----------------- SSLCert6                      -----------
ref count      : 1
.SSLMasterKeyId : listened by port : 851993, 
.CertStatus     : listened by port : 589841, 
----------------- User5                         -----------
ref count      : 1
.Privilege      : listened by port : 851993, 
.IsUserEnable   : listened by port : 851993, 
.SnmpPrivProtocol : recv event count: 1 : listened by port : 589841, 
.PassWord       : listened by port : 851993, 
----------------- User17                        -----------
ref count      : 1
.Privilege      : listened by port : 851993, 
.IsUserEnable   : listened by port : 851993, 
.SnmpPrivProtocol : recv event count: 1 : listened by port : 589841, 
.PassWord       : listened by port : 851993, 
----------------- PwdWorkKey                    -----------
ref count      : 1
.WorkKey        : recv event count: 1 : listened by port : 131075, 851993, 294920, 655379, 589841, 
----------------- SSLCert8                      -----------
ref count      : 1
.SSLMasterKeyId : listened by port : 851993, 
.CertStatus     : listened by port : 589841, 
----------------- SSL:C                         -----------
ref count      : 1
----------------- MutualAuthenticationRootCert12-----------
ref count      : 1
.CRLFilePath    : listened by port : 589841, 
.hashId         : listened by port : 589841, 
.hashValue      : listened by port : 589841, 
----------------- sms0                          -----------
ref count      : 1
.MinPort        : listened by port : 294920, 
.BoBChannelType : listened by port : 950300, 917531, 819224, 589841, 
.MaxPort        : listened by port : 294920, 
.IPAddr         : listened by port : 294920, 655379, 
.UpdateStatus   : listened by port : 524303, 
.CdevChannelEnabled : listened by port : 950300, 
.RegisterState  : listened by port : 655379, 
.Port           : listened by port : 950300, 655379, 
----------------- PMEServiceConfig:C            -----------
ref count      : 1
----------------- SSLCert7                      -----------
ref count      : 1
.SSLMasterKeyId : listened by port : 851993, 
.CertStatus     : listened by port : 589841, 
----------------- User6                         -----------
ref count      : 1
.Privilege      : listened by port : 851993, 
.IsUserEnable   : listened by port : 851993, 
.SnmpPrivProtocol : recv event count: 1 : listened by port : 589841, 
.PassWord       : listened by port : 851993, 
----------------- SecurityEnhance               -----------
ref count      : 1
.IpmiMasterKeyId : listened by port : 851993, 
.SystemLockDownStatus : listened by port : 819224, 655379, 
.CertOverdueWarnTime : listened by port : 753686, 
.MKUpdateInterval : listened by port : 851993, 
.BannerState    : listened by port : 851993, 
.RMCPCipherSuites : listened by port : 819224, 
.TLSVersion     : listened by port : 131075, 589841, 
.AntiDNSRebindStatus : listened by port : 589841, 
.SnmpPrivacyPwdMasterKeyId : listened by port : 851993, 
.SSLCipherSuites : listened by port : 589841, 
----------------- Snmp:C                        -----------
ref count      : 1
----------------- SSLCert9                      -----------
ref count      : 1
.SSLMasterKeyId : listened by port : 851993, 
.CertStatus     : listened by port : 589841, 
----------------- NTPWorkKey                    -----------
ref count      : 1
.WorkKey        : recv event count: 1 : listened by port : 131075, 851993, 294920, 655379, 589841, 
----------------- BMC                           -----------
ref count      : 1
.HostName       : listened by port : 294920, 917531, 163844, 589841, 
.CustomManufacturer : listened by port : 655379, 
----------------- veth                          -----------
ref count      : 1
.VlanID         : listened by port : 589841, 
----------------- MutualAuthenticationRootCert13-----------
ref count      : 1
.CRLFilePath    : listened by port : 589841, 
.hashId         : listened by port : 589841, 
.hashValue      : listened by port : 589841, 
----------------- RedfishWorkKey                -----------
ref count      : 1
.WorkKey        : recv event count: 1 : listened by port : 131075, 851993, 294920, 655379, 589841, 
----------------- User7                         -----------
ref count      : 1
.Privilege      : listened by port : 851993, 
.IsUserEnable   : listened by port : 851993, 
.SnmpPrivProtocol : recv event count: 1 : listened by port : 589841, 
.PassWord       : listened by port : 851993, 
----------------- MutualAuthentication          -----------
ref count      : 1
.MutualAuthenticationOCSP : listened by port : 851993, 589841, 
.MutualAuthenticationState : listened by port : 851993, 589841, 
.MutualAuthenticationCRL : listened by port : 589841, 
----------------- SSH                           -----------
ref count      : 1
.State          : listened by port : 950300, 917531, 851993, 589841, 
.Port           : listened by port : 950300, 917531, 851993, 589841, 
----------------- SmtpPwdWorkKey                -----------
ref count      : 1
.WorkKey        : recv event count: 1 : listened by port : 131075, 851993, 294920, 655379, 589841, 
=====================method info=============================
key=Snmp.GetSnmpUserHexInfo
input para list:
output para list:
ay i 
key=Snmp.SetRWCommunityState
input para list:
y output para list:

key=PrivilegeAgent.CreateFile
input para list:
s s u u u output para list:

key=ProxyVmm.SetPort
input para list:
i output para list:

key=ProxyKvm.SetKvmTimeout
input para list:
i output para list:

key=ProxyVideo.SetState
input para list:
y output para list:

key=Snmp.SetSnmpUserPrivilege
input para list:
s y output para list:

key=Snmp.DelSnmpUserName
input para list:
s output para list:

key=Snmp.GetSnmpUserInfo
input para list:
output para list:
ay i 
key=ProxyVmm.SetState
input para list:
y output para list:

key=PrivilegeAgent.SendRecvMsgWithM3
input para list:
ay q output para list:
ay 
key=ProxyVideo.SetPort
input para list:
i output para list:

key=PrivilegeAgent.CopyFile
input para list:
s s u u u output para list:

key=Snmp.SetSnmpRWCommunity
input para list:
s output para list:

key=Snmp.SetsysName
input para list:
s output para list:

key=Snmp.AddSnmpUserPassword
input para list:
s s s output para list:

key=PrivilegeAgent.RevertFileOwn
input para list:
s u u output para list:

key=Snmp.SetSnmpVersionState
input para list:
y y output para list:

key=PrivilegeAgent.ModifyFileMode
input para list:
s u output para list:

key=Snmp.SetSnmpUserPassword
input para list:
s s s output para list:

key=Snmp.SetSnmpPortID
input para list:
i output para list:

key=ProxyVmm.DriverOperation
input para list:
y output para list:

key=Snmp.SetSnmpPrivProtocol
input para list:
y output para list:

key=Snmp.DelSnmpUserPassword
input para list:
s output para list:

key=Snmp.SetSnmpV3VersionState
input para list:
y output para list:

key=ProxyKvm.SetLocalKVMState
input para list:
y output para list:

key=PrivilegeAgent.DeleteFile
input para list:
s output para list:

key=ProxyVmm.SetEncryptState
input para list:
i output para list:

key=Snmp.SetSnmpV2CVersionState
input para list:
y output para list:

key=PrivilegeAgent.ModifyFileOwn
input para list:
s u u output para list:

key=Snmp.DeleteNoAccessSnmpUser
input para list:
s output para list:

key=Snmp.SetLongPasswordEnable
input para list:
y output para list:

key=PrivilegeAgent.CheckDir
input para list:
s output para list:

key=Snmp.SetSnmpROCommunity
input para list:
s output para list:

key=Snmp.SetHostNameSyncFlag
input para list:
y output para list:

key=Snmp.SetSNMPV1V2CPermitRuleIds
input para list:
y output para list:
i 
key=Snmp.SetSnmpState
input para list:
y output para list:

key=Snmp.RebootSnmp
input para list:
output para list:

key=Snmp.SetsysContact
input para list:
s output para list:

key=Snmp.AddSnmpUserName
input para list:
s output para list:

key=ProxyVmm.FormatDevice
input para list:
s s output para list:

key=Snmp.SetIsUpdateEngineID
input para list:
y output para list:

key=Snmp.UpdateSnmpCommCiphertext
input para list:
u output para list:

key=Snmp.UpdateSnmpPasswordByRename
input para list:
s s output para list:

key=ProxyKvm.SetState
input para list:
y output para list:

key=Snmp.SetSnmpAuthProtocol
input para list:
y output para list:

key=Snmp.PropertySyncMethod
input para list:
* output para list:
* 
key=Snmp.SetSnmpV1VersionState
input para list:
y output para list:

key=SSL.DecryptCert
input para list:
s y output para list:

key=Snmp.CompareSnmpUserPassword
input para list:
s s s output para list:

key=ProxyKvm.SetPort
input para list:
i output para list:

key=Snmp.SetsysLocation
input para list:
s output para list:

key=ProxyKvm.SetScreenSwitch
input para list:
* y output para list:

key=Snmp.connect_to_cli
input para list:
s s output para list:

key=Snmp.dlog_outype
input para list:
s output para list:

key=Snmp.deconnect_to_cli
input para list:
s output para list:

key=Snmp.set_trace_cfg
input para list:
s output para list:

key=Snmp.dlog_outlvl
input para list:
s output para list:

key=Snmp.save_dlog_cfg
input para list:
output para list:

=====================listen info=============================
my ipc id=589841
key=<MutualAuthenticationRootCert.hashId, handler=0xaaaacbe01d58, state=0
key=<PortConfig.Port, handler=0xaaaacbe038c8, state=0
key=<EthGroup.SLAACIpv6Addr, handler=0xaaaacbe02550, state=1
key=<SecurityEnhance.SSLCipherSuites, handler=0xaaaacbe02158, state=0
key=<Upgrade.UpgradedFlag, handler=0xaaaacbdeff30, state=0
key=<EthGroup.ActivePort, handler=0xaaaacbe02550, state=0
key=<ASM.AsStatus, handler=0xaaaacbe02550, state=0
key=<EthGroup.IpVersion, handler=0xaaaacbe02550, state=0
key=<USBMgmt.USBNetworkIpAddr, handler=0xaaaacbe02550, state=0
key=<MutualAuthenticationRootCert.hashValue, handler=0xaaaacbe01d58, state=0
key=<SecurityEnhance.AntiDNSRebindStatus, handler=0xaaaacbe028c0, state=0
key=<SecurityEnhance.TLSVersion, handler=0xaaaacbe038c8, state=0
key=<MutualAuthentication.MutualAuthenticationState, handler=0xaaaacbe038c8, state=0
key=<EthGroup.Type, handler=0xaaaacbe02550, state=1
key=<MutualAuthenticationRootCert.CRLFilePath, handler=0xaaaacbe01d58, state=0
key=<DNSSetting.DomainName, handler=0xaaaacbe028c0, state=0
key=<BMC.HostName, handler=0xaaaacbe028c0, state=0
key=<MutualAuthentication.MutualAuthenticationOCSP, handler=0xaaaacbe038c8, state=0
key=<Upgrade.PreRollbackFlag, handler=0xaaaacbdeff30, state=0
key=<MutualAuthentication.MutualAuthenticationCRL, handler=0xaaaacbe038c8, state=0
key=<User.SnmpPrivProtocol, handler=0xaaaacbdef620, state=1
key=<PortConfig.State, handler=0xaaaacbe038c8, state=0
key=<SSL.CertStatus, handler=0xaaaacbe029c8, state=1
key=<SMS.BoBChannelType, handler=0xaaaacbe02550, state=0
key=<Eth.VlanID, handler=0xaaaacbe038c8, state=0
key=<EthGroup.IpAddr, handler=0xaaaacbe02550, state=0
key=<EthGroup.Ipv6Addr, handler=0xaaaacbe02550, state=0
key=<EncryptKey.WorkKey, handler=0xaaaacbdef7b0, state=1
key=<EthGroup.Ipv6LocalLink, handler=0xaaaacbe02550, state=0
=====================route info=============================
.key=VariantExpression, rpc_port=50023, msg_que_id=753686
.key=CafeDev, rpc_port=50007, msg_que_id=229382
.key=IPMIMessageFilter, rpc_port=50025, msg_que_id=819224
.key=PRODUCT, rpc_port=50023, msg_que_id=753686
.key=BOARD, rpc_port=50023, msg_que_id=753686
.key=GPUBoard, rpc_port=50014, msg_que_id=458765
.key=VirOpticalModule, rpc_port=50028, msg_que_id=917531
.key=IpmbAddr, rpc_port=50025, msg_que_id=819224
.key=CoolingCondition, rpc_port=50021, msg_que_id=688148
.key=SysPower, rpc_port=50024, msg_que_id=786455
.key=CpuBoard, rpc_port=50014, msg_que_id=458765
.key=PcieHddRemoveMonitor, rpc_port=50016, msg_que_id=524303
.key=VRDAction, rpc_port=50008, msg_que_id=262151
.key=EnergySaving, rpc_port=50017, msg_que_id=557072
.key=PIPE, rpc_port=50015, msg_que_id=491534
.key=PasswdSetting, rpc_port=50026, msg_que_id=851993
.key=FdmWebConfig, rpc_port=50015, msg_que_id=491534
.key=SpecialPcieCard, rpc_port=50028, msg_que_id=917531
.key=RedfishEventService, rpc_port=50020, msg_que_id=655379
.key=LicenseManage, rpc_port=50002, msg_que_id=65537
.key=AccelerateCard, rpc_port=50014, msg_que_id=458765
.key=PCIeSDICard, rpc_port=50014, msg_que_id=458765
.key=PcieRetimer, rpc_port=50001, msg_que_id=32768
.key=PTASPolicy, rpc_port=50021, msg_que_id=688148
.key=EventMonitor, rpc_port=50009, msg_que_id=294920
.key=VirtualWire, rpc_port=50023, msg_que_id=753686
.key=SmtpConfig, rpc_port=50009, msg_que_id=294920
.key=PowerMgnt, rpc_port=50024, msg_que_id=786455
.key=HwMBAddrAllocMgmt, rpc_port=50014, msg_que_id=458765
.key=MeInfo, rpc_port=50017, msg_que_id=557072
.key=MutualAuthenticationCliCert, rpc_port=50023, msg_que_id=753686
.key=FANBoard, rpc_port=50014, msg_que_id=458765
.key=SystemManagerInfo, rpc_port=50023, msg_que_id=753686
.key=SensorShortTermSpecMonitor, rpc_port=50009, msg_que_id=294920
.key=SASCable, rpc_port=50016, msg_que_id=524303
.key=DevTest, rpc_port=50009, msg_que_id=294920
.key=NandInfo, rpc_port=50023, msg_que_id=753686
.key=EventDescpCfgToHmm, rpc_port=50009, msg_que_id=294920
.key=UserRole, rpc_port=50026, msg_que_id=851993
.key=SilkTemplate, rpc_port=50017, msg_que_id=557072
.key=Retimer, rpc_port=50014, msg_que_id=458765
.key=SyslogConfig, rpc_port=50009, msg_que_id=294920
.key=ProxyVideo, rpc_port=50018, msg_que_id=589841
.key=SmmFanFirmware, rpc_port=50008, msg_que_id=262151
.key=SSDPCtrlPtConfig, rpc_port=50019, msg_que_id=622610
.key=ResidentNetConfig, rpc_port=50028, msg_que_id=917531
.key=KvmLink, rpc_port=50004, msg_que_id=131075
.key=MasterSMM, rpc_port=50023, msg_que_id=753686
.key=ComputerSystem, rpc_port=50010, msg_que_id=327689
.key=LocalPcieCard, rpc_port=50014, msg_que_id=458765
.key=VPD, rpc_port=50016, msg_que_id=524303
.key=ComponentInfo, rpc_port=50017, msg_que_id=557072
.key=LSWConfig, rpc_port=50028, msg_que_id=917531
.key=AlertFilter, rpc_port=50009, msg_que_id=294920
.key=ModbusAddrAllocMgmt, rpc_port=50014, msg_que_id=458765
.key=Cooling, rpc_port=50021, msg_que_id=688148
.key=FANClass, rpc_port=50021, msg_que_id=688148
.key=HDDBackplane, rpc_port=50014, msg_que_id=458765
.key=ChipFirmwareMgnt, rpc_port=50008, msg_que_id=262151
.key=DftItem, rpc_port=50011, msg_que_id=360458
.key=Stateless, rpc_port=50028, msg_que_id=917531
.key=PcieAddrInfo, rpc_port=50015, msg_que_id=491534
.key=DftAction, rpc_port=50011, msg_que_id=360458
.key=ConditionTask, rpc_port=50009, msg_que_id=294920
.key=ExpBoard, rpc_port=50014, msg_que_id=458765
.key=OpaMezzInfo, rpc_port=50014, msg_que_id=458765
.key=SyslogItemCfg, rpc_port=50009, msg_que_id=294920
.key=ThresholdAssert, rpc_port=50009, msg_que_id=294920
.key=SolLink, rpc_port=50025, msg_que_id=819224
.key=MainBoard, rpc_port=50014, msg_que_id=458765
.key=IOBoard, rpc_port=50014, msg_que_id=458765
.key=_Snmp, rpc_port=50018, msg_que_id=589841
.key=SecurityModule, rpc_port=50014, msg_que_id=458765
.key=LLDPConfig, rpc_port=50028, msg_que_id=917531
.key=BBUModule, rpc_port=50024, msg_que_id=786455
.key=LeakageDetectionCard, rpc_port=50014, msg_que_id=458765
.key=SmtpItemCfg, rpc_port=50009, msg_que_id=294920
.key=DataAcquisitionMetric, rpc_port=50015, msg_que_id=491534
.key=RaidController, rpc_port=50016, msg_que_id=524303
.key=PMEServiceConfig, rpc_port=50023, msg_que_id=753686
.key=Memory, rpc_port=50017, msg_que_id=557072
.key=LicenseFeatureKey, rpc_port=50002, msg_que_id=65537
.key=VoltMonitor, rpc_port=50009, msg_que_id=294920
.key=PSUGroup, rpc_port=50024, msg_que_id=786455
.key=OemSdr, rpc_port=50009, msg_que_id=294920
.key=NPU, rpc_port=50017, msg_que_id=557072
.key=DiskSubArray, rpc_port=50016, msg_que_id=524303
.key=CollectPropertyDefinition, rpc_port=50023, msg_que_id=753686
.key=_card_manage, rpc_port=50014, msg_que_id=458765
.key=Action, rpc_port=50008, msg_que_id=262151
.key=OnePower, rpc_port=50024, msg_que_id=786455
.key=Kvm, rpc_port=50004, msg_que_id=131075
.key=DiscreteSensor, rpc_port=50009, msg_que_id=294920
.key=ThresholdSensorMonitor, rpc_port=50009, msg_que_id=294920
.key=CertMonitor, rpc_port=50023, msg_que_id=753686
.key=Pex8796, rpc_port=50001, msg_que_id=32768
.key=LicenseSaleInfo, rpc_port=50002, msg_que_id=65537
.key=PortMapping, rpc_port=50028, msg_que_id=917531
.key=RawEepromFruDev, rpc_port=50007, msg_que_id=229382
.key=_kvm_vmm, rpc_port=50004, msg_que_id=131075
.key=EnergySavingCfgItem, rpc_port=50017, msg_que_id=557072
.key=CpuStatistic, rpc_port=50017, msg_que_id=557072
.key=CompositionSetting, rpc_port=50001, msg_que_id=32768
.key=PsSleep, rpc_port=50024, msg_que_id=786455
.key=SysBattery, rpc_port=50024, msg_que_id=786455
.key=Pex9765, rpc_port=50001, msg_que_id=32768
.key=PermitRule, rpc_port=50026, msg_que_id=851993
.key=BMC, rpc_port=50023, msg_que_id=753686
.key=Snmp, rpc_port=50018, msg_que_id=589841
.key=VoltTest, rpc_port=50009, msg_que_id=294920
.key=LedPanel, rpc_port=50009, msg_que_id=294920
.key=EthFunction, rpc_port=50028, msg_que_id=917531
.key=_PowerMgnt, rpc_port=50024, msg_que_id=786455
.key=PowerCapping, rpc_port=50024, msg_que_id=786455
.key=RegAction, rpc_port=50014, msg_que_id=458765
.key=_ddns, rpc_port=50005, msg_que_id=163844
.key=M2TransformCard, rpc_port=50014, msg_que_id=458765
.key=SmBios, rpc_port=50013, msg_que_id=425996
.key=SensorOemConfig, rpc_port=50009, msg_que_id=294920
.key=Bios, rpc_port=50013, msg_que_id=425996
.key=McdlSdr, rpc_port=50009, msg_que_id=294920
.key=PMBusTempMonitor, rpc_port=50009, msg_que_id=294920
.key=DiskSlotInfo, rpc_port=50014, msg_que_id=458765
.key=LDAP, rpc_port=50023, msg_que_id=753686
.key=PassThroughCard, rpc_port=50014, msg_que_id=458765
.key=ReserveChanTest, rpc_port=50011, msg_que_id=360458
.key=RedfishEvtSubscription, rpc_port=50020, msg_que_id=655379
.key=Watchdog2, rpc_port=50022, msg_que_id=720917
.key=LedDispElmt_S, rpc_port=50009, msg_que_id=294920
.key=TransferFileInfo, rpc_port=50023, msg_que_id=753686
.key=PsuSlot, rpc_port=50024, msg_que_id=786455
.key=FruPayload, rpc_port=50022, msg_que_id=720917
.key=VMDCondition, rpc_port=50023, msg_que_id=753686
.key=_User, rpc_port=50026, msg_que_id=851993
.key=BoardInfoCollectCfg, rpc_port=50023, msg_que_id=753686
.key=Policy1Class, rpc_port=50021, msg_que_id=688148
.key=NetCard, rpc_port=50014, msg_que_id=458765
.key=Sel, rpc_port=50009, msg_que_id=294920
.key=ProductComponent, rpc_port=50023, msg_que_id=753686
.key=SLIMCableConfig, rpc_port=50016, msg_que_id=524303
.key=CfgMgnt, rpc_port=50003, msg_que_id=98306
.key=RiserPcieCard, rpc_port=50014, msg_que_id=458765
.key=OpticalModule, rpc_port=50028, msg_que_id=917531
.key=NPUHistoryECCInfo, rpc_port=50017, msg_que_id=557072
.key=RepeaterMgnt, rpc_port=50014, msg_que_id=458765
.key=ChipValueChecker, rpc_port=50009, msg_que_id=294920
.key=_net_nat, rpc_port=50029, msg_que_id=950300
.key=IPMIChannel, rpc_port=50025, msg_que_id=819224
.key=OscaPcieCard, rpc_port=50014, msg_que_id=458765
.key=LedDispElmt_RP, rpc_port=50009, msg_que_id=294920
.key=EventPolicy, rpc_port=50009, msg_que_id=294920
.key=iBMAUSBMassStorage, rpc_port=50004, msg_que_id=131075
.key=NvGPUAction, rpc_port=50014, msg_que_id=458765
.key=DiskArray, rpc_port=50016, msg_que_id=524303
.key=OscaPort, rpc_port=50013, msg_que_id=425996
.key=RmcpConfig, rpc_port=50025, msg_que_id=819224
.key=SASPHYStatus, rpc_port=50016, msg_que_id=524303
.key=SMMPCIeInfo, rpc_port=50014, msg_que_id=458765
.key=OCPCard, rpc_port=50014, msg_que_id=458765
.key=VirtualHDDBackplane, rpc_port=50014, msg_que_id=458765
.key=ProxyVmm, rpc_port=50018, msg_que_id=589841
.key=VmseChannel, rpc_port=50017, msg_que_id=557072
.key=HinicFirmware, rpc_port=50008, msg_que_id=262151
.key=MatchRegValue, rpc_port=50001, msg_que_id=32768
.key=Warning, rpc_port=50009, msg_que_id=294920
.key=Contact, rpc_port=50023, msg_que_id=753686
.key=Session, rpc_port=50026, msg_que_id=851993
.key=ExtendPcieCard, rpc_port=50014, msg_que_id=458765
.key=MaxValueMonitor, rpc_port=50009, msg_que_id=294920
.key=BusinessPort, rpc_port=50028, msg_que_id=917531
.key=CLASSFANTYPE, rpc_port=50021, msg_que_id=688148
.key=ButtonTest, rpc_port=50011, msg_que_id=360458
.key=SdrDev, rpc_port=50009, msg_que_id=294920
.key=SSDPConfig, rpc_port=50019, msg_que_id=622610
.key=BoardPower, rpc_port=50024, msg_que_id=786455
.key=PCIeSSDCard, rpc_port=50014, msg_que_id=458765
.key=USBMassStorage, rpc_port=50004, msg_que_id=131075
.key=MassStorage, rpc_port=50016, msg_que_id=524303
.key=TrapConfig, rpc_port=50009, msg_que_id=294920
.key=BIOSEvent, rpc_port=50009, msg_que_id=294920
.key=Led, rpc_port=50009, msg_que_id=294920
.key=PortConfig, rpc_port=50028, msg_que_id=917531
.key=PCIeDisk, rpc_port=50016, msg_que_id=524303
.key=PTAS, rpc_port=50021, msg_que_id=688148
.key=CompositionZone, rpc_port=50001, msg_que_id=32768
.key=MctpCtrl, rpc_port=50012, msg_que_id=393227
.key=SignalMonitor, rpc_port=50009, msg_que_id=294920
.key=MutualAuthentication, rpc_port=50023, msg_que_id=753686
.key=Card, rpc_port=50014, msg_que_id=458765
.key=RaidChip, rpc_port=50016, msg_que_id=524303
.key=Eth, rpc_port=50028, msg_que_id=917531
.key=LogicalDriveAlertInfo, rpc_port=50016, msg_que_id=524303
.key=Video, rpc_port=50004, msg_que_id=131075
.key=LedDispControl, rpc_port=50009, msg_que_id=294920
.key=Dump, rpc_port=50027, msg_que_id=884762
.key=FruStatics, rpc_port=50007, msg_que_id=229382
.key=_BIOS, rpc_port=50013, msg_que_id=425996
.key=ScriptEngine, rpc_port=50027, msg_que_id=884762
.key=PcieRootPortMap, rpc_port=50007, msg_que_id=229382
.key=FruDev, rpc_port=50007, msg_que_id=229382
.key=FPGAMemory, rpc_port=50017, msg_que_id=557072
.key=EventSeverityChange, rpc_port=50009, msg_que_id=294920
.key=_dfm, rpc_port=50000, msg_que_id=0
.key=TrapItemCfg, rpc_port=50009, msg_que_id=294920
.key=LedTest, rpc_port=50009, msg_que_id=294920
.key=DataCondition, rpc_port=50017, msg_que_id=557072
.key=StorageDiagnose, rpc_port=50016, msg_que_id=524303
.key=PcieCard, rpc_port=50014, msg_que_id=458765
.key=PowerAlert, rpc_port=50024, msg_que_id=786455
.key=PowerSignalMonitor, rpc_port=50009, msg_que_id=294920
.key=ComponentFirmware, rpc_port=50008, msg_que_id=262151
.key=NpuAbility, rpc_port=50017, msg_que_id=557072
.key=_Dft, rpc_port=50011, msg_que_id=360458
.key=MgmtChipEnvConfig, rpc_port=50023, msg_que_id=753686
.key=BMCCoreManagement, rpc_port=50023, msg_que_id=753686
.key=SeriaManagement, rpc_port=50025, msg_que_id=819224
.key=OcpCardControl, rpc_port=50014, msg_que_id=458765
.key=FirmwareLimit, rpc_port=50011, msg_que_id=360458
.key=User, rpc_port=50026, msg_que_id=851993
.key=Upgrade, rpc_port=50008, msg_que_id=262151
.key=_sensor_alarm, rpc_port=50009, msg_que_id=294920
.key=PrivilegeAgent, rpc_port=50018, msg_que_id=589841
.key=Eeprom, rpc_port=50008, msg_que_id=262151
.key=Condition, rpc_port=50021, msg_que_id=688148
.key=TempMonitor, rpc_port=50009, msg_que_id=294920
.key=_CpuMem, rpc_port=50017, msg_que_id=557072
.key=SMM, rpc_port=50023, msg_que_id=753686
.key=LDAPCommon, rpc_port=50023, msg_que_id=753686
.key=SensorCategory, rpc_port=50009, msg_que_id=294920
.key=NandFlash, rpc_port=50023, msg_que_id=753686
.key=Raid, rpc_port=50014, msg_que_id=458765
.key=TransferFile, rpc_port=50023, msg_que_id=753686
.key=DftCtrl, rpc_port=50011, msg_que_id=360458
.key=Entity, rpc_port=50009, msg_que_id=294920
.key=UidButton, rpc_port=50009, msg_que_id=294920
.key=Hdd, rpc_port=50016, msg_que_id=524303
.key=InterfaceTest, rpc_port=50011, msg_que_id=360458
.key=CardAction, rpc_port=50014, msg_que_id=458765
.key=EncryptKey, rpc_port=50026, msg_que_id=851993
.key=_diagnose, rpc_port=50015, msg_que_id=491534
.key=Language, rpc_port=50009, msg_que_id=294920
.key=Hotswap, rpc_port=50022, msg_que_id=720917
.key=ManualControlLed, rpc_port=50009, msg_que_id=294920
.key=_agentless, rpc_port=50010, msg_que_id=327689
.key=AlertString, rpc_port=50009, msg_que_id=294920
.key=LocalHostAgentPort, rpc_port=50029, msg_que_id=950300
.key=DftLSWConfig, rpc_port=50028, msg_que_id=917531
.key=DataAcquisitionTagDefinition, rpc_port=50015, msg_que_id=491534
.key=MezzCard, rpc_port=50014, msg_que_id=458765
.key=MemoryChannel, rpc_port=50017, msg_que_id=557072
.key=_Payload, rpc_port=50022, msg_que_id=720917
.key=AssetLocateBoard, rpc_port=50014, msg_que_id=458765
.key=RegMonitor, rpc_port=50009, msg_que_id=294920
.key=_MaintDebug, rpc_port=50027, msg_que_id=884762
.key=SysFWProgressStatus, rpc_port=50017, msg_que_id=557072
.key=_StorageMgnt, rpc_port=50016, msg_que_id=524303
.key=ConditionGroup, rpc_port=50021, msg_que_id=688148
.key=OSDrivePartition, rpc_port=50010, msg_que_id=327689
.key=_BMC, rpc_port=50023, msg_que_id=753686
.key=Log, rpc_port=50027, msg_que_id=884762
.key=_portal, rpc_port=50006, msg_que_id=196613
.key=Payload, rpc_port=50022, msg_que_id=720917
.key=_FileManage, rpc_port=50003, msg_que_id=98306
.key=PCIeFPGACard, rpc_port=50014, msg_que_id=458765
.key=LicenseKeyInfo, rpc_port=50002, msg_que_id=65537
.key=EthRename, rpc_port=50028, msg_que_id=917531
.key=StorageCfgCustomize, rpc_port=50016, msg_que_id=524303
.key=PcieSwitch, rpc_port=50001, msg_que_id=32768
.key=FdmConfig, rpc_port=50015, msg_que_id=491534
.key=MSPP, rpc_port=50024, msg_que_id=786455
.key=Firmware, rpc_port=50008, msg_que_id=262151
.key=DataAcquisitionService, rpc_port=50015, msg_que_id=491534
.key=VNC, rpc_port=50004, msg_que_id=131075
.key=ExtendSASCable, rpc_port=50016, msg_que_id=524303
.key=I2CTest, rpc_port=50011, msg_que_id=360458
.key=DiscreteEvent, rpc_port=50009, msg_que_id=294920
.key=FanGroup, rpc_port=50021, msg_que_id=688148
.key=LicenseSaleItem, rpc_port=50002, msg_que_id=65537
.key=DeaSdr, rpc_port=50009, msg_que_id=294920
.key=Vmm, rpc_port=50004, msg_que_id=131075
.key=SSLEncryptKey, rpc_port=50026, msg_que_id=851993
.key=ChipConfigMgnt, rpc_port=50008, msg_que_id=262151
.key=Ipmb, rpc_port=50025, msg_que_id=819224
.key=TreeNode, rpc_port=50015, msg_que_id=491534
.key=ProcessorFamily, rpc_port=50015, msg_que_id=491534
.key=SMS, rpc_port=50010, msg_que_id=327689
.key=PcieSwitchAction, rpc_port=50001, msg_que_id=32768
.key=EventInformation, rpc_port=50009, msg_que_id=294920
.key=FibreChannel, rpc_port=50028, msg_que_id=917531
.key=LDAPGroup, rpc_port=50023, msg_que_id=753686
.key=AgeTest, rpc_port=50011, msg_que_id=360458
.key=ThresholdSensor, rpc_port=50009, msg_que_id=294920
.key=EthGroup, rpc_port=50028, msg_que_id=917531
.key=BladeCpuThermal, rpc_port=50021, msg_que_id=688148
.key=PCIeTransformCard, rpc_port=50014, msg_que_id=458765
.key=CompositionEndpoint, rpc_port=50001, msg_que_id=32768
.key=PswCpld, rpc_port=50001, msg_que_id=32768
.key=ConditionAction, rpc_port=50009, msg_que_id=294920
.key=EnvRecord, rpc_port=50009, msg_que_id=294920
.key=_PcieSwitch, rpc_port=50001, msg_que_id=32768
.key=BoardRTC, rpc_port=50023, msg_que_id=753686
.key=BladeCoolingPolicy, rpc_port=50021, msg_que_id=688148
.key=LedDispElmt, rpc_port=50009, msg_que_id=294920
.key=_cooling_app, rpc_port=50021, msg_que_id=688148
.key=GPUCard, rpc_port=50014, msg_que_id=458765
.key=StringFormator, rpc_port=50009, msg_que_id=294920
.key=EventConfiguration, rpc_port=50009, msg_que_id=294920
.key=Chassis, rpc_port=50023, msg_que_id=753686
.key=ComponentPowerCtrl, rpc_port=50014, msg_que_id=458765
.key=_MCTP, rpc_port=50012, msg_que_id=393227
.key=Redfish, rpc_port=50020, msg_que_id=655379
.key=EndpointIdentifier, rpc_port=50001, msg_que_id=32768
.key=Pex8725, rpc_port=50001, msg_que_id=32768
.key=_LicenseMgnt, rpc_port=50002, msg_que_id=65537
.key=BoardTypeDefinition, rpc_port=50023, msg_que_id=753686
.key=KRBCommon, rpc_port=50023, msg_que_id=753686
.key=_UPGRADE, rpc_port=50008, msg_que_id=262151
.key=SOLManagement, rpc_port=50025, msg_que_id=819224
.key=ChipVrdParameterConfig, rpc_port=50008, msg_que_id=262151
.key=LSWChipMgnt, rpc_port=50028, msg_que_id=917531
.key=ExPortConfig, rpc_port=50028, msg_que_id=917531
.key=BBU, rpc_port=50016, msg_que_id=524303
.key=VncLink, rpc_port=50004, msg_que_id=131075
.key=HDDLocationStatus, rpc_port=50016, msg_que_id=524303
.key=EthFunctionDefine, rpc_port=50028, msg_que_id=917531
.key=DNSSetting, rpc_port=50005, msg_que_id=163844
.key=SSL, rpc_port=50023, msg_que_id=753686
.key=RemoteHttpsServerRootCert, rpc_port=50023, msg_que_id=753686
.key=DftVersion, rpc_port=50011, msg_que_id=360458
.key=PeripheralDeviceSensor, rpc_port=50014, msg_que_id=458765
.key=SASExpander, rpc_port=50016, msg_que_id=524303
.key=MemoryBoard, rpc_port=50014, msg_que_id=458765
.key=Cpu, rpc_port=50017, msg_que_id=557072
.key=RegConfig, rpc_port=50014, msg_que_id=458765
.key=_FruData, rpc_port=50007, msg_que_id=229382
.key=Gpio, rpc_port=50009, msg_que_id=294920
.key=LicenseAlarmInfo, rpc_port=50002, msg_que_id=65537
.key=LDAPCert, rpc_port=50023, msg_que_id=753686
.key=ChipValueReader, rpc_port=50009, msg_que_id=294920
.key=VRDUpgradeMgnt, rpc_port=50008, msg_que_id=262151
.key=LedCtrl, rpc_port=50009, msg_que_id=294920
.key=PefFilter, rpc_port=50009, msg_que_id=294920
.key=_redfish, rpc_port=50020, msg_que_id=655379
.key=AdditionalFan, rpc_port=50021, msg_que_id=688148
.key=SelFilter, rpc_port=50009, msg_que_id=294920
.key=CPLDSelftest, rpc_port=50011, msg_que_id=360458
.key=SMMportswitch, rpc_port=50028, msg_que_id=917531
.key=PcieRetimerAction, rpc_port=50001, msg_que_id=32768
.key=OAM, rpc_port=50028, msg_que_id=917531
.key=ModbusSlave, rpc_port=50014, msg_que_id=458765
.key=PowerOnCriteria, rpc_port=50022, msg_que_id=720917
.key=CpuPowTempMap, rpc_port=50021, msg_que_id=688148
.key=Diagnose, rpc_port=50015, msg_que_id=491534
.key=Fru, rpc_port=50007, msg_que_id=229382
.key=MMPortOtmInfo, rpc_port=50028, msg_que_id=917531
.key=LogicalDrive, rpc_port=50016, msg_que_id=524303
.key=I2cLed, rpc_port=50009, msg_que_id=294920
.key=_discovery, rpc_port=50019, msg_que_id=622610
.key=EventDescp, rpc_port=50009, msg_que_id=294920
.key=_ipmi_app, rpc_port=50025, msg_que_id=819224
.key=Composition, rpc_port=50001, msg_que_id=32768
.key=Component, rpc_port=50007, msg_que_id=229382
.key=BusinessPortVLAN, rpc_port=50028, msg_que_id=917531
.key=MutualAuthenticationRootCert, rpc_port=50023, msg_que_id=753686
.key=Elabel, rpc_port=50007, msg_que_id=229382
.key=SecurityEnhance, rpc_port=50026, msg_que_id=851993
.key=VRDUpgradeMgntAssist, rpc_port=50008, msg_que_id=262151
.key=InsertStatusLedCtrl, rpc_port=50009, msg_que_id=294920
.key=ResidentStorageMgnt, rpc_port=50016, msg_que_id=524303
.key=_NetConfig, rpc_port=50028, msg_que_id=917531
.key=LicenseGeneralInfo, rpc_port=50002, msg_que_id=65537
.key=DftStatus, rpc_port=50011, msg_que_id=360458
.key=NTP, rpc_port=50023, msg_que_id=753686
.key=Com, rpc_port=50025, msg_que_id=819224
.key=NoDevTest, rpc_port=50009, msg_que_id=294920
.key=MngtPortCap, rpc_port=50028, msg_que_id=917531
.key=USBPortSwitch, rpc_port=50023, msg_que_id=753686
.key=IpmbEth, rpc_port=50025, msg_que_id=819224
.key=SLIMCable, rpc_port=50016, msg_que_id=524303
.key=Modbus, rpc_port=50014, msg_que_id=458765
.key=IsMemBoard, rpc_port=50014, msg_que_id=458765
.key=ExternalRefInfo, rpc_port=50015, msg_que_id=491534
.key=AccessorUpdateAction, rpc_port=50008, msg_que_id=262151
.key=ProxyKvm, rpc_port=50018, msg_que_id=589841
.key=ChipUpgradeByI2C, rpc_port=50008, msg_que_id=262151
=====================other info=============================
ipmi app rpc port=50025
dft app rpc port=50011
my rpc port=50018
my ipc id=589841
sync sem4 id=32768
module id=19
=============================client end==========================
=====================class info============================
--------------------- SMS                 -----------------
listened       : BoBChannelType: 589841, 819224, 917531, 950300, 
               : IPAddr: 655379, 294920, 
               : Port: 655379, 950300, 
               : RegisterState: 655379, 
               : MinPort: 294920, 
               : MaxPort: 294920, 
               : UpdateStatus: 524303, 
               : CdevChannelEnabled: 950300, 
--------------------- EthGroup            -----------------
listened       : IpVersion: 589841, 851993, 
               : IpAddr: 589841, 819224, 851993, 917531, 
               : Ipv6Addr: 589841, 851993, 917531, 
               : SLAACIpv6Addr: 589841, 917531, 
               : Ipv6LocalLink: 589841, 917531, 
               : ActivePort: 589841, 917531, 
               : Type: 589841, 917531, 
               : IpMode: 851993, 753686, 
               : SubnetMask: 851993, 
               : DefaultGateway: 851993, 
               : Ipv6Mode: 851993, 753686, 
               : Ipv6DefaultGateway: 851993, 
               : Ipv6Prefix: 851993, 
               : VlanID: 917531, 
               : VlanState: 917531, 
               : NetMode: 917531, 
--------------------- SecurityEnhance     -----------------
listened       : TLSVersion: 589841, 131075, 
               : AntiDNSRebindStatus: 589841, 
               : SSLCipherSuites: 589841, 
               : SystemLockDownStatus: 655379, 819224, 
               : RMCPCipherSuites: 819224, 
               : BannerState: 851993, 
               : MKUpdateInterval: 851993, 
               : IpmiMasterKeyId: 851993, 
               : SnmpPrivacyPwdMasterKeyId: 851993, 
               : CertOverdueWarnTime: 753686, 
--------------------- ProxyKvm            -----------------
listened       : Port: 131075, 
               : State: 131075, 
               : ScreenSwitch: 131075, 
               : KvmTimeout: 131075, 
               : LocalKVMState: 131075, 
--------------------- Video               -----------------
--------------------- Vmm                 -----------------
--------------------- PrivilegeAgent      -----------------
--------------------- Eth                 -----------------
listened       : VlanID: 589841, 
               : Health: 294920, 
--------------------- PRODUCT             -----------------
listened       : SessionTokenLength: 327689, 
--------------------- EncryptKey          -----------------
listened       : WorkKey: 589841, 655379, 294920, 851993, 131075, 
--------------------- Upgrade             -----------------
listened       : UpgradedFlag: 589841, 655379, 425996, 294920, 851993, 131075, 753686, 
               : PreRollbackFlag: 589841, 655379, 425996, 294920, 851993, 131075, 753686, 
               : Degrade: 557072, 
               : UpgradeFileMasterKeyId: 851993, 
--------------------- ProxyVmm            -----------------
listened       : Port: 131075, 
               : State: 131075, 
               : EncryptState: 131075, 
--------------------- MutualAuthentication-----------------
listened       : MutualAuthenticationState: 589841, 851993, 
               : MutualAuthenticationOCSP: 589841, 851993, 
               : MutualAuthenticationCRL: 589841, 
--------------------- DNSSetting          -----------------
listened       : DomainName: 589841, 
--------------------- Log                 -----------------
--------------------- PMEServiceConfig    -----------------
listened       : BoardInfoCollectEnable: 753686, 
--------------------- ProxyVideo          -----------------
listened       : Port: 131075, 
               : State: 131075, 
--------------------- BMC                 -----------------
listened       : HostName: 589841, 163844, 917531, 294920, 
               : CustomManufacturer: 655379, 
--------------------- MutualAuthenticationRootCert-----------------
listened       : hashId: 589841, 
               : hashValue: 589841, 
               : CRLFilePath: 589841, 
--------------------- SSL                 -----------------
listened       : CertStatus: 589841, 
               : SSLMasterKeyId: 851993, 
--------------------- User                -----------------
listened       : SnmpPrivProtocol: 589841, 
               : Privilege: 851993, 
               : IsUserEnable: 851993, 
               : PassWord: 851993, 
--------------------- PortConfig          -----------------
listened       : State: 589841, 851993, 917531, 950300, 
               : Port: 589841, 851993, 917531, 950300, 
--------------------- Kvm                 -----------------
--------------------- Snmp                -----------------
listened       : SnmpCommMasterKeyId: 851993, 
               : OldEngineID: 851993, 
               : AuthProtocol: 917531, 
               : PrivProtocol: 917531, 
               : PortID: 917531, 
=====================fwrite info============================
fm sync fwrite cnt: 0
log fwrite cnt: 0
fm setcontent fwrite cnt: 0
