==========================object===========================
----------------- BIOSWorkKey                   -----------
ref count      : 1
.WorkKey        : send event count: 1 : recv event count: 1 : listened by port : 131075, 851993, 294920, 655379, 589841, 
.Component      : send event count: 1
----------------- User13                        -----------
ref count      : 1
.Privilege      : listened by port : 851993, 
.IsUserEnable   : listened by port : 851993, 
.SnmpPrivProtocol : send event count: 1 : listened by port : 589841, 
.SnmpAuthProtocol : send event count: 1
.PassWord       : listened by port : 851993, 
----------------- LDAPGroup5_4                  -----------
ref count      : 1
----------------- SnmpPrivacyPwdWorkKey         -----------
ref count      : 1
.WorkKey        : send event count: 1 : recv event count: 1 : listened by port : 131075, 851993, 294920, 655379, 589841, 
.Component      : send event count: 1
----------------- WEBHTTPS                      -----------
ref count      : 1
.State          : listened by port : 950300, 917531, 851993, 589841, 
.Port           : listened by port : 950300, 917531, 851993, 589841, 
----------------- LDAPServer3                   -----------
ref count      : 1
.BindDNPswMasterKeyId : listened by port : 851993, 
----------------- User14                        -----------
ref count      : 1
.Privilege      : listened by port : 851993, 
.IsUserEnable   : listened by port : 851993, 
.SnmpPrivProtocol : send event count: 1 : listened by port : 589841, 
.SnmpAuthProtocol : send event count: 1
.PassWord       : listened by port : 851993, 
----------------- LDAPServer4                   -----------
ref count      : 1
.BindDNPswMasterKeyId : listened by port : 851993, 
----------------- SnmpCommWorkKey               -----------
ref count      : 1
.WorkKey        : send event count: 1 : recv event count: 1 : listened by port : 131075, 851993, 294920, 655379, 589841, 
.Component      : send event count: 1
----------------- User15                        -----------
ref count      : 1
.Privilege      : listened by port : 851993, 
.IsUserEnable   : listened by port : 851993, 
.SnmpPrivProtocol : send event count: 1 : listened by port : 589841, 
.SnmpAuthProtocol : send event count: 1
.PassWord       : listened by port : 851993, 
----------------- OwnerSSL                      -----------
ref count      : 1
.SSLMasterKeyId : listened by port : 851993, 
.CertStatus     : listened by port : 589841, 
----------------- MutualAuthentication          -----------
ref count      : 1
.MutualAuthenticationOCSP : listened by port : 851993, 589841, 
.MutualAuthenticationState : listened by port : 851993, 589841, 
.MutualAuthenticationCRL : listened by port : 589841, 
----------------- Session:C                     -----------
ref count      : 1
----------------- SSLCert4                      -----------
ref count      : 1
.SSLMasterKeyId : listened by port : 851993, 
.CertStatus     : listened by port : 589841, 
----------------- LDAPServer5                   -----------
ref count      : 1
.BindDNPswMasterKeyId : listened by port : 851993, 
----------------- LDAPGroup4_0                  -----------
ref count      : 1
----------------- LDAPGroup:C                   -----------
ref count      : 1
----------------- LDAPGroup0                    -----------
ref count      : 1
----------------- MutualAuthentication:C        -----------
ref count      : 1
----------------- User16                        -----------
ref count      : 1
.Privilege      : listened by port : 851993, 
.IsUserEnable   : listened by port : 851993, 
.SnmpPrivProtocol : send event count: 1 : listened by port : 589841, 
.SnmpAuthProtocol : send event count: 1
.PassWord       : listened by port : 851993, 
----------------- SSLCert5                      -----------
ref count      : 1
.SSLMasterKeyId : listened by port : 851993, 
.CertStatus     : listened by port : 589841, 
----------------- LDAPServer6                   -----------
ref count      : 1
.BindDNPswMasterKeyId : listened by port : 851993, 
----------------- LDAPGroup4_1                  -----------
ref count      : 1
----------------- TrapCommWorkKey               -----------
ref count      : 1
.WorkKey        : send event count: 1 : recv event count: 1 : listened by port : 131075, 851993, 294920, 655379, 589841, 
.Component      : send event count: 1
----------------- TrapConfig:C                  -----------
ref count      : 1
----------------- LDAPGroup1                    -----------
ref count      : 1
----------------- User17                        -----------
ref count      : 1
.Privilege      : listened by port : 851993, 
.IsUserEnable   : listened by port : 851993, 
.SnmpPrivProtocol : send event count: 1 : listened by port : 589841, 
.SnmpAuthProtocol : send event count: 1
.PassWord       : listened by port : 851993, 
----------------- PortConfig:C                  -----------
ref count      : 1
----------------- SmtpConfig                    -----------
ref count      : 1
.LoginPasswdMasterKeyId : listened by port : 851993, 
----------------- User1                         -----------
ref count      : 1
.Privilege      : listened by port : 851993, 
.IsUserEnable   : listened by port : 851993, 
.SnmpPrivProtocol : send event count: 1 : listened by port : 589841, 
.SnmpAuthProtocol : send event count: 1
.PassWord       : listened by port : 851993, 
----------------- LDAP                          -----------
ref count      : 1
.BindDNPswMasterKeyId : listened by port : 851993, 
----------------- VNC                           -----------
ref count      : 1
.PwdMasterKeyId : listened by port : 851993, 
----------------- LDAPGroup4_2                  -----------
ref count      : 1
----------------- PwdWorkKey                    -----------
ref count      : 1
.WorkKey        : send event count: 1 : recv event count: 1 : listened by port : 131075, 851993, 294920, 655379, 589841, 
.Component      : send event count: 1
----------------- LDAPGroup2                    -----------
ref count      : 1
----------------- LDAP:C                        -----------
ref count      : 1
----------------- Snmp                          -----------
ref count      : 1
.PortID         : listened by port : 917531, 
.PrivProtocol   : listened by port : 917531, 
.AuthProtocol   : listened by port : 917531, 
.OldEngineID    : listened by port : 851993, 
.SnmpCommMasterKeyId : listened by port : 851993, 
----------------- SSLCert7                      -----------
ref count      : 1
.SSLMasterKeyId : listened by port : 851993, 
.CertStatus     : listened by port : 589841, 
----------------- UserRoleOper                  -----------
ref count      : 1
.VMMMgnt        : listened by port : 851993, 
.KVMMgnt        : listened by port : 851993, 
----------------- User2                         -----------
ref count      : 1
.Privilege      : send event count: 1 : listened by port : 851993, 
.LastLoginIP    : send event count: 29
.IsUserEnable   : send event count: 1 : listened by port : 851993, 
.SnmpPrivProtocol : listened by port : 589841, 
.PassWord       : send event count: 1 : listened by port : 851993, 
.LastLoginTime  : send event count: 74
----------------- SecurityEnhance:C             -----------
ref count      : 1
----------------- LDAPGroup4_3                  -----------
ref count      : 1
----------------- BMC                           -----------
ref count      : 1
.HostName       : listened by port : 294920, 917531, 163844, 589841, 
.CustomManufacturer : listened by port : 655379, 
----------------- LDAPGroup3                    -----------
ref count      : 1
----------------- Upgrade:C                     -----------
ref count      : 1
----------------- SSLCert6                      -----------
ref count      : 1
.SSLMasterKeyId : listened by port : 851993, 
.CertStatus     : listened by port : 589841, 
----------------- SSLCert8                      -----------
ref count      : 1
.SSLMasterKeyId : listened by port : 851993, 
.CertStatus     : listened by port : 589841, 
----------------- User3                         -----------
ref count      : 1
.Privilege      : listened by port : 851993, 
.IsUserEnable   : listened by port : 851993, 
.SnmpPrivProtocol : send event count: 1 : listened by port : 589841, 
.SnmpAuthProtocol : send event count: 1
.PassWord       : listened by port : 851993, 
----------------- LDAPCommon                    -----------
ref count      : 1
----------------- LDAPWorkKey                   -----------
ref count      : 1
.WorkKey        : send event count: 1 : recv event count: 1 : listened by port : 131075, 851993, 294920, 655379, 589841, 
.Component      : send event count: 1
----------------- LDAPGroup4_4                  -----------
ref count      : 1
----------------- Bios:C                        -----------
ref count      : 1
----------------- LDAPGroup4                    -----------
ref count      : 1
----------------- KRBCommon                     -----------
ref count      : 1
----------------- SSLCert9                      -----------
ref count      : 1
.SSLMasterKeyId : listened by port : 851993, 
.CertStatus     : listened by port : 589841, 
----------------- User4                         -----------
ref count      : 1
.Privilege      : listened by port : 851993, 
.IsUserEnable   : listened by port : 851993, 
.SnmpPrivProtocol : send event count: 1 : listened by port : 589841, 
.SnmpAuthProtocol : send event count: 1
.PassWord       : listened by port : 851993, 
----------------- SSLWorkKey                    -----------
ref count      : 1
.WorkKey        : send event count: 1 : listened by port : 753686, 
.Component      : send event count: 1
----------------- KRBServer                     -----------
ref count      : 1
.BindDNPswMasterKeyId : listened by port : 851993, 
----------------- KvmLink0                      -----------
ref count      : 1
----------------- PermitRule:C                  -----------
ref count      : 1
----------------- PRODUCT:C                     -----------
ref count      : 1
----------------- Redfish:C                     -----------
ref count      : 1
----------------- VncLink0                      -----------
ref count      : 1
----------------- VncLink1                      -----------
ref count      : 1
----------------- UpgradeFileWorkKey            -----------
ref count      : 1
.WorkKey        : send event count: 1 : recv event count: 1 : listened by port : 131075, 851993, 294920, 655379, 589841, 
.Component      : send event count: 1
----------------- User5                         -----------
ref count      : 1
.Privilege      : listened by port : 851993, 
.IsUserEnable   : listened by port : 851993, 
.SnmpPrivProtocol : send event count: 1 : listened by port : 589841, 
.SnmpAuthProtocol : send event count: 1
.PassWord       : listened by port : 851993, 
----------------- EthGroup:C                    -----------
ref count      : 1
----------------- KvmLink1                      -----------
ref count      : 1
----------------- UserRoleCust1                 -----------
ref count      : 1
.VMMMgnt        : listened by port : 851993, 
.KVMMgnt        : listened by port : 851993, 
----------------- KvmLink:C                     -----------
ref count      : 1
----------------- NTPWorkKey                    -----------
ref count      : 1
.WorkKey        : send event count: 1 : recv event count: 1 : listened by port : 131075, 851993, 294920, 655379, 589841, 
.Component      : send event count: 1
----------------- TrapConfig                    -----------
ref count      : 1
.CommunityMasterKeyId : listened by port : 851993, 
----------------- Session                       -----------
ref count      : 1
----------------- VncLink2                      -----------
ref count      : 1
----------------- User6                         -----------
ref count      : 1
.Privilege      : listened by port : 851993, 
.IsUserEnable   : listened by port : 851993, 
.SnmpPrivProtocol : send event count: 1 : listened by port : 589841, 
.SnmpAuthProtocol : send event count: 1
.PassWord       : listened by port : 851993, 
----------------- LDAPGroup3_0                  -----------
ref count      : 1
----------------- WEBHTTP                       -----------
ref count      : 1
.State          : listened by port : 950300, 917531, 851993, 589841, 
.Port           : listened by port : 950300, 917531, 851993, 589841, 
----------------- UserRoleCust2                 -----------
ref count      : 1
.VMMMgnt        : listened by port : 851993, 
.KVMMgnt        : listened by port : 851993, 
----------------- SSLCert11                     -----------
ref count      : 1
.SSLMasterKeyId : listened by port : 851993, 
.CertStatus     : listened by port : 589841, 
----------------- LDAPGroup3_1                  -----------
ref count      : 1
----------------- Vmm0                          -----------
ref count      : 1
----------------- SSLCert10                     -----------
ref count      : 1
.SSLMasterKeyId : listened by port : 851993, 
.CertStatus     : listened by port : 589841, 
----------------- VncLink3                      -----------
ref count      : 1
----------------- User7                         -----------
ref count      : 1
.Privilege      : listened by port : 851993, 
.IsUserEnable   : listened by port : 851993, 
.SnmpPrivProtocol : send event count: 1 : listened by port : 589841, 
.SnmpAuthProtocol : send event count: 1
.PassWord       : listened by port : 851993, 
----------------- Redfish                       -----------
ref count      : 1
.RedfishMasterKeyId : listened by port : 851993, 
----------------- RedfishWorkKey                -----------
ref count      : 1
.WorkKey        : send event count: 1 : recv event count: 1 : listened by port : 131075, 851993, 294920, 655379, 589841, 
.Component      : send event count: 1
----------------- UserRoleCust3                 -----------
ref count      : 1
.VMMMgnt        : listened by port : 851993, 
.KVMMgnt        : listened by port : 851993, 
----------------- SSLCert12                     -----------
ref count      : 1
.SSLMasterKeyId : listened by port : 851993, 
.CertStatus     : listened by port : 589841, 
----------------- LDAPGroup3_2                  -----------
ref count      : 1
----------------- SSH                           -----------
ref count      : 1
.State          : listened by port : 950300, 917531, 851993, 589841, 
.Port           : listened by port : 950300, 917531, 851993, 589841, 
----------------- VncLink4                      -----------
ref count      : 1
----------------- User8                         -----------
ref count      : 1
.Privilege      : listened by port : 851993, 
.IsUserEnable   : listened by port : 851993, 
.SnmpPrivProtocol : send event count: 1 : listened by port : 589841, 
.SnmpAuthProtocol : send event count: 1
.PassWord       : listened by port : 851993, 
----------------- UserRoleCust4                 -----------
ref count      : 1
.VMMMgnt        : listened by port : 851993, 
.KVMMgnt        : listened by port : 851993, 
----------------- SSLCert13                     -----------
ref count      : 1
.SSLMasterKeyId : listened by port : 851993, 
.CertStatus     : listened by port : 589841, 
----------------- LDAPGroup3_3                  -----------
ref count      : 1
----------------- PasswdSetting                 -----------
ref count      : 1
----------------- User9                         -----------
ref count      : 1
.Privilege      : listened by port : 851993, 
.IsUserEnable   : listened by port : 851993, 
.SnmpPrivProtocol : send event count: 1 : listened by port : 589841, 
.SnmpAuthProtocol : send event count: 1
.PassWord       : listened by port : 851993, 
----------------- NTP:C                         -----------
ref count      : 1
----------------- LDAPGroup6_0                  -----------
ref count      : 1
----------------- LDAPGroup3_4                  -----------
ref count      : 1
----------------- LDAPGroup6_1                  -----------
ref count      : 1
----------------- VNC:C                         -----------
ref count      : 1
----------------- SecurityEnhance               -----------
ref count      : 1
.IpmiMasterKeyId : listened by port : 851993, 
.SystemLockDownStatus : listened by port : 819224, 655379, 
.CertOverdueWarnTime : listened by port : 753686, 
.MKUpdateInterval : listened by port : 851993, 
.BannerState    : listened by port : 851993, 
.RMCPCipherSuites : listened by port : 819224, 
.TLSVersion     : listened by port : 131075, 589841, 
.AntiDNSRebindStatus : listened by port : 589841, 
.SnmpPrivacyPwdMasterKeyId : listened by port : 851993, 
.EncryptComponentUpdateFlag : send event count: 2
.SSLCipherSuites : listened by port : 589841, 
----------------- NTP                           -----------
ref count      : 1
.NtpPwdMasterKeyId : listened by port : 851993, 
.SysTimeJumpVal : listened by port : 753686, 
----------------- LDAPGroup6_2                  -----------
ref count      : 1
----------------- SSL                           -----------
ref count      : 1
.SSLMasterKeyId : listened by port : 851993, 
.CertStatus     : listened by port : 589841, 
----------------- EthGroup0                     -----------
ref count      : 1
.IpMode         : listened by port : 753686, 851993, 
.VlanState      : listened by port : 917531, 
.SLAACIpv6Addr  : listened by port : 917531, 589841, 
.Ipv6Addr       : listened by port : 917531, 851993, 589841, 
.SubnetMask     : listened by port : 851993, 
.Ipv6Mode       : listened by port : 753686, 851993, 
.Type           : listened by port : 917531, 589841, 
.ActivePort     : listened by port : 917531, 589841, 
.IpVersion      : listened by port : 851993, 589841, 
.NetMode        : listened by port : 917531, 
.Ipv6LocalLink  : listened by port : 917531, 589841, 
.VlanID         : listened by port : 917531, 
.Ipv6DefaultGateway : listened by port : 851993, 
.Ipv6Prefix     : listened by port : 851993, 
.DefaultGateway : listened by port : 851993, 
.IpAddr         : listened by port : 917531, 851993, 819224, 589841, 
----------------- LDAPGroup2_0                  -----------
ref count      : 1
----------------- UserRole:C                    -----------
ref count      : 1
----------------- LDAPGroup6_3                  -----------
ref count      : 1
----------------- SSLEncryptKey:C               -----------
ref count      : 1
----------------- LDAPGroup2_1                  -----------
ref count      : 1
----------------- KRBGroup0                     -----------
ref count      : 1
----------------- User:C                        -----------
ref count      : 1
----------------- RootKey                       -----------
ref count      : 1
.WorkKey        : send event count: 1 : recv event count: 1 : listened by port : 131075, 851993, 294920, 655379, 589841, 
.Component      : send event count: 1
----------------- PasswdSetting:C               -----------
ref count      : 1
----------------- PermitRule0                   -----------
ref count      : 1
----------------- LDAPCommon:C                  -----------
ref count      : 1
----------------- LDAPGroup6_4                  -----------
ref count      : 1
----------------- EncryptKey:C                  -----------
ref count      : 1
----------------- UserRoleAdmin                 -----------
ref count      : 1
.VMMMgnt        : listened by port : 851993, 
.KVMMgnt        : listened by port : 851993, 
----------------- EthGroup2                     -----------
ref count      : 1
.IpMode         : listened by port : 753686, 851993, 
.VlanState      : listened by port : 917531, 
.SLAACIpv6Addr  : listened by port : 917531, 589841, 
.Ipv6Addr       : listened by port : 917531, 851993, 589841, 
.SubnetMask     : listened by port : 851993, 
.Ipv6Mode       : listened by port : 753686, 851993, 
.Type           : listened by port : 917531, 589841, 
.ActivePort     : listened by port : 917531, 589841, 
.IpVersion      : listened by port : 851993, 589841, 
.NetMode        : listened by port : 917531, 
.Ipv6LocalLink  : listened by port : 917531, 589841, 
.VlanID         : listened by port : 917531, 
.Ipv6DefaultGateway : listened by port : 851993, 
.Ipv6Prefix     : listened by port : 851993, 
.DefaultGateway : listened by port : 851993, 
.IpAddr         : listened by port : 917531, 851993, 819224, 589841, 
----------------- KRBGroup1                     -----------
ref count      : 1
----------------- Video0                        -----------
ref count      : 1
----------------- LDAPGroup2_2                  -----------
ref count      : 1
----------------- PermitRule1                   -----------
ref count      : 1
----------------- Snmp:C                        -----------
ref count      : 1
----------------- VncLink:C                     -----------
ref count      : 1
----------------- SmtpConfig:C                  -----------
ref count      : 1
----------------- LDAPGroup2_3                  -----------
ref count      : 1
----------------- KRBGroup2                     -----------
ref count      : 1
----------------- Bios                          -----------
ref count      : 1
.PcieCardBDF    : listened by port : 458765, 
.MenuChangeFlag : listened by port : 458765, 
.StartOption    : listened by port : 131075, 
.PcieDiskBDF    : listened by port : 458765, 
.OCPCardBDF     : listened by port : 458765, 
.SystemStartupState : listened by port : 917531, 491534, 
.BiosBootStage  : listened by port : 458765, 
.BiosPwdMasterKeyId : listened by port : 851993, 
----------------- PermitRule2                   -----------
ref count      : 1
----------------- UserRoleNoAccess              -----------
ref count      : 1
.VMMMgnt        : listened by port : 851993, 
.KVMMgnt        : listened by port : 851993, 
----------------- LDAPGroup5_0                  -----------
ref count      : 1
----------------- PRODUCT                       -----------
ref count      : 1
.SessionTokenLength : listened by port : 327689, 
----------------- KRBGroup3                     -----------
ref count      : 1
----------------- LDAPGroup2_4                  -----------
ref count      : 1
----------------- Vmm:C                         -----------
ref count      : 1
----------------- User10                        -----------
ref count      : 1
.Privilege      : listened by port : 851993, 
.IsUserEnable   : listened by port : 851993, 
.SnmpPrivProtocol : send event count: 1 : listened by port : 589841, 
.SnmpAuthProtocol : send event count: 1
.PassWord       : listened by port : 851993, 
----------------- IssuerSSL                     -----------
ref count      : 1
.SSLMasterKeyId : listened by port : 851993, 
.CertStatus     : listened by port : 589841, 
----------------- LDAPGroup5_1                  -----------
ref count      : 1
----------------- KRBGroup4                     -----------
ref count      : 1
----------------- SmtpPwdWorkKey                -----------
ref count      : 1
.WorkKey        : send event count: 1 : recv event count: 1 : listened by port : 131075, 851993, 294920, 655379, 589841, 
.Component      : send event count: 1
----------------- SSL:C                         -----------
ref count      : 1
----------------- PMEServiceConfig              -----------
ref count      : 1
.BoardInfoCollectEnable : listened by port : 753686, 
----------------- KRBCommon:C                   -----------
ref count      : 1
----------------- User11                        -----------
ref count      : 1
.Privilege      : listened by port : 851993, 
.IsUserEnable   : listened by port : 851993, 
.SnmpPrivProtocol : send event count: 1 : listened by port : 589841, 
.SnmpAuthProtocol : send event count: 1
.PassWord       : listened by port : 851993, 
----------------- LDAPGroup5_2                  -----------
ref count      : 1
----------------- SSHDWorkKey                   -----------
ref count      : 1
.WorkKey        : send event count: 1 : recv event count: 1 : listened by port : 131075, 851993, 294920, 655379, 589841, 
.Component      : send event count: 1
----------------- User12                        -----------
ref count      : 1
.Privilege      : listened by port : 851993, 
.IsUserEnable   : listened by port : 851993, 
.SnmpPrivProtocol : send event count: 1 : listened by port : 589841, 
.SnmpAuthProtocol : send event count: 1
.PassWord       : listened by port : 851993, 
----------------- Video:C                       -----------
ref count      : 1
----------------- Upgrade                       -----------
ref count      : 1
.UpgradeFileMasterKeyId : listened by port : 851993, 
.Degrade        : listened by port : 557072, 
.UpgradedFlag   : listened by port : 753686, 131075, 851993, 294920, 425996, 655379, 589841, 
.PreRollbackFlag : listened by port : 753686, 131075, 851993, 294920, 425996, 655379, 589841, 
----------------- IpmiPwdWorkKey                -----------
ref count      : 1
.WorkKey        : send event count: 1 : recv event count: 1 : listened by port : 131075, 851993, 294920, 655379, 589841, 
.Component      : send event count: 1
----------------- LDAPGroup5_3                  -----------
ref count      : 1
----------------- log_0                         -----------
ref count      : 1
----------------- UserRoleUser                  -----------
ref count      : 1
.VMMMgnt        : listened by port : 851993, 
.KVMMgnt        : listened by port : 851993, 
----------------- LDAPServer2                   -----------
ref count      : 1
.BindDNPswMasterKeyId : listened by port : 851993, 
----------------- PMEServiceConfig:C            -----------
ref count      : 1
alias name: a:User6, object name: User6
alias name: a:LDAPGroup202, object name: LDAPGroup2_2
alias name: a:LDAPGroup503, object name: LDAPGroup5_3
alias name: a:LDAPGroupd01, object name: KRBGroup1
alias name: a:Usere, object name: User14
alias name: a:LDAPGroup203, object name: LDAPGroup2_3
alias name: a:User7, object name: User7
alias name: a:LDAPGroup600, object name: LDAPGroup6_0
alias name: a:LDAPGroup504, object name: LDAPGroup5_4
alias name: a:LDAPGroupd02, object name: KRBGroup2
alias name: a:Userf, object name: User15
alias name: a:LDAPGroup204, object name: LDAPGroup2_4
alias name: a:User8, object name: User8
alias name: a:LDAPGroup300, object name: LDAPGroup3_0
alias name: a:LDAPGroup601, object name: LDAPGroup6_1
alias name: a:UserRole2, object name: UserRoleUser
alias name: a:LDAPGroupd03, object name: KRBGroup3
alias name: a:LDAPGroup301, object name: LDAPGroup3_1
alias name: a:PermitRule0, object name: PermitRule0
alias name: a:User9, object name: User9
alias name: a:UserRole3, object name: UserRoleOper
alias name: a:LDAPGroup602, object name: LDAPGroup6_2
alias name: a:LDAPGroupd04, object name: KRBGroup4
alias name: a:LDAPGroup302, object name: LDAPGroup3_2
alias name: a:PermitRule1, object name: PermitRule1
alias name: a:LDAPGroup603, object name: LDAPGroup6_3
alias name: a:UserRole4, object name: UserRoleAdmin
alias name: a:LDAPGroup303, object name: LDAPGroup3_3
alias name: a:PermitRule2, object name: PermitRule2
alias name: a:UserRole5, object name: UserRoleCust1
alias name: a:LDAPGroup400, object name: LDAPGroup4_0
alias name: a:LDAPGroup604, object name: LDAPGroup6_4
alias name: a:LDAPGroup304, object name: LDAPGroup3_4
alias name: a:LDAPGroup100, object name: LDAPGroup0
alias name: a:UserRole6, object name: UserRoleCust2
alias name: a:LDAPGroup401, object name: LDAPGroup4_1
alias name: a:User1, object name: User1
alias name: a:LDAPGroup101, object name: LDAPGroup1
alias name: a:User10, object name: User16
alias name: a:UserRole7, object name: UserRoleCust3
alias name: a:LDAPGroup402, object name: LDAPGroup4_2
alias name: a:User2, object name: User2
alias name: a:LDAPGroup102, object name: LDAPGroup2
alias name: a:User11, object name: User17
alias name: a:UserRolef, object name: UserRoleNoAccess
alias name: a:Usera, object name: User10
alias name: a:LDAPGroup403, object name: LDAPGroup4_3
alias name: a:User3, object name: User3
alias name: a:UserRole8, object name: UserRoleCust4
alias name: a:LDAPGroup103, object name: LDAPGroup3
alias name: a:LDAPGroup500, object name: LDAPGroup5_0
alias name: a:Userb, object name: User11
alias name: a:LDAPGroup404, object name: LDAPGroup4_4
alias name: a:LDAPGroup200, object name: LDAPGroup2_0
alias name: a:User4, object name: User4
alias name: a:LDAPGroup104, object name: LDAPGroup4
alias name: a:LDAPGroup501, object name: LDAPGroup5_1
alias name: a:Userc, object name: User12
alias name: a:LDAPGroup201, object name: LDAPGroup2_1
alias name: a:User5, object name: User5
alias name: a:LDAPGroupd00, object name: KRBGroup0
alias name: a:LDAPGroup502, object name: LDAPGroup5_2
alias name: a:Userd, object name: User13
=====================method info=============================
key=PasswdSetting.SetEnablePwdComplexity
input para list:
y output para list:
i 
key=User.GetPtPassword
input para list:
output para list:
s s 
key=Session.LogoutUser
input para list:
s s s s output para list:

key=User.SetInitialState
input para list:
y output para list:

key=SecurityEnhance.SetOldPwdCount
input para list:
y output para list:

key=User.AuthUser
input para list:
s s y s output para list:
* 
key=User.SetPublicKey
input para list:
y y s output para list:
i 
key=User.SetUserPermitRuleIds
input para list:
y output para list:
i 
key=SecurityEnhance.SetMinimumPwdAge
input para list:
u output para list:

key=Session.GetSSOSessionID
input para list:
y s s y y s output para list:
s 
key=SecurityEnhance.WebSetPwdExpiredAndMinimumTime
input para list:
u u output para list:

key=Session.CheckSSOSessionID
input para list:
s s output para list:
* 
key=VNC.CheckPwdState
input para list:
output para list:

key=Session.IsRedfishInnerSession
input para list:
s output para list:

key=User.SetPrivilege
input para list:
* output para list:
i 
key=SecurityEnhance.SetPwdExpiredTime
input para list:
u output para list:

key=SecurityEnhance.GetRSAPublicKey
input para list:
output para list:
* 
key=Session.GetSessionInfo
input para list:
s output para list:
s 
key=Session.DelSessionByGroupID
input para list:
y output para list:

key=SecurityEnhance.SetSSHHostKeys
input para list:
as output para list:

key=SecurityEnhance.SetPermitRuleIds
input para list:
y output para list:

key=User.CheckUserNameSyncState
input para list:
s output para list:

key=Video.GetVideoName
input para list:
output para list:

key=User.FileSyncMethod
input para list:
* output para list:
* 
key=SSL.UpdateSSLFile
input para list:
u output para list:

key=Session.IsSessionTimeout
input para list:
s output para list:
y 
key=User.SetUserAuthConfig
input para list:
y s s y y y output para list:
i 
key=SecurityEnhance.PropertySyncMethod
input para list:
* output para list:
* 
key=Video.DelectLink
input para list:
output para list:

key=Session.GetOnlineUserNum
input para list:
output para list:
y y y 
key=SecurityEnhance.SetBannerContent
input para list:
s output para list:

key=PermitRule.PropertySyncMethod
input para list:
* output para list:
* 
key=NTP.UpdateNTPCiphertext
input para list:
u output para list:

key=User.ResetRoot
input para list:
output para list:

key=Snmp.GetSnmpUserHexInfo
input para list:
output para list:

key=UserRole.SetUserMgnt
input para list:
y output para list:

key=Session.GetSessionList
input para list:
s output para list:
s 
key=SecurityEnhance.SetCertOverdueWarnTime
input para list:
u output para list:

key=Session.GetToken
input para list:
s output para list:
s 
key=SecurityEnhance.SetTLSVersion
input para list:
q output para list:

key=SecurityEnhance.SetUserInactTimeLimit
input para list:
u output para list:

key=Session.GetOnlineKvmPriUserNum
input para list:
output para list:
y 
key=Session.SetSessionTimeout
input para list:
i output para list:

key=SecurityEnhance.SetEnableUserMgnt
input para list:
y output para list:

key=User.SetUserRoleId
input para list:
y output para list:

key=VNC.UpdateVncCiphertext
input para list:
u output para list:

key=SecurityEnhance.SetBannerState
input para list:
y output para list:

key=SecurityEnhance.FileSyncMethod
input para list:
* output para list:
* 
key=SecurityEnhance.SetSystemLockDownStatus
input para list:
y output para list:

key=Session.PropertySyncMethod
input para list:
* output para list:
* 
key=SecurityEnhance.SetAuthFailMaxExCustom
input para list:
q output para list:

key=Snmp.UpdateSnmpCommCiphertext
input para list:
u output para list:

key=PasswdSetting.PropertySyncMethod
input para list:
* output para list:
* 
key=SecurityEnhance.SetExcludeUser
input para list:
y output para list:

key=Session.GetOnlineUser
input para list:
s output para list:
s 
key=UserRole.SetPowerMgnt
input para list:
y output para list:

key=SecurityEnhance.SetRMCPCipherSuites
input para list:
u output para list:

key=UserRole.PropertySyncMethod
input para list:
* output para list:
* 
key=EncryptKey.UpdateWorkKey
input para list:
output para list:

key=UserRole.SetBasicSetting
input para list:
y output para list:

key=SecurityEnhance.SetAuthFailMaxExtension
input para list:
q output para list:

key=User.GetUidGidByUsername
input para list:
s output para list:
u u 
key=SecurityEnhance.SetSSLCipherSuites
input para list:
as output para list:

key=SecurityEnhance.SetDoubleCertificationEnable
input para list:
y output para list:

key=SSLEncryptKey.UpdateWorkKey
input para list:
output para list:

key=UserRole.SetDiagnoseMgnt
input para list:
y output para list:

key=Vmm.GetVmmName
input para list:
output para list:

key=SecurityEnhance.SetMasterkeyUpdateInterval
input para list:
u output para list:

key=SecurityEnhance.CheckFiltrateStatus
input para list:
y s output para list:

key=SecurityEnhance.UpdateMasterKey
input para list:
output para list:

key=SecurityEnhance.SetWeakPwdDictEnableState
input para list:
y output para list:

key=UserRole.SetReadOnlyMgnt
input para list:
y output para list:

key=PermitRule.SetTimeRuleInfo
input para list:
s output para list:

key=Bios.UpdateBIOSCiphertext
input para list:
u output para list:

key=User.IncreaseUserFailures
input para list:
output para list:
i 
key=EncryptKey.UpdateComponent
input para list:
output para list:

key=Session.DelSession
input para list:
s output para list:

key=SecurityEnhance.ImportWeakPwdDict
input para list:
s output para list:

key=SecurityEnhance.SetAuthFailLockTime
input para list:
q output para list:

key=User.SetPasswd
input para list:
y s y y output para list:
i 
key=Snmp.GetSnmpUserInfo
input para list:
output para list:

key=LDAP.UpdateLDAPCiphertext
input para list:
u output para list:

key=UserRole.SetKVMMgnt
input para list:
y output para list:

key=User.SetUserLockState
input para list:
y output para list:

key=User.ResetUserFailures
input para list:
output para list:
i 
key=Session.AddSSOSessionID
input para list:
s s output para list:
s 
key=TrapConfig.UpdateTrapCiphertext
input para list:
u output para list:

key=UserRole.SetVMMMgnt
input para list:
y output para list:

key=SmtpConfig.UpdateSmtpCiphertext
input para list:
u output para list:

key=User.SetUserEnable
input para list:
y output para list:

key=UserRole.SetConfigureSelf
input para list:
y output para list:

key=SecurityEnhance.SetAuthFailMax
input para list:
q output para list:

key=SSLEncryptKey.PropertySyncMethod
input para list:
* output para list:
* 
key=SecurityEnhance.SetInitialPwdPrompt
input para list:
y output para list:

key=SecurityEnhance.SearchWeakPwdDict
input para list:
s output para list:

key=User.SetSnmpPrivacyProtocol
input para list:
y y output para list:

key=SecurityEnhance.SetSSHKexs
input para list:
as output para list:

key=Redfish.UpdateRedfishCiphertext
input para list:
u output para list:

key=User.SetUserLoginInterface
input para list:
u output para list:

key=Upgrade.UpdateUpgradeFile
input para list:
u output para list:

key=SecurityEnhance.SetAuthFailLockTimeExtension
input para list:
q output para list:

key=User.SetUserName
input para list:
* output para list:
i 
key=User.SetSnmpPrivacyPwdInitialState
input para list:
y output para list:

key=EncryptKey.PropertySyncMethod
input para list:
* output para list:
* 
key=VNC.UpdateLockState
input para list:
output para list:

key=SecurityEnhance.SetAuthFailLockTimeExCustom
input para list:
q output para list:

key=User.SetUserFirstLoginPolicy
input para list:
y output para list:

key=User.SetPasswdOnly
input para list:
s output para list:

key=Session.DestroySsoSession
input para list:
s output para list:

key=User.PropertySyncMethod
input para list:
* output para list:
* 
key=PermitRule.SetMacRuleInfo
input para list:
s output para list:

key=SecurityEnhance.GetSecurityInfoMethod
input para list:
output para list:
* 
key=SecurityEnhance.SetSSHMACs
input para list:
as output para list:

key=User.SetSnmpAuthProtocol
input para list:
y y s s output para list:
i i i 
key=UserRole.SetSecurityMgnt
input para list:
y output para list:

key=User.AuthAndLoginByCert
input para list:
s s s s y output para list:
s 
key=Snmp.CompareSnmpUserPassword
input para list:
s s s output para list:

key=User.SetSnmpAuthKu
input para list:
s output para list:

key=User.CheckPassword
input para list:
s output para list:
i 
key=User.AuthUserLockState
input para list:
* output para list:
i 
key=Session.SessionHeartBeat
input para list:
s i output para list:
y 
key=Session.GetSessionLogoutType
input para list:
s output para list:
y 
key=SecurityEnhance.GetUpdateStatus
input para list:
output para list:
y y 
key=SecurityEnhance.SetAntiDNSRebindStatus
input para list:
y output para list:

key=SecurityEnhance.DecryptWebPwdUser
input para list:
* output para list:
* 
key=SecurityEnhance.SetSSHPasswordAuthentication
input para list:
y output para list:
i 
key=User.SetSnmpPrivacyPassword
input para list:
y s output para list:

key=PermitRule.SetIpRuleInfo
input para list:
s output para list:

key=User.UpdateUserInactStartTime
input para list:
output para list:

key=User.IsUserLocked
input para list:
output para list:
i 
key=SecurityEnhance.SetDBannerContent
input para list:
s output para list:

key=SecurityEnhance.ExportWeakPwdDict
input para list:
s output para list:

key=PasswdSetting.SetMinPasswordLength
input para list:
y output para list:

key=SecurityEnhance.SetSSHCiphers
input para list:
as output para list:

key=Session.AddSession
input para list:
y y s s y y s output para list:
s 
key=Session.SetSessionMode
input para list:
y output para list:

key=SecurityEnhance.CheckUserLimitStatus
input para list:
y s s output para list:
* 
key=User.SetSnmpPrivKu
input para list:
s output para list:

key=User.set_trace_cfg
input para list:
s output para list:

key=User.dlog_outype
input para list:
s output para list:

key=User.connect_to_cli
input para list:
s s output para list:

key=User.deconnect_to_cli
input para list:
s output para list:

key=User.dlog_outlvl
input para list:
s output para list:

key=User.save_dlog_cfg
input para list:
output para list:

=====================listen info=============================
my ipc id=851993
key=<SmtpConfig.LoginPasswdMasterKeyId, handler=0xaaaad3876968, state=0
key=<MutualAuthentication.MutualAuthenticationState, handler=0xaaaad3860d58, state=0
key=<UserRole.VMMMgnt, handler=0xaaaad3877a80, state=0
key=<EncryptKey.WorkKey, handler=0xaaaad385d7e8, state=1
key=<User.IsUserEnable, handler=0xaaaad38779d0, state=0
key=<User.PassWord, handler=0xaaaad38779d0, state=0
key=<EthGroup.Ipv6Addr, handler=0xaaaad3860d58, state=0
key=<EthGroup.DefaultGateway, handler=0xaaaad3860d58, state=0
key=<EthGroup.SubnetMask, handler=0xaaaad3860d58, state=0
key=<SecurityEnhance.BannerState, handler=0xaaaad385c0a8, state=0
key=<MutualAuthentication.MutualAuthenticationOCSP, handler=0xaaaad3860d58, state=0
key=<SSL.SSLMasterKeyId, handler=0xaaaad3876968, state=0
key=<SecurityEnhance.MKUpdateInterval, handler=0xaaaad384fbf0, state=0
key=<EthGroup.Ipv6Mode, handler=0xaaaad3860d58, state=0
key=<SecurityEnhance.SnmpPrivacyPwdMasterKeyId, handler=0xaaaad3876968, state=0
key=<TrapConfig.CommunityMasterKeyId, handler=0xaaaad3876968, state=0
key=<Upgrade.UpgradedFlag, handler=0xaaaad3849db0, state=0
key=<EthGroup.IpAddr, handler=0xaaaad3860d58, state=0
key=<EthGroup.IpMode, handler=0xaaaad3860d58, state=0
key=<Redfish.RedfishMasterKeyId, handler=0xaaaad3876968, state=0
key=<Snmp.OldEngineID, handler=0xaaaad3888cd0, state=0
key=<LDAP.BindDNPswMasterKeyId, handler=0xaaaad3876968, state=0
key=<EthGroup.IpVersion, handler=0xaaaad3860d58, state=0
key=<NTP.NtpPwdMasterKeyId, handler=0xaaaad3876968, state=0
key=<Bios.BiosPwdMasterKeyId, handler=0xaaaad3876968, state=0
key=<UserRole.KVMMgnt, handler=0xaaaad3877a80, state=0
key=<EthGroup.Ipv6Prefix, handler=0xaaaad3860d58, state=0
key=<PortConfig.State, handler=0xaaaad3860d58, state=0
key=<SecurityEnhance.IpmiMasterKeyId, handler=0xaaaad3876968, state=0
key=<EthGroup.Ipv6DefaultGateway, handler=0xaaaad3860d58, state=0
key=<Upgrade.UpgradeFileMasterKeyId, handler=0xaaaad3876968, state=0
key=<PortConfig.Port, handler=0xaaaad3860d58, state=0
key=<VNC.PwdMasterKeyId, handler=0xaaaad3876968, state=0
key=<Snmp.SnmpCommMasterKeyId, handler=0xaaaad3876968, state=0
key=<User.Privilege, handler=0xaaaad38779d0, state=0
key=<Upgrade.PreRollbackFlag, handler=0xaaaad3849db0, state=0
=====================route info=============================
.key=VariantExpression, rpc_port=50023, msg_que_id=753686
.key=CafeDev, rpc_port=50007, msg_que_id=229382
.key=IPMIMessageFilter, rpc_port=50025, msg_que_id=819224
.key=PRODUCT, rpc_port=50023, msg_que_id=753686
.key=BOARD, rpc_port=50023, msg_que_id=753686
.key=GPUBoard, rpc_port=50014, msg_que_id=458765
.key=VirOpticalModule, rpc_port=50028, msg_que_id=917531
.key=IpmbAddr, rpc_port=50025, msg_que_id=819224
.key=CoolingCondition, rpc_port=50021, msg_que_id=688148
.key=SysPower, rpc_port=50024, msg_que_id=786455
.key=CpuBoard, rpc_port=50014, msg_que_id=458765
.key=PcieHddRemoveMonitor, rpc_port=50016, msg_que_id=524303
.key=VRDAction, rpc_port=50008, msg_que_id=262151
.key=EnergySaving, rpc_port=50017, msg_que_id=557072
.key=PIPE, rpc_port=50015, msg_que_id=491534
.key=PasswdSetting, rpc_port=50026, msg_que_id=851993
.key=FdmWebConfig, rpc_port=50015, msg_que_id=491534
.key=SpecialPcieCard, rpc_port=50028, msg_que_id=917531
.key=RedfishEventService, rpc_port=50020, msg_que_id=655379
.key=LicenseManage, rpc_port=50002, msg_que_id=65537
.key=AccelerateCard, rpc_port=50014, msg_que_id=458765
.key=PCIeSDICard, rpc_port=50014, msg_que_id=458765
.key=PcieRetimer, rpc_port=50001, msg_que_id=32768
.key=PTASPolicy, rpc_port=50021, msg_que_id=688148
.key=EventMonitor, rpc_port=50009, msg_que_id=294920
.key=VirtualWire, rpc_port=50023, msg_que_id=753686
.key=SmtpConfig, rpc_port=50009, msg_que_id=294920
.key=PowerMgnt, rpc_port=50024, msg_que_id=786455
.key=HwMBAddrAllocMgmt, rpc_port=50014, msg_que_id=458765
.key=MeInfo, rpc_port=50017, msg_que_id=557072
.key=MutualAuthenticationCliCert, rpc_port=50023, msg_que_id=753686
.key=FANBoard, rpc_port=50014, msg_que_id=458765
.key=SystemManagerInfo, rpc_port=50023, msg_que_id=753686
.key=SensorShortTermSpecMonitor, rpc_port=50009, msg_que_id=294920
.key=SASCable, rpc_port=50016, msg_que_id=524303
.key=DevTest, rpc_port=50009, msg_que_id=294920
.key=NandInfo, rpc_port=50023, msg_que_id=753686
.key=EventDescpCfgToHmm, rpc_port=50009, msg_que_id=294920
.key=UserRole, rpc_port=50026, msg_que_id=851993
.key=SilkTemplate, rpc_port=50017, msg_que_id=557072
.key=Retimer, rpc_port=50014, msg_que_id=458765
.key=SyslogConfig, rpc_port=50009, msg_que_id=294920
.key=ProxyVideo, rpc_port=50018, msg_que_id=589841
.key=SmmFanFirmware, rpc_port=50008, msg_que_id=262151
.key=SSDPCtrlPtConfig, rpc_port=50019, msg_que_id=622610
.key=ResidentNetConfig, rpc_port=50028, msg_que_id=917531
.key=KvmLink, rpc_port=50004, msg_que_id=131075
.key=MasterSMM, rpc_port=50023, msg_que_id=753686
.key=ComputerSystem, rpc_port=50010, msg_que_id=327689
.key=LocalPcieCard, rpc_port=50014, msg_que_id=458765
.key=VPD, rpc_port=50016, msg_que_id=524303
.key=ComponentInfo, rpc_port=50017, msg_que_id=557072
.key=LSWConfig, rpc_port=50028, msg_que_id=917531
.key=AlertFilter, rpc_port=50009, msg_que_id=294920
.key=ModbusAddrAllocMgmt, rpc_port=50014, msg_que_id=458765
.key=Cooling, rpc_port=50021, msg_que_id=688148
.key=FANClass, rpc_port=50021, msg_que_id=688148
.key=HDDBackplane, rpc_port=50014, msg_que_id=458765
.key=ChipFirmwareMgnt, rpc_port=50008, msg_que_id=262151
.key=DftItem, rpc_port=50011, msg_que_id=360458
.key=Stateless, rpc_port=50028, msg_que_id=917531
.key=PcieAddrInfo, rpc_port=50015, msg_que_id=491534
.key=DftAction, rpc_port=50011, msg_que_id=360458
.key=ConditionTask, rpc_port=50009, msg_que_id=294920
.key=ExpBoard, rpc_port=50014, msg_que_id=458765
.key=OpaMezzInfo, rpc_port=50014, msg_que_id=458765
.key=SyslogItemCfg, rpc_port=50009, msg_que_id=294920
.key=ThresholdAssert, rpc_port=50009, msg_que_id=294920
.key=SolLink, rpc_port=50025, msg_que_id=819224
.key=MainBoard, rpc_port=50014, msg_que_id=458765
.key=IOBoard, rpc_port=50014, msg_que_id=458765
.key=_Snmp, rpc_port=50018, msg_que_id=589841
.key=SecurityModule, rpc_port=50014, msg_que_id=458765
.key=LLDPConfig, rpc_port=50028, msg_que_id=917531
.key=BBUModule, rpc_port=50024, msg_que_id=786455
.key=LeakageDetectionCard, rpc_port=50014, msg_que_id=458765
.key=SmtpItemCfg, rpc_port=50009, msg_que_id=294920
.key=DataAcquisitionMetric, rpc_port=50015, msg_que_id=491534
.key=RaidController, rpc_port=50016, msg_que_id=524303
.key=PMEServiceConfig, rpc_port=50023, msg_que_id=753686
.key=Memory, rpc_port=50017, msg_que_id=557072
.key=LicenseFeatureKey, rpc_port=50002, msg_que_id=65537
.key=VoltMonitor, rpc_port=50009, msg_que_id=294920
.key=PSUGroup, rpc_port=50024, msg_que_id=786455
.key=OemSdr, rpc_port=50009, msg_que_id=294920
.key=NPU, rpc_port=50017, msg_que_id=557072
.key=DiskSubArray, rpc_port=50016, msg_que_id=524303
.key=CollectPropertyDefinition, rpc_port=50023, msg_que_id=753686
.key=_card_manage, rpc_port=50014, msg_que_id=458765
.key=Action, rpc_port=50008, msg_que_id=262151
.key=OnePower, rpc_port=50024, msg_que_id=786455
.key=Kvm, rpc_port=50004, msg_que_id=131075
.key=DiscreteSensor, rpc_port=50009, msg_que_id=294920
.key=ThresholdSensorMonitor, rpc_port=50009, msg_que_id=294920
.key=CertMonitor, rpc_port=50023, msg_que_id=753686
.key=Pex8796, rpc_port=50001, msg_que_id=32768
.key=LicenseSaleInfo, rpc_port=50002, msg_que_id=65537
.key=PortMapping, rpc_port=50028, msg_que_id=917531
.key=RawEepromFruDev, rpc_port=50007, msg_que_id=229382
.key=_kvm_vmm, rpc_port=50004, msg_que_id=131075
.key=EnergySavingCfgItem, rpc_port=50017, msg_que_id=557072
.key=CpuStatistic, rpc_port=50017, msg_que_id=557072
.key=CompositionSetting, rpc_port=50001, msg_que_id=32768
.key=PsSleep, rpc_port=50024, msg_que_id=786455
.key=SysBattery, rpc_port=50024, msg_que_id=786455
.key=Pex9765, rpc_port=50001, msg_que_id=32768
.key=PermitRule, rpc_port=50026, msg_que_id=851993
.key=BMC, rpc_port=50023, msg_que_id=753686
.key=Snmp, rpc_port=50018, msg_que_id=589841
.key=VoltTest, rpc_port=50009, msg_que_id=294920
.key=LedPanel, rpc_port=50009, msg_que_id=294920
.key=EthFunction, rpc_port=50028, msg_que_id=917531
.key=_PowerMgnt, rpc_port=50024, msg_que_id=786455
.key=PowerCapping, rpc_port=50024, msg_que_id=786455
.key=RegAction, rpc_port=50014, msg_que_id=458765
.key=_ddns, rpc_port=50005, msg_que_id=163844
.key=M2TransformCard, rpc_port=50014, msg_que_id=458765
.key=SmBios, rpc_port=50013, msg_que_id=425996
.key=SensorOemConfig, rpc_port=50009, msg_que_id=294920
.key=Bios, rpc_port=50013, msg_que_id=425996
.key=McdlSdr, rpc_port=50009, msg_que_id=294920
.key=PMBusTempMonitor, rpc_port=50009, msg_que_id=294920
.key=DiskSlotInfo, rpc_port=50014, msg_que_id=458765
.key=LDAP, rpc_port=50023, msg_que_id=753686
.key=PassThroughCard, rpc_port=50014, msg_que_id=458765
.key=ReserveChanTest, rpc_port=50011, msg_que_id=360458
.key=RedfishEvtSubscription, rpc_port=50020, msg_que_id=655379
.key=Watchdog2, rpc_port=50022, msg_que_id=720917
.key=LedDispElmt_S, rpc_port=50009, msg_que_id=294920
.key=TransferFileInfo, rpc_port=50023, msg_que_id=753686
.key=PsuSlot, rpc_port=50024, msg_que_id=786455
.key=FruPayload, rpc_port=50022, msg_que_id=720917
.key=VMDCondition, rpc_port=50023, msg_que_id=753686
.key=_User, rpc_port=50026, msg_que_id=851993
.key=BoardInfoCollectCfg, rpc_port=50023, msg_que_id=753686
.key=Policy1Class, rpc_port=50021, msg_que_id=688148
.key=NetCard, rpc_port=50014, msg_que_id=458765
.key=Sel, rpc_port=50009, msg_que_id=294920
.key=ProductComponent, rpc_port=50023, msg_que_id=753686
.key=SLIMCableConfig, rpc_port=50016, msg_que_id=524303
.key=CfgMgnt, rpc_port=50003, msg_que_id=98306
.key=RiserPcieCard, rpc_port=50014, msg_que_id=458765
.key=OpticalModule, rpc_port=50028, msg_que_id=917531
.key=NPUHistoryECCInfo, rpc_port=50017, msg_que_id=557072
.key=RepeaterMgnt, rpc_port=50014, msg_que_id=458765
.key=ChipValueChecker, rpc_port=50009, msg_que_id=294920
.key=_net_nat, rpc_port=50029, msg_que_id=950300
.key=IPMIChannel, rpc_port=50025, msg_que_id=819224
.key=OscaPcieCard, rpc_port=50014, msg_que_id=458765
.key=LedDispElmt_RP, rpc_port=50009, msg_que_id=294920
.key=EventPolicy, rpc_port=50009, msg_que_id=294920
.key=iBMAUSBMassStorage, rpc_port=50004, msg_que_id=131075
.key=NvGPUAction, rpc_port=50014, msg_que_id=458765
.key=DiskArray, rpc_port=50016, msg_que_id=524303
.key=OscaPort, rpc_port=50013, msg_que_id=425996
.key=RmcpConfig, rpc_port=50025, msg_que_id=819224
.key=SASPHYStatus, rpc_port=50016, msg_que_id=524303
.key=SMMPCIeInfo, rpc_port=50014, msg_que_id=458765
.key=OCPCard, rpc_port=50014, msg_que_id=458765
.key=VirtualHDDBackplane, rpc_port=50014, msg_que_id=458765
.key=ProxyVmm, rpc_port=50018, msg_que_id=589841
.key=VmseChannel, rpc_port=50017, msg_que_id=557072
.key=HinicFirmware, rpc_port=50008, msg_que_id=262151
.key=MatchRegValue, rpc_port=50001, msg_que_id=32768
.key=Warning, rpc_port=50009, msg_que_id=294920
.key=Contact, rpc_port=50023, msg_que_id=753686
.key=Session, rpc_port=50026, msg_que_id=851993
.key=ExtendPcieCard, rpc_port=50014, msg_que_id=458765
.key=MaxValueMonitor, rpc_port=50009, msg_que_id=294920
.key=BusinessPort, rpc_port=50028, msg_que_id=917531
.key=CLASSFANTYPE, rpc_port=50021, msg_que_id=688148
.key=ButtonTest, rpc_port=50011, msg_que_id=360458
.key=SdrDev, rpc_port=50009, msg_que_id=294920
.key=SSDPConfig, rpc_port=50019, msg_que_id=622610
.key=BoardPower, rpc_port=50024, msg_que_id=786455
.key=PCIeSSDCard, rpc_port=50014, msg_que_id=458765
.key=USBMassStorage, rpc_port=50004, msg_que_id=131075
.key=MassStorage, rpc_port=50016, msg_que_id=524303
.key=TrapConfig, rpc_port=50009, msg_que_id=294920
.key=BIOSEvent, rpc_port=50009, msg_que_id=294920
.key=Led, rpc_port=50009, msg_que_id=294920
.key=PortConfig, rpc_port=50028, msg_que_id=917531
.key=PCIeDisk, rpc_port=50016, msg_que_id=524303
.key=PTAS, rpc_port=50021, msg_que_id=688148
.key=CompositionZone, rpc_port=50001, msg_que_id=32768
.key=MctpCtrl, rpc_port=50012, msg_que_id=393227
.key=SignalMonitor, rpc_port=50009, msg_que_id=294920
.key=MutualAuthentication, rpc_port=50023, msg_que_id=753686
.key=Card, rpc_port=50014, msg_que_id=458765
.key=RaidChip, rpc_port=50016, msg_que_id=524303
.key=Eth, rpc_port=50028, msg_que_id=917531
.key=LogicalDriveAlertInfo, rpc_port=50016, msg_que_id=524303
.key=Video, rpc_port=50004, msg_que_id=131075
.key=LedDispControl, rpc_port=50009, msg_que_id=294920
.key=Dump, rpc_port=50027, msg_que_id=884762
.key=FruStatics, rpc_port=50007, msg_que_id=229382
.key=_BIOS, rpc_port=50013, msg_que_id=425996
.key=ScriptEngine, rpc_port=50027, msg_que_id=884762
.key=PcieRootPortMap, rpc_port=50007, msg_que_id=229382
.key=FruDev, rpc_port=50007, msg_que_id=229382
.key=FPGAMemory, rpc_port=50017, msg_que_id=557072
.key=EventSeverityChange, rpc_port=50009, msg_que_id=294920
.key=_dfm, rpc_port=50000, msg_que_id=0
.key=TrapItemCfg, rpc_port=50009, msg_que_id=294920
.key=LedTest, rpc_port=50009, msg_que_id=294920
.key=DataCondition, rpc_port=50017, msg_que_id=557072
.key=StorageDiagnose, rpc_port=50016, msg_que_id=524303
.key=PcieCard, rpc_port=50014, msg_que_id=458765
.key=PowerAlert, rpc_port=50024, msg_que_id=786455
.key=PowerSignalMonitor, rpc_port=50009, msg_que_id=294920
.key=ComponentFirmware, rpc_port=50008, msg_que_id=262151
.key=NpuAbility, rpc_port=50017, msg_que_id=557072
.key=_Dft, rpc_port=50011, msg_que_id=360458
.key=MgmtChipEnvConfig, rpc_port=50023, msg_que_id=753686
.key=BMCCoreManagement, rpc_port=50023, msg_que_id=753686
.key=SeriaManagement, rpc_port=50025, msg_que_id=819224
.key=OcpCardControl, rpc_port=50014, msg_que_id=458765
.key=FirmwareLimit, rpc_port=50011, msg_que_id=360458
.key=User, rpc_port=50026, msg_que_id=851993
.key=Upgrade, rpc_port=50008, msg_que_id=262151
.key=_sensor_alarm, rpc_port=50009, msg_que_id=294920
.key=PrivilegeAgent, rpc_port=50018, msg_que_id=589841
.key=Eeprom, rpc_port=50008, msg_que_id=262151
.key=Condition, rpc_port=50021, msg_que_id=688148
.key=TempMonitor, rpc_port=50009, msg_que_id=294920
.key=_CpuMem, rpc_port=50017, msg_que_id=557072
.key=SMM, rpc_port=50023, msg_que_id=753686
.key=LDAPCommon, rpc_port=50023, msg_que_id=753686
.key=SensorCategory, rpc_port=50009, msg_que_id=294920
.key=NandFlash, rpc_port=50023, msg_que_id=753686
.key=Raid, rpc_port=50014, msg_que_id=458765
.key=TransferFile, rpc_port=50023, msg_que_id=753686
.key=DftCtrl, rpc_port=50011, msg_que_id=360458
.key=Entity, rpc_port=50009, msg_que_id=294920
.key=UidButton, rpc_port=50009, msg_que_id=294920
.key=Hdd, rpc_port=50016, msg_que_id=524303
.key=InterfaceTest, rpc_port=50011, msg_que_id=360458
.key=CardAction, rpc_port=50014, msg_que_id=458765
.key=EncryptKey, rpc_port=50026, msg_que_id=851993
.key=_diagnose, rpc_port=50015, msg_que_id=491534
.key=Language, rpc_port=50009, msg_que_id=294920
.key=Hotswap, rpc_port=50022, msg_que_id=720917
.key=ManualControlLed, rpc_port=50009, msg_que_id=294920
.key=_agentless, rpc_port=50010, msg_que_id=327689
.key=AlertString, rpc_port=50009, msg_que_id=294920
.key=LocalHostAgentPort, rpc_port=50029, msg_que_id=950300
.key=DftLSWConfig, rpc_port=50028, msg_que_id=917531
.key=DataAcquisitionTagDefinition, rpc_port=50015, msg_que_id=491534
.key=MezzCard, rpc_port=50014, msg_que_id=458765
.key=MemoryChannel, rpc_port=50017, msg_que_id=557072
.key=_Payload, rpc_port=50022, msg_que_id=720917
.key=AssetLocateBoard, rpc_port=50014, msg_que_id=458765
.key=RegMonitor, rpc_port=50009, msg_que_id=294920
.key=_MaintDebug, rpc_port=50027, msg_que_id=884762
.key=SysFWProgressStatus, rpc_port=50017, msg_que_id=557072
.key=_StorageMgnt, rpc_port=50016, msg_que_id=524303
.key=ConditionGroup, rpc_port=50021, msg_que_id=688148
.key=OSDrivePartition, rpc_port=50010, msg_que_id=327689
.key=_BMC, rpc_port=50023, msg_que_id=753686
.key=Log, rpc_port=50027, msg_que_id=884762
.key=_portal, rpc_port=50006, msg_que_id=196613
.key=Payload, rpc_port=50022, msg_que_id=720917
.key=_FileManage, rpc_port=50003, msg_que_id=98306
.key=PCIeFPGACard, rpc_port=50014, msg_que_id=458765
.key=LicenseKeyInfo, rpc_port=50002, msg_que_id=65537
.key=EthRename, rpc_port=50028, msg_que_id=917531
.key=StorageCfgCustomize, rpc_port=50016, msg_que_id=524303
.key=PcieSwitch, rpc_port=50001, msg_que_id=32768
.key=FdmConfig, rpc_port=50015, msg_que_id=491534
.key=MSPP, rpc_port=50024, msg_que_id=786455
.key=Firmware, rpc_port=50008, msg_que_id=262151
.key=DataAcquisitionService, rpc_port=50015, msg_que_id=491534
.key=VNC, rpc_port=50004, msg_que_id=131075
.key=ExtendSASCable, rpc_port=50016, msg_que_id=524303
.key=I2CTest, rpc_port=50011, msg_que_id=360458
.key=DiscreteEvent, rpc_port=50009, msg_que_id=294920
.key=FanGroup, rpc_port=50021, msg_que_id=688148
.key=LicenseSaleItem, rpc_port=50002, msg_que_id=65537
.key=DeaSdr, rpc_port=50009, msg_que_id=294920
.key=Vmm, rpc_port=50004, msg_que_id=131075
.key=SSLEncryptKey, rpc_port=50026, msg_que_id=851993
.key=ChipConfigMgnt, rpc_port=50008, msg_que_id=262151
.key=Ipmb, rpc_port=50025, msg_que_id=819224
.key=TreeNode, rpc_port=50015, msg_que_id=491534
.key=ProcessorFamily, rpc_port=50015, msg_que_id=491534
.key=SMS, rpc_port=50010, msg_que_id=327689
.key=PcieSwitchAction, rpc_port=50001, msg_que_id=32768
.key=EventInformation, rpc_port=50009, msg_que_id=294920
.key=FibreChannel, rpc_port=50028, msg_que_id=917531
.key=LDAPGroup, rpc_port=50023, msg_que_id=753686
.key=AgeTest, rpc_port=50011, msg_que_id=360458
.key=ThresholdSensor, rpc_port=50009, msg_que_id=294920
.key=EthGroup, rpc_port=50028, msg_que_id=917531
.key=BladeCpuThermal, rpc_port=50021, msg_que_id=688148
.key=PCIeTransformCard, rpc_port=50014, msg_que_id=458765
.key=CompositionEndpoint, rpc_port=50001, msg_que_id=32768
.key=PswCpld, rpc_port=50001, msg_que_id=32768
.key=ConditionAction, rpc_port=50009, msg_que_id=294920
.key=EnvRecord, rpc_port=50009, msg_que_id=294920
.key=_PcieSwitch, rpc_port=50001, msg_que_id=32768
.key=BoardRTC, rpc_port=50023, msg_que_id=753686
.key=BladeCoolingPolicy, rpc_port=50021, msg_que_id=688148
.key=LedDispElmt, rpc_port=50009, msg_que_id=294920
.key=_cooling_app, rpc_port=50021, msg_que_id=688148
.key=GPUCard, rpc_port=50014, msg_que_id=458765
.key=StringFormator, rpc_port=50009, msg_que_id=294920
.key=EventConfiguration, rpc_port=50009, msg_que_id=294920
.key=Chassis, rpc_port=50023, msg_que_id=753686
.key=ComponentPowerCtrl, rpc_port=50014, msg_que_id=458765
.key=_MCTP, rpc_port=50012, msg_que_id=393227
.key=Redfish, rpc_port=50020, msg_que_id=655379
.key=EndpointIdentifier, rpc_port=50001, msg_que_id=32768
.key=Pex8725, rpc_port=50001, msg_que_id=32768
.key=_LicenseMgnt, rpc_port=50002, msg_que_id=65537
.key=BoardTypeDefinition, rpc_port=50023, msg_que_id=753686
.key=KRBCommon, rpc_port=50023, msg_que_id=753686
.key=_UPGRADE, rpc_port=50008, msg_que_id=262151
.key=SOLManagement, rpc_port=50025, msg_que_id=819224
.key=ChipVrdParameterConfig, rpc_port=50008, msg_que_id=262151
.key=LSWChipMgnt, rpc_port=50028, msg_que_id=917531
.key=ExPortConfig, rpc_port=50028, msg_que_id=917531
.key=BBU, rpc_port=50016, msg_que_id=524303
.key=VncLink, rpc_port=50004, msg_que_id=131075
.key=HDDLocationStatus, rpc_port=50016, msg_que_id=524303
.key=EthFunctionDefine, rpc_port=50028, msg_que_id=917531
.key=DNSSetting, rpc_port=50005, msg_que_id=163844
.key=SSL, rpc_port=50023, msg_que_id=753686
.key=RemoteHttpsServerRootCert, rpc_port=50023, msg_que_id=753686
.key=DftVersion, rpc_port=50011, msg_que_id=360458
.key=PeripheralDeviceSensor, rpc_port=50014, msg_que_id=458765
.key=SASExpander, rpc_port=50016, msg_que_id=524303
.key=MemoryBoard, rpc_port=50014, msg_que_id=458765
.key=Cpu, rpc_port=50017, msg_que_id=557072
.key=RegConfig, rpc_port=50014, msg_que_id=458765
.key=_FruData, rpc_port=50007, msg_que_id=229382
.key=Gpio, rpc_port=50009, msg_que_id=294920
.key=LicenseAlarmInfo, rpc_port=50002, msg_que_id=65537
.key=LDAPCert, rpc_port=50023, msg_que_id=753686
.key=ChipValueReader, rpc_port=50009, msg_que_id=294920
.key=VRDUpgradeMgnt, rpc_port=50008, msg_que_id=262151
.key=LedCtrl, rpc_port=50009, msg_que_id=294920
.key=PefFilter, rpc_port=50009, msg_que_id=294920
.key=_redfish, rpc_port=50020, msg_que_id=655379
.key=AdditionalFan, rpc_port=50021, msg_que_id=688148
.key=SelFilter, rpc_port=50009, msg_que_id=294920
.key=CPLDSelftest, rpc_port=50011, msg_que_id=360458
.key=SMMportswitch, rpc_port=50028, msg_que_id=917531
.key=PcieRetimerAction, rpc_port=50001, msg_que_id=32768
.key=OAM, rpc_port=50028, msg_que_id=917531
.key=ModbusSlave, rpc_port=50014, msg_que_id=458765
.key=PowerOnCriteria, rpc_port=50022, msg_que_id=720917
.key=CpuPowTempMap, rpc_port=50021, msg_que_id=688148
.key=Diagnose, rpc_port=50015, msg_que_id=491534
.key=Fru, rpc_port=50007, msg_que_id=229382
.key=MMPortOtmInfo, rpc_port=50028, msg_que_id=917531
.key=LogicalDrive, rpc_port=50016, msg_que_id=524303
.key=I2cLed, rpc_port=50009, msg_que_id=294920
.key=_discovery, rpc_port=50019, msg_que_id=622610
.key=EventDescp, rpc_port=50009, msg_que_id=294920
.key=_ipmi_app, rpc_port=50025, msg_que_id=819224
.key=Composition, rpc_port=50001, msg_que_id=32768
.key=Component, rpc_port=50007, msg_que_id=229382
.key=BusinessPortVLAN, rpc_port=50028, msg_que_id=917531
.key=MutualAuthenticationRootCert, rpc_port=50023, msg_que_id=753686
.key=Elabel, rpc_port=50007, msg_que_id=229382
.key=SecurityEnhance, rpc_port=50026, msg_que_id=851993
.key=VRDUpgradeMgntAssist, rpc_port=50008, msg_que_id=262151
.key=InsertStatusLedCtrl, rpc_port=50009, msg_que_id=294920
.key=ResidentStorageMgnt, rpc_port=50016, msg_que_id=524303
.key=_NetConfig, rpc_port=50028, msg_que_id=917531
.key=LicenseGeneralInfo, rpc_port=50002, msg_que_id=65537
.key=DftStatus, rpc_port=50011, msg_que_id=360458
.key=NTP, rpc_port=50023, msg_que_id=753686
.key=Com, rpc_port=50025, msg_que_id=819224
.key=NoDevTest, rpc_port=50009, msg_que_id=294920
.key=MngtPortCap, rpc_port=50028, msg_que_id=917531
.key=USBPortSwitch, rpc_port=50023, msg_que_id=753686
.key=IpmbEth, rpc_port=50025, msg_que_id=819224
.key=SLIMCable, rpc_port=50016, msg_que_id=524303
.key=Modbus, rpc_port=50014, msg_que_id=458765
.key=IsMemBoard, rpc_port=50014, msg_que_id=458765
.key=ExternalRefInfo, rpc_port=50015, msg_que_id=491534
.key=AccessorUpdateAction, rpc_port=50008, msg_que_id=262151
.key=ProxyKvm, rpc_port=50018, msg_que_id=589841
.key=ChipUpgradeByI2C, rpc_port=50008, msg_que_id=262151
=====================other info=============================
ipmi app rpc port=50025
dft app rpc port=50011
my rpc port=50026
my ipc id=851993
sync sem4 id=32768
module id=27
=============================client end==========================
=====================class info============================
--------------------- PRODUCT             -----------------
listened       : SessionTokenLength: 327689, 
--------------------- Bios                -----------------
listened       : SystemStartupState: 491534, 917531, 
               : PcieCardBDF: 458765, 
               : PcieDiskBDF: 458765, 
               : OCPCardBDF: 458765, 
               : MenuChangeFlag: 458765, 
               : BiosBootStage: 458765, 
               : BiosPwdMasterKeyId: 851993, 
               : StartOption: 131075, 
--------------------- Snmp                -----------------
listened       : SnmpCommMasterKeyId: 851993, 
               : OldEngineID: 851993, 
               : AuthProtocol: 917531, 
               : PrivProtocol: 917531, 
               : PortID: 917531, 
--------------------- KRBCommon           -----------------
--------------------- PermitRule          -----------------
--------------------- TrapConfig          -----------------
listened       : CommunityMasterKeyId: 851993, 
--------------------- Upgrade             -----------------
listened       : UpgradedFlag: 589841, 655379, 425996, 294920, 851993, 131075, 753686, 
               : PreRollbackFlag: 589841, 655379, 425996, 294920, 851993, 131075, 753686, 
               : Degrade: 557072, 
               : UpgradeFileMasterKeyId: 851993, 
--------------------- KvmLink             -----------------
--------------------- VncLink             -----------------
--------------------- Session             -----------------
--------------------- VNC                 -----------------
listened       : PwdMasterKeyId: 851993, 
--------------------- LDAP                -----------------
listened       : BindDNPswMasterKeyId: 851993, 
--------------------- NTP                 -----------------
listened       : NtpPwdMasterKeyId: 851993, 
               : SysTimeJumpVal: 753686, 
--------------------- Vmm                 -----------------
--------------------- Redfish             -----------------
listened       : RedfishMasterKeyId: 851993, 
--------------------- LDAPGroup           -----------------
--------------------- Log                 -----------------
--------------------- User                -----------------
listened       : SnmpPrivProtocol: 589841, 
               : Privilege: 851993, 
               : IsUserEnable: 851993, 
               : PassWord: 851993, 
--------------------- EncryptKey          -----------------
listened       : WorkKey: 589841, 655379, 294920, 851993, 131075, 
--------------------- UserRole            -----------------
listened       : KVMMgnt: 851993, 
               : VMMMgnt: 851993, 
--------------------- SSL                 -----------------
listened       : CertStatus: 589841, 
               : SSLMasterKeyId: 851993, 
--------------------- PasswdSetting       -----------------
--------------------- SecurityEnhance     -----------------
listened       : TLSVersion: 589841, 131075, 
               : AntiDNSRebindStatus: 589841, 
               : SSLCipherSuites: 589841, 
               : SystemLockDownStatus: 655379, 819224, 
               : RMCPCipherSuites: 819224, 
               : BannerState: 851993, 
               : MKUpdateInterval: 851993, 
               : IpmiMasterKeyId: 851993, 
               : SnmpPrivacyPwdMasterKeyId: 851993, 
               : CertOverdueWarnTime: 753686, 
--------------------- SmtpConfig          -----------------
listened       : LoginPasswdMasterKeyId: 851993, 
--------------------- SSLEncryptKey       -----------------
listened       : WorkKey: 753686, 
--------------------- MutualAuthentication-----------------
listened       : MutualAuthenticationState: 589841, 851993, 
               : MutualAuthenticationOCSP: 589841, 851993, 
               : MutualAuthenticationCRL: 589841, 
--------------------- EthGroup            -----------------
listened       : IpVersion: 589841, 851993, 
               : IpAddr: 589841, 819224, 851993, 917531, 
               : Ipv6Addr: 589841, 851993, 917531, 
               : SLAACIpv6Addr: 589841, 917531, 
               : Ipv6LocalLink: 589841, 917531, 
               : ActivePort: 589841, 917531, 
               : Type: 589841, 917531, 
               : IpMode: 851993, 753686, 
               : SubnetMask: 851993, 
               : DefaultGateway: 851993, 
               : Ipv6Mode: 851993, 753686, 
               : Ipv6DefaultGateway: 851993, 
               : Ipv6Prefix: 851993, 
               : VlanID: 917531, 
               : VlanState: 917531, 
               : NetMode: 917531, 
--------------------- Video               -----------------
--------------------- LDAPCommon          -----------------
--------------------- BMC                 -----------------
listened       : HostName: 589841, 163844, 917531, 294920, 
               : CustomManufacturer: 655379, 
--------------------- PortConfig          -----------------
listened       : State: 589841, 851993, 917531, 950300, 
               : Port: 589841, 851993, 917531, 950300, 
--------------------- PMEServiceConfig    -----------------
listened       : BoardInfoCollectEnable: 753686, 
=====================fwrite info============================
fm sync fwrite cnt: 0
log fwrite cnt: 0
fm setcontent fwrite cnt: 0
