PSU1 black box info:
BMC Time:2023-10-30 07:11:22    Power SN:2102312HGYW0N7001616
0x00: 0x30 0x32 0x33 0x31 0x32 0x48 0x47 0x59 0x57 0x30 0x4e 0x37 0x30 0x30 0x31 0x36 
0x01: 0x31 0x36 0x30 0x37 0x31 0x38 0x32 0x32 0x00 0xad 0x0f 0x0e 0x01 0x00 0x00 0x0c 
0x02: 0x08 0x00 0x00 0x00 0x00 0x00 0x00 0x00 0x0b 0xa3 0x67 0x02 0x00 0x08 0x30 0x00 
0x03: 0x00 0x10 0x00 0x00 0x00 0xc0 0xdc 0xf9 0xa6 0xc1 0xe7 0xc2 0x73 0xf0 0xbf 0xf0 
0x04: 0xc2 0xf0 0xe6 0x13 0xe3 0xf9 0x77 0xf0 0x00 0x00 0x00 0x00 0x00 0x00 0x00 0x00 
0x05: 0x0c 0xa3 0x67 0x02 0x00 0x08 0x30 0x00 0x00 0x10 0x00 0x00 0x00 0xc2 0x0b 0xf8 
0x06: 0x00 0xb8 0x9d 0x70 0x08 0xf0 0xbf 0xf0 0xc1 0xf0 0xb5 0x13 0x8c 0xf9 0x31 0xf0 
0x07: 0x00 0x00 0x00 0x00 0x00 0x00 0x00 0x00 0x03 0x29 0x3c 0x01 0x00 0x08 0x30 0x00 
0x08: 0x00 0x10 0x00 0x00 0x00 0xc0 0xd7 0xf9 0x66 0xc1 0x6b 0xc2 0x4e 0xf0 0x9f 0xf0 
0x09: 0xa0 0xf0 0xe9 0x13 0x00 0xf8 0x61 0xf0 0x00 0x00 0x00 0x00 0x00 0x00 0x00 0x00 
0x0a: 0x04 0x29 0x3c 0x01 0x00 0x08 0x30 0x00 0x00 0x10 0x00 0x00 0x00 0xc2 0x0b 0xf8 
0x0b: 0x00 0xb8 0xa3 0x70 0x07 0xf0 0x9f 0xf0 0xa0 0xf0 0xd1 0x13 0x65 0xf9 0x61 0xf0 
0x0c: 0x00 0x00 0x00 0x00 0x00 0x00 0x00 0x00 0x05 0xe4 0x3f 0x01 0x00 0x08 0x30 0x00 
0x0d: 0x00 0x10 0x00 0x00 0x00 0xc0 0xd8 0xf9 0x5f 0xc1 0x89 0xc3 0x56 0xf0 0x9c 0xf0 
0x0e: 0x9e 0xf0 0xe1 0x13 0x00 0xf8 0x57 0xf0 0x00 0x00 0x00 0x00 0x00 0x00 0x00 0x00 
0x0f: 0x06 0xe4 0x3f 0x01 0x00 0x08 0x30 0x00 0x00 0x10 0x00 0x00 0x00 0xc2 0x0c 0xf8 
0x10: 0x00 0xb8 0x9c 0x73 0x05 0xf0 0x9d 0xf0 0x9f 0xf0 0xdf 0x13 0x05 0xf9 0x57 0xf0 
0x11: 0x00 0x00 0x00 0x00 0x00 0x00 0x00 0x00 0x07 0xd2 0x4b 0x01 0x00 0x08 0x30 0x00 
0x12: 0x00 0x10 0x00 0x00 0x00 0xc0 0xd4 0xf9 0x60 0xc1 0xf8 0xc2 0x4e 0xf0 0x9a 0xf0 
0x13: 0x9b 0xf0 0xee 0x13 0xd9 0xf9 0x66 0xf0 0x00 0x00 0x00 0x00 0x00 0x00 0x00 0x00 
0x14: 0x08 0xd2 0x4b 0x01 0x00 0x08 0x30 0x00 0x00 0x10 0x00 0x00 0x00 0xc2 0x0b 0xf8 
0x15: 0x00 0xb8 0x0f 0x71 0x06 0xf0 0x9a 0xf0 0x9c 0xf0 0xf4 0x13 0x37 0xf9 0x29 0xf0 
0x16: 0x00 0x00 0x00 0x00 0x00 0x00 0x00 0x00 0x09 0x8b 0x66 0x02 0x00 0x08 0x30 0x00 
0x17: 0x00 0x10 0x00 0x00 0x00 0xc0 0xe1 0xf9 0x62 0xb8 0xf4 0xc4 0x09 0xf0 0xc0 0xf0 
0x18: 0xc7 0xf0 0x06 0x14 0xe5 0xf9 0x68 0xf0 0x00 0x00 0x00 0x00 0x00 0x00 0x00 0x00 
0x19: 0x0a 0x8b 0x66 0x02 0x00 0x08 0x30 0x00 0x00 0x10 0x00 0x00 0x00 0xc2 0x0b 0xf8 
0x1a: 0x00 0xb8 0xf8 0xa8 0x00 0xf0 0xc0 0xf0 0xc7 0xf0 0x00 0x14 0xcd 0xf8 0x03 0xf0 
0x1b: 0x00 0x00 0x00 0x00 0x00 0x00 0x00 0x00 0x00 0x00 0x00 0x00 0x00 0x00 0x00 0x00 
0x1c: 0x00 0x00 0x00 0x00 0x00 0x00 0x00 0x00 0x00 0x00 0x00 0x00 0x00 0x00 0x00 0x00 
0x1d: 0x00 0x00 0x00 0x00 0x00 0x00 0x00 0x00 0x00 0x00 0x00 0x00 0x00 0x00 0x00 0x00 
0x1e: 0x00 0x00 0x00 0x00 0x00 0x00 0x00 0x00 0x00 0x00 0x00 0x00 0x00 0x00 0x00 0x00 
0x1f: 0x00 0x00 0x00 0x00 0x00 0x00 0x00 0x00 0x00 0x00 0x00 0x00 0x00 0x00 0x00 0x00 
PSU2 black box info:
BMC Time:2023-10-30 07:11:23    Power SN:2102312HGYW0N7001127
0x00: 0x30 0x32 0x33 0x31 0x32 0x48 0x47 0x59 0x57 0x30 0x4e 0x37 0x30 0x30 0x31 0x31 
0x01: 0x32 0x37 0x30 0x37 0x31 0x37 0x32 0x32 0x00 0x9f 0x0f 0x0e 0x01 0x00 0x00 0x0f 
0x02: 0x80 0x00 0x00 0x00 0x00 0x00 0x00 0x00 0x0b 0x7d 0x47 0x01 0x00 0x08 0x30 0x00 
0x03: 0x00 0x10 0x00 0x00 0x00 0xc2 0x0c 0xf8 0x00 0xb8 0x6d 0x71 0x02 0xf0 0x90 0xf0 
0x04: 0x8f 0xf0 0xfa 0x13 0xd6 0xf9 0x58 0xf0 0x00 0x00 0x00 0x00 0x00 0x00 0x00 0x00 
0x05: 0x0c 0xb2 0x4b 0x01 0x00 0x08 0x30 0x00 0x00 0x10 0x00 0x00 0x00 0xc0 0xd5 0xf9 
0x06: 0x2c 0xc1 0x0d 0xc3 0x58 0xf0 0x8b 0xf0 0x8b 0xf0 0xec 0x13 0xdc 0xf9 0x5e 0xf0 
0x07: 0x00 0x00 0x00 0x00 0x00 0x00 0x00 0x00 0x0d 0xb2 0x4b 0x01 0x00 0x08 0x30 0x00 
0x08: 0x00 0x10 0x00 0x00 0x00 0xc2 0x0c 0xf8 0x00 0xb8 0xf1 0x70 0x02 0xf0 0x8b 0xf0 
0x09: 0x8b 0xf0 0xdd 0x13 0x40 0xf9 0x14 0xf0 0x00 0x00 0x00 0x00 0x00 0x00 0x00 0x00 
0x0a: 0x0e 0x7f 0x67 0x02 0x00 0x08 0x30 0x00 0x00 0x10 0x00 0x00 0x00 0xc0 0xdd 0xf9 
0x0b: 0x64 0xb9 0xec 0xc4 0x28 0xf0 0xac 0xf0 0xac 0xf0 0xe2 0x13 0x00 0xf8 0x2a 0xf0 
0x0c: 0x00 0x00 0x00 0x00 0x00 0x00 0x00 0x00 0x0f 0x7f 0x67 0x02 0x00 0x08 0x30 0x00 
0x0d: 0x00 0x10 0x00 0x00 0x00 0xc2 0x0c 0xf8 0x00 0xb8 0xd8 0x7a 0x00 0xf0 0xac 0xf0 
0x0e: 0xac 0xf0 0xe7 0x13 0xdb 0xf9 0x2a 0xf0 0x00 0x00 0x00 0x00 0x00 0x00 0x00 0x00 
0x0f: 0x06 0xc4 0x3f 0x01 0x00 0x08 0x30 0x00 0x00 0x10 0x00 0x00 0x00 0xc0 0xd9 0xf9 
0x10: 0x27 0xc1 0xd0 0xc2 0x51 0xf0 0x8e 0xf0 0x8d 0xf0 0xde 0x13 0xde 0xf9 0x60 0xf0 
0x11: 0x00 0x00 0x00 0x00 0x00 0x00 0x00 0x00 0x07 0xc4 0x3f 0x01 0x00 0x08 0x30 0x00 
0x12: 0x00 0x10 0x00 0x00 0x00 0xc2 0x0c 0xf8 0x00 0xb8 0x82 0x70 0x03 0xf0 0x8e 0xf0 
0x13: 0x8d 0xf0 0xb7 0x13 0x65 0xf9 0x37 0xf0 0x00 0x00 0x00 0x00 0x00 0x00 0x00 0x00 
0x14: 0x08 0xba 0x43 0x01 0x00 0x08 0x30 0x00 0x00 0x10 0x00 0x00 0x00 0xc0 0xd6 0xf9 
0x15: 0x35 0xc1 0xc0 0xc2 0x4e 0xf0 0x8d 0xf0 0x8c 0xf0 0xdd 0x13 0xe0 0xf9 0x5f 0xf0 
0x16: 0x00 0x00 0x00 0x00 0x00 0x00 0x00 0x00 0x09 0xba 0x43 0x01 0x00 0x08 0x30 0x00 
0x17: 0x00 0x10 0x00 0x00 0x00 0xc2 0x0c 0xf8 0x00 0xb8 0xe0 0x70 0x02 0xf0 0x8d 0xf0 
0x18: 0x8c 0xf0 0xd0 0x13 0xbb 0xf9 0x28 0xf0 0x00 0x00 0x00 0x00 0x00 0x00 0x00 0x00 
0x19: 0x0a 0x7d 0x47 0x01 0x00 0x08 0x30 0x00 0x00 0x10 0x00 0x00 0x00 0xc0 0xd6 0xf9 
0x1a: 0x40 0xc1 0xbd 0xc2 0x4e 0xf0 0x90 0xf0 0x8e 0xf0 0x18 0x14 0x00 0xf8 0x58 0xf0 
0x1b: 0x00 0x00 0x00 0x00 0x00 0x00 0x00 0x00 0x00 0x00 0x00 0x00 0x00 0x00 0x00 0x00 
0x1c: 0x00 0x00 0x00 0x00 0x00 0x00 0x00 0x00 0x00 0x00 0x00 0x00 0x00 0x00 0x00 0x00 
0x1d: 0x00 0x00 0x00 0x00 0x00 0x00 0x00 0x00 0x00 0x00 0x00 0x00 0x00 0x00 0x00 0x00 
0x1e: 0x00 0x00 0x00 0x00 0x00 0x00 0x00 0x00 0x00 0x00 0x00 0x00 0x00 0x00 0x00 0x00 
0x1f: 0x00 0x00 0x00 0x00 0x00 0x00 0x00 0x00 0x00 0x00 0x00 0x00 0x00 0x00 0x00 0x00 
PSU1 black box info:
BMC Time:2024-03-08 02:23:56    Power SN:2102312HGYW0N7001616
0x00: 0x30 0x32 0x33 0x31 0x32 0x48 0x47 0x59 0x57 0x30 0x4e 0x37 0x30 0x30 0x31 0x36 
0x01: 0x31 0x36 0x30 0x37 0x31 0x38 0x32 0x32 0x00 0x66 0x2f 0xb9 0x01 0x00 0x00 0x0c 
0x02: 0x08 0x00 0x00 0x00 0x00 0x00 0x00 0x00 0x0b 0xa3 0x67 0x02 0x00 0x08 0x30 0x00 
0x03: 0x00 0x10 0x00 0x00 0x00 0xc0 0xdc 0xf9 0xa6 0xc1 0xe7 0xc2 0x73 0xf0 0xbf 0xf0 
0x04: 0xc2 0xf0 0xe6 0x13 0xe3 0xf9 0x77 0xf0 0x00 0x00 0x00 0x00 0x00 0x00 0x00 0x00 
0x05: 0x0c 0xa3 0x67 0x02 0x00 0x08 0x30 0x00 0x00 0x10 0x00 0x00 0x00 0xc2 0x0b 0xf8 
0x06: 0x00 0xb8 0x9d 0x70 0x08 0xf0 0xbf 0xf0 0xc1 0xf0 0xb5 0x13 0x8c 0xf9 0x31 0xf0 
0x07: 0x00 0x00 0x00 0x00 0x00 0x00 0x00 0x00 0x03 0x29 0x3c 0x01 0x00 0x08 0x30 0x00 
0x08: 0x00 0x10 0x00 0x00 0x00 0xc0 0xd7 0xf9 0x66 0xc1 0x6b 0xc2 0x4e 0xf0 0x9f 0xf0 
0x09: 0xa0 0xf0 0xe9 0x13 0x00 0xf8 0x61 0xf0 0x00 0x00 0x00 0x00 0x00 0x00 0x00 0x00 
0x0a: 0x04 0x29 0x3c 0x01 0x00 0x08 0x30 0x00 0x00 0x10 0x00 0x00 0x00 0xc2 0x0b 0xf8 
0x0b: 0x00 0xb8 0xa3 0x70 0x07 0xf0 0x9f 0xf0 0xa0 0xf0 0xd1 0x13 0x65 0xf9 0x61 0xf0 
0x0c: 0x00 0x00 0x00 0x00 0x00 0x00 0x00 0x00 0x05 0xe4 0x3f 0x01 0x00 0x08 0x30 0x00 
0x0d: 0x00 0x10 0x00 0x00 0x00 0xc0 0xd8 0xf9 0x5f 0xc1 0x89 0xc3 0x56 0xf0 0x9c 0xf0 
0x0e: 0x9e 0xf0 0xe1 0x13 0x00 0xf8 0x57 0xf0 0x00 0x00 0x00 0x00 0x00 0x00 0x00 0x00 
0x0f: 0x06 0xe4 0x3f 0x01 0x00 0x08 0x30 0x00 0x00 0x10 0x00 0x00 0x00 0xc2 0x0c 0xf8 
0x10: 0x00 0xb8 0x9c 0x73 0x05 0xf0 0x9d 0xf0 0x9f 0xf0 0xdf 0x13 0x05 0xf9 0x57 0xf0 
0x11: 0x00 0x00 0x00 0x00 0x00 0x00 0x00 0x00 0x07 0xd2 0x4b 0x01 0x00 0x08 0x30 0x00 
0x12: 0x00 0x10 0x00 0x00 0x00 0xc0 0xd4 0xf9 0x60 0xc1 0xf8 0xc2 0x4e 0xf0 0x9a 0xf0 
0x13: 0x9b 0xf0 0xee 0x13 0xd9 0xf9 0x66 0xf0 0x00 0x00 0x00 0x00 0x00 0x00 0x00 0x00 
0x14: 0x08 0xd2 0x4b 0x01 0x00 0x08 0x30 0x00 0x00 0x10 0x00 0x00 0x00 0xc2 0x0b 0xf8 
0x15: 0x00 0xb8 0x0f 0x71 0x06 0xf0 0x9a 0xf0 0x9c 0xf0 0xf4 0x13 0x37 0xf9 0x29 0xf0 
0x16: 0x00 0x00 0x00 0x00 0x00 0x00 0x00 0x00 0x09 0x8b 0x66 0x02 0x00 0x08 0x30 0x00 
0x17: 0x00 0x10 0x00 0x00 0x00 0xc0 0xe1 0xf9 0x62 0xb8 0xf4 0xc4 0x09 0xf0 0xc0 0xf0 
0x18: 0xc7 0xf0 0x06 0x14 0xe5 0xf9 0x68 0xf0 0x00 0x00 0x00 0x00 0x00 0x00 0x00 0x00 
0x19: 0x0a 0x8b 0x66 0x02 0x00 0x08 0x30 0x00 0x00 0x10 0x00 0x00 0x00 0xc2 0x0b 0xf8 
0x1a: 0x00 0xb8 0xf8 0xa8 0x00 0xf0 0xc0 0xf0 0xc7 0xf0 0x00 0x14 0xcd 0xf8 0x03 0xf0 
0x1b: 0x00 0x00 0x00 0x00 0x00 0x00 0x00 0x00 0x00 0x00 0x00 0x00 0x00 0x00 0x00 0x00 
0x1c: 0x00 0x00 0x00 0x00 0x00 0x00 0x00 0x00 0x00 0x00 0x00 0x00 0x00 0x00 0x00 0x00 
0x1d: 0x00 0x00 0x00 0x00 0x00 0x00 0x00 0x00 0x00 0x00 0x00 0x00 0x00 0x00 0x00 0x00 
0x1e: 0x00 0x00 0x00 0x00 0x00 0x00 0x00 0x00 0x00 0x00 0x00 0x00 0x00 0x00 0x00 0x00 
0x1f: 0x00 0x00 0x00 0x00 0x00 0x00 0x00 0x00 0x00 0x00 0x00 0x00 0x00 0x00 0x00 0x00 
PSU2 black box info:
BMC Time:2024-03-08 02:23:57    Power SN:2102312HGYW0N7001127
0x00: 0x30 0x32 0x33 0x31 0x32 0x48 0x47 0x59 0x57 0x30 0x4e 0x37 0x30 0x30 0x31 0x31 
0x01: 0x32 0x37 0x30 0x37 0x31 0x37 0x32 0x32 0x00 0x75 0x2f 0xb9 0x01 0x00 0x00 0x0f 
0x02: 0x80 0x00 0x00 0x00 0x00 0x00 0x00 0x00 0x0b 0x7d 0x47 0x01 0x00 0x08 0x30 0x00 
0x03: 0x00 0x10 0x00 0x00 0x00 0xc2 0x0c 0xf8 0x00 0xb8 0x6d 0x71 0x02 0xf0 0x90 0xf0 
0x04: 0x8f 0xf0 0xfa 0x13 0xd6 0xf9 0x58 0xf0 0x00 0x00 0x00 0x00 0x00 0x00 0x00 0x00 
0x05: 0x0c 0xb2 0x4b 0x01 0x00 0x08 0x30 0x00 0x00 0x10 0x00 0x00 0x00 0xc0 0xd5 0xf9 
0x06: 0x2c 0xc1 0x0d 0xc3 0x58 0xf0 0x8b 0xf0 0x8b 0xf0 0xec 0x13 0xdc 0xf9 0x5e 0xf0 
0x07: 0x00 0x00 0x00 0x00 0x00 0x00 0x00 0x00 0x0d 0xb2 0x4b 0x01 0x00 0x08 0x30 0x00 
0x08: 0x00 0x10 0x00 0x00 0x00 0xc2 0x0c 0xf8 0x00 0xb8 0xf1 0x70 0x02 0xf0 0x8b 0xf0 
0x09: 0x8b 0xf0 0xdd 0x13 0x40 0xf9 0x14 0xf0 0x00 0x00 0x00 0x00 0x00 0x00 0x00 0x00 
0x0a: 0x0e 0x7f 0x67 0x02 0x00 0x08 0x30 0x00 0x00 0x10 0x00 0x00 0x00 0xc0 0xdd 0xf9 
0x0b: 0x64 0xb9 0xec 0xc4 0x28 0xf0 0xac 0xf0 0xac 0xf0 0xe2 0x13 0x00 0xf8 0x2a 0xf0 
0x0c: 0x00 0x00 0x00 0x00 0x00 0x00 0x00 0x00 0x0f 0x7f 0x67 0x02 0x00 0x08 0x30 0x00 
0x0d: 0x00 0x10 0x00 0x00 0x00 0xc2 0x0c 0xf8 0x00 0xb8 0xd8 0x7a 0x00 0xf0 0xac 0xf0 
0x0e: 0xac 0xf0 0xe7 0x13 0xdb 0xf9 0x2a 0xf0 0x00 0x00 0x00 0x00 0x00 0x00 0x00 0x00 
0x0f: 0x06 0xc4 0x3f 0x01 0x00 0x08 0x30 0x00 0x00 0x10 0x00 0x00 0x00 0xc0 0xd9 0xf9 
0x10: 0x27 0xc1 0xd0 0xc2 0x51 0xf0 0x8e 0xf0 0x8d 0xf0 0xde 0x13 0xde 0xf9 0x60 0xf0 
0x11: 0x00 0x00 0x00 0x00 0x00 0x00 0x00 0x00 0x07 0xc4 0x3f 0x01 0x00 0x08 0x30 0x00 
0x12: 0x00 0x10 0x00 0x00 0x00 0xc2 0x0c 0xf8 0x00 0xb8 0x82 0x70 0x03 0xf0 0x8e 0xf0 
0x13: 0x8d 0xf0 0xb7 0x13 0x65 0xf9 0x37 0xf0 0x00 0x00 0x00 0x00 0x00 0x00 0x00 0x00 
0x14: 0x08 0xba 0x43 0x01 0x00 0x08 0x30 0x00 0x00 0x10 0x00 0x00 0x00 0xc0 0xd6 0xf9 
0x15: 0x35 0xc1 0xc0 0xc2 0x4e 0xf0 0x8d 0xf0 0x8c 0xf0 0xdd 0x13 0xe0 0xf9 0x5f 0xf0 
0x16: 0x00 0x00 0x00 0x00 0x00 0x00 0x00 0x00 0x09 0xba 0x43 0x01 0x00 0x08 0x30 0x00 
0x17: 0x00 0x10 0x00 0x00 0x00 0xc2 0x0c 0xf8 0x00 0xb8 0xe0 0x70 0x02 0xf0 0x8d 0xf0 
0x18: 0x8c 0xf0 0xd0 0x13 0xbb 0xf9 0x28 0xf0 0x00 0x00 0x00 0x00 0x00 0x00 0x00 0x00 
0x19: 0x0a 0x7d 0x47 0x01 0x00 0x08 0x30 0x00 0x00 0x10 0x00 0x00 0x00 0xc0 0xd6 0xf9 
0x1a: 0x40 0xc1 0xbd 0xc2 0x4e 0xf0 0x90 0xf0 0x8e 0xf0 0x18 0x14 0x00 0xf8 0x58 0xf0 
0x1b: 0x00 0x00 0x00 0x00 0x00 0x00 0x00 0x00 0x00 0x00 0x00 0x00 0x00 0x00 0x00 0x00 
0x1c: 0x00 0x00 0x00 0x00 0x00 0x00 0x00 0x00 0x00 0x00 0x00 0x00 0x00 0x00 0x00 0x00 
0x1d: 0x00 0x00 0x00 0x00 0x00 0x00 0x00 0x00 0x00 0x00 0x00 0x00 0x00 0x00 0x00 0x00 
0x1e: 0x00 0x00 0x00 0x00 0x00 0x00 0x00 0x00 0x00 0x00 0x00 0x00 0x00 0x00 0x00 0x00 
0x1f: 0x00 0x00 0x00 0x00 0x00 0x00 0x00 0x00 0x00 0x00 0x00 0x00 0x00 0x00 0x00 0x00 
PSU1 black box info:
BMC Time:2025-07-14 02:02:16    Power SN:2102312HGYW0N7001616
0x00: 0x30 0x32 0x33 0x31 0x32 0x48 0x47 0x59 0x57 0x30 0x4e 0x37 0x30 0x30 0x31 0x36 
0x01: 0x31 0x36 0x30 0x37 0x31 0x38 0x32 0x32 0x00 0xb6 0x1c 0x43 0x04 0x00 0x00 0x0c 
0x02: 0x08 0x00 0x00 0x00 0x00 0x00 0x00 0x00 0x0b 0xa3 0x67 0x02 0x00 0x08 0x30 0x00 
0x03: 0x00 0x10 0x00 0x00 0x00 0xc0 0xdc 0xf9 0xa6 0xc1 0xe7 0xc2 0x73 0xf0 0xbf 0xf0 
0x04: 0xc2 0xf0 0xe6 0x13 0xe3 0xf9 0x77 0xf0 0x00 0x00 0x00 0x00 0x00 0x00 0x00 0x00 
0x05: 0x0c 0xa3 0x67 0x02 0x00 0x08 0x30 0x00 0x00 0x10 0x00 0x00 0x00 0xc2 0x0b 0xf8 
0x06: 0x00 0xb8 0x9d 0x70 0x08 0xf0 0xbf 0xf0 0xc1 0xf0 0xb5 0x13 0x8c 0xf9 0x31 0xf0 
0x07: 0x00 0x00 0x00 0x00 0x00 0x00 0x00 0x00 0x03 0x29 0x3c 0x01 0x00 0x08 0x30 0x00 
0x08: 0x00 0x10 0x00 0x00 0x00 0xc0 0xd7 0xf9 0x66 0xc1 0x6b 0xc2 0x4e 0xf0 0x9f 0xf0 
0x09: 0xa0 0xf0 0xe9 0x13 0x00 0xf8 0x61 0xf0 0x00 0x00 0x00 0x00 0x00 0x00 0x00 0x00 
0x0a: 0x04 0x29 0x3c 0x01 0x00 0x08 0x30 0x00 0x00 0x10 0x00 0x00 0x00 0xc2 0x0b 0xf8 
0x0b: 0x00 0xb8 0xa3 0x70 0x07 0xf0 0x9f 0xf0 0xa0 0xf0 0xd1 0x13 0x65 0xf9 0x61 0xf0 
0x0c: 0x00 0x00 0x00 0x00 0x00 0x00 0x00 0x00 0x05 0xe4 0x3f 0x01 0x00 0x08 0x30 0x00 
0x0d: 0x00 0x10 0x00 0x00 0x00 0xc0 0xd8 0xf9 0x5f 0xc1 0x89 0xc3 0x56 0xf0 0x9c 0xf0 
0x0e: 0x9e 0xf0 0xe1 0x13 0x00 0xf8 0x57 0xf0 0x00 0x00 0x00 0x00 0x00 0x00 0x00 0x00 
0x0f: 0x06 0xe4 0x3f 0x01 0x00 0x08 0x30 0x00 0x00 0x10 0x00 0x00 0x00 0xc2 0x0c 0xf8 
0x10: 0x00 0xb8 0x9c 0x73 0x05 0xf0 0x9d 0xf0 0x9f 0xf0 0xdf 0x13 0x05 0xf9 0x57 0xf0 
0x11: 0x00 0x00 0x00 0x00 0x00 0x00 0x00 0x00 0x07 0xd2 0x4b 0x01 0x00 0x08 0x30 0x00 
0x12: 0x00 0x10 0x00 0x00 0x00 0xc0 0xd4 0xf9 0x60 0xc1 0xf8 0xc2 0x4e 0xf0 0x9a 0xf0 
0x13: 0x9b 0xf0 0xee 0x13 0xd9 0xf9 0x66 0xf0 0x00 0x00 0x00 0x00 0x00 0x00 0x00 0x00 
0x14: 0x08 0xd2 0x4b 0x01 0x00 0x08 0x30 0x00 0x00 0x10 0x00 0x00 0x00 0xc2 0x0b 0xf8 
0x15: 0x00 0xb8 0x0f 0x71 0x06 0xf0 0x9a 0xf0 0x9c 0xf0 0xf4 0x13 0x37 0xf9 0x29 0xf0 
0x16: 0x00 0x00 0x00 0x00 0x00 0x00 0x00 0x00 0x09 0x8b 0x66 0x02 0x00 0x08 0x30 0x00 
0x17: 0x00 0x10 0x00 0x00 0x00 0xc0 0xe1 0xf9 0x62 0xb8 0xf4 0xc4 0x09 0xf0 0xc0 0xf0 
0x18: 0xc7 0xf0 0x06 0x14 0xe5 0xf9 0x68 0xf0 0x00 0x00 0x00 0x00 0x00 0x00 0x00 0x00 
0x19: 0x0a 0x8b 0x66 0x02 0x00 0x08 0x30 0x00 0x00 0x10 0x00 0x00 0x00 0xc2 0x0b 0xf8 
0x1a: 0x00 0xb8 0xf8 0xa8 0x00 0xf0 0xc0 0xf0 0xc7 0xf0 0x00 0x14 0xcd 0xf8 0x03 0xf0 
0x1b: 0x00 0x00 0x00 0x00 0x00 0x00 0x00 0x00 0x00 0x00 0x00 0x00 0x00 0x00 0x00 0x00 
0x1c: 0x00 0x00 0x00 0x00 0x00 0x00 0x00 0x00 0x00 0x00 0x00 0x00 0x00 0x00 0x00 0x00 
0x1d: 0x00 0x00 0x00 0x00 0x00 0x00 0x00 0x00 0x00 0x00 0x00 0x00 0x00 0x00 0x00 0x00 
0x1e: 0x00 0x00 0x00 0x00 0x00 0x00 0x00 0x00 0x00 0x00 0x00 0x00 0x00 0x00 0x00 0x00 
0x1f: 0x00 0x00 0x00 0x00 0x00 0x00 0x00 0x00 0x00 0x00 0x00 0x00 0x00 0x00 0x00 0x00 
PSU2 black box info:
BMC Time:2025-07-14 02:02:17    Power SN:2102312HGYW0N7001127
0x00: 0x30 0x32 0x33 0x31 0x32 0x48 0x47 0x59 0x57 0x30 0x4e 0x37 0x30 0x30 0x31 0x31 
0x01: 0x32 0x37 0x30 0x37 0x31 0x37 0x32 0x32 0x00 0x3c 0x1d 0x43 0x04 0x00 0x00 0x0f 
0x02: 0x80 0x00 0x00 0x00 0x00 0x00 0x00 0x00 0x0b 0x7d 0x47 0x01 0x00 0x08 0x30 0x00 
0x03: 0x00 0x10 0x00 0x00 0x00 0xc2 0x0c 0xf8 0x00 0xb8 0x6d 0x71 0x02 0xf0 0x90 0xf0 
0x04: 0x8f 0xf0 0xfa 0x13 0xd6 0xf9 0x58 0xf0 0x00 0x00 0x00 0x00 0x00 0x00 0x00 0x00 
0x05: 0x0c 0xb2 0x4b 0x01 0x00 0x08 0x30 0x00 0x00 0x10 0x00 0x00 0x00 0xc0 0xd5 0xf9 
0x06: 0x2c 0xc1 0x0d 0xc3 0x58 0xf0 0x8b 0xf0 0x8b 0xf0 0xec 0x13 0xdc 0xf9 0x5e 0xf0 
0x07: 0x00 0x00 0x00 0x00 0x00 0x00 0x00 0x00 0x0d 0xb2 0x4b 0x01 0x00 0x08 0x30 0x00 
0x08: 0x00 0x10 0x00 0x00 0x00 0xc2 0x0c 0xf8 0x00 0xb8 0xf1 0x70 0x02 0xf0 0x8b 0xf0 
0x09: 0x8b 0xf0 0xdd 0x13 0x40 0xf9 0x14 0xf0 0x00 0x00 0x00 0x00 0x00 0x00 0x00 0x00 
0x0a: 0x0e 0x7f 0x67 0x02 0x00 0x08 0x30 0x00 0x00 0x10 0x00 0x00 0x00 0xc0 0xdd 0xf9 
0x0b: 0x64 0xb9 0xec 0xc4 0x28 0xf0 0xac 0xf0 0xac 0xf0 0xe2 0x13 0x00 0xf8 0x2a 0xf0 
0x0c: 0x00 0x00 0x00 0x00 0x00 0x00 0x00 0x00 0x0f 0x7f 0x67 0x02 0x00 0x08 0x30 0x00 
0x0d: 0x00 0x10 0x00 0x00 0x00 0xc2 0x0c 0xf8 0x00 0xb8 0xd8 0x7a 0x00 0xf0 0xac 0xf0 
0x0e: 0xac 0xf0 0xe7 0x13 0xdb 0xf9 0x2a 0xf0 0x00 0x00 0x00 0x00 0x00 0x00 0x00 0x00 
0x0f: 0x06 0xc4 0x3f 0x01 0x00 0x08 0x30 0x00 0x00 0x10 0x00 0x00 0x00 0xc0 0xd9 0xf9 
0x10: 0x27 0xc1 0xd0 0xc2 0x51 0xf0 0x8e 0xf0 0x8d 0xf0 0xde 0x13 0xde 0xf9 0x60 0xf0 
0x11: 0x00 0x00 0x00 0x00 0x00 0x00 0x00 0x00 0x07 0xc4 0x3f 0x01 0x00 0x08 0x30 0x00 
0x12: 0x00 0x10 0x00 0x00 0x00 0xc2 0x0c 0xf8 0x00 0xb8 0x82 0x70 0x03 0xf0 0x8e 0xf0 
0x13: 0x8d 0xf0 0xb7 0x13 0x65 0xf9 0x37 0xf0 0x00 0x00 0x00 0x00 0x00 0x00 0x00 0x00 
0x14: 0x08 0xba 0x43 0x01 0x00 0x08 0x30 0x00 0x00 0x10 0x00 0x00 0x00 0xc0 0xd6 0xf9 
0x15: 0x35 0xc1 0xc0 0xc2 0x4e 0xf0 0x8d 0xf0 0x8c 0xf0 0xdd 0x13 0xe0 0xf9 0x5f 0xf0 
0x16: 0x00 0x00 0x00 0x00 0x00 0x00 0x00 0x00 0x09 0xba 0x43 0x01 0x00 0x08 0x30 0x00 
0x17: 0x00 0x10 0x00 0x00 0x00 0xc2 0x0c 0xf8 0x00 0xb8 0xe0 0x70 0x02 0xf0 0x8d 0xf0 
0x18: 0x8c 0xf0 0xd0 0x13 0xbb 0xf9 0x28 0xf0 0x00 0x00 0x00 0x00 0x00 0x00 0x00 0x00 
0x19: 0x0a 0x7d 0x47 0x01 0x00 0x08 0x30 0x00 0x00 0x10 0x00 0x00 0x00 0xc0 0xd6 0xf9 
0x1a: 0x40 0xc1 0xbd 0xc2 0x4e 0xf0 0x90 0xf0 0x8e 0xf0 0x18 0x14 0x00 0xf8 0x58 0xf0 
0x1b: 0x00 0x00 0x00 0x00 0x00 0x00 0x00 0x00 0x00 0x00 0x00 0x00 0x00 0x00 0x00 0x00 
0x1c: 0x00 0x00 0x00 0x00 0x00 0x00 0x00 0x00 0x00 0x00 0x00 0x00 0x00 0x00 0x00 0x00 
0x1d: 0x00 0x00 0x00 0x00 0x00 0x00 0x00 0x00 0x00 0x00 0x00 0x00 0x00 0x00 0x00 0x00 
0x1e: 0x00 0x00 0x00 0x00 0x00 0x00 0x00 0x00 0x00 0x00 0x00 0x00 0x00 0x00 0x00 0x00 
0x1f: 0x00 0x00 0x00 0x00 0x00 0x00 0x00 0x00 0x00 0x00 0x00 0x00 0x00 0x00 0x00 0x00 
PSU1 black box info:
BMC Time:2025-07-18 07:43:16    Power SN:2102312HGYW0N7001616
0x00: 0x30 0x32 0x33 0x31 0x32 0x48 0x47 0x59 0x57 0x30 0x4e 0x37 0x30 0x30 0x31 0x36 
0x01: 0x31 0x36 0x30 0x37 0x31 0x38 0x32 0x32 0x00 0xa0 0xb2 0x48 0x04 0x00 0x00 0x0c 
0x02: 0x08 0x00 0x00 0x00 0x00 0x00 0x00 0x00 0x0b 0xa3 0x67 0x02 0x00 0x08 0x30 0x00 
0x03: 0x00 0x10 0x00 0x00 0x00 0xc0 0xdc 0xf9 0xa6 0xc1 0xe7 0xc2 0x73 0xf0 0xbf 0xf0 
0x04: 0xc2 0xf0 0xe6 0x13 0xe3 0xf9 0x77 0xf0 0x00 0x00 0x00 0x00 0x00 0x00 0x00 0x00 
0x05: 0x0c 0xa3 0x67 0x02 0x00 0x08 0x30 0x00 0x00 0x10 0x00 0x00 0x00 0xc2 0x0b 0xf8 
0x06: 0x00 0xb8 0x9d 0x70 0x08 0xf0 0xbf 0xf0 0xc1 0xf0 0xb5 0x13 0x8c 0xf9 0x31 0xf0 
0x07: 0x00 0x00 0x00 0x00 0x00 0x00 0x00 0x00 0x03 0x29 0x3c 0x01 0x00 0x08 0x30 0x00 
0x08: 0x00 0x10 0x00 0x00 0x00 0xc0 0xd7 0xf9 0x66 0xc1 0x6b 0xc2 0x4e 0xf0 0x9f 0xf0 
0x09: 0xa0 0xf0 0xe9 0x13 0x00 0xf8 0x61 0xf0 0x00 0x00 0x00 0x00 0x00 0x00 0x00 0x00 
0x0a: 0x04 0x29 0x3c 0x01 0x00 0x08 0x30 0x00 0x00 0x10 0x00 0x00 0x00 0xc2 0x0b 0xf8 
0x0b: 0x00 0xb8 0xa3 0x70 0x07 0xf0 0x9f 0xf0 0xa0 0xf0 0xd1 0x13 0x65 0xf9 0x61 0xf0 
0x0c: 0x00 0x00 0x00 0x00 0x00 0x00 0x00 0x00 0x05 0xe4 0x3f 0x01 0x00 0x08 0x30 0x00 
0x0d: 0x00 0x10 0x00 0x00 0x00 0xc0 0xd8 0xf9 0x5f 0xc1 0x89 0xc3 0x56 0xf0 0x9c 0xf0 
0x0e: 0x9e 0xf0 0xe1 0x13 0x00 0xf8 0x57 0xf0 0x00 0x00 0x00 0x00 0x00 0x00 0x00 0x00 
0x0f: 0x06 0xe4 0x3f 0x01 0x00 0x08 0x30 0x00 0x00 0x10 0x00 0x00 0x00 0xc2 0x0c 0xf8 
0x10: 0x00 0xb8 0x9c 0x73 0x05 0xf0 0x9d 0xf0 0x9f 0xf0 0xdf 0x13 0x05 0xf9 0x57 0xf0 
0x11: 0x00 0x00 0x00 0x00 0x00 0x00 0x00 0x00 0x07 0xd2 0x4b 0x01 0x00 0x08 0x30 0x00 
0x12: 0x00 0x10 0x00 0x00 0x00 0xc0 0xd4 0xf9 0x60 0xc1 0xf8 0xc2 0x4e 0xf0 0x9a 0xf0 
0x13: 0x9b 0xf0 0xee 0x13 0xd9 0xf9 0x66 0xf0 0x00 0x00 0x00 0x00 0x00 0x00 0x00 0x00 
0x14: 0x08 0xd2 0x4b 0x01 0x00 0x08 0x30 0x00 0x00 0x10 0x00 0x00 0x00 0xc2 0x0b 0xf8 
0x15: 0x00 0xb8 0x0f 0x71 0x06 0xf0 0x9a 0xf0 0x9c 0xf0 0xf4 0x13 0x37 0xf9 0x29 0xf0 
0x16: 0x00 0x00 0x00 0x00 0x00 0x00 0x00 0x00 0x09 0x8b 0x66 0x02 0x00 0x08 0x30 0x00 
0x17: 0x00 0x10 0x00 0x00 0x00 0xc0 0xe1 0xf9 0x62 0xb8 0xf4 0xc4 0x09 0xf0 0xc0 0xf0 
0x18: 0xc7 0xf0 0x06 0x14 0xe5 0xf9 0x68 0xf0 0x00 0x00 0x00 0x00 0x00 0x00 0x00 0x00 
0x19: 0x0a 0x8b 0x66 0x02 0x00 0x08 0x30 0x00 0x00 0x10 0x00 0x00 0x00 0xc2 0x0b 0xf8 
0x1a: 0x00 0xb8 0xf8 0xa8 0x00 0xf0 0xc0 0xf0 0xc7 0xf0 0x00 0x14 0xcd 0xf8 0x03 0xf0 
0x1b: 0x00 0x00 0x00 0x00 0x00 0x00 0x00 0x00 0x00 0x00 0x00 0x00 0x00 0x00 0x00 0x00 
0x1c: 0x00 0x00 0x00 0x00 0x00 0x00 0x00 0x00 0x00 0x00 0x00 0x00 0x00 0x00 0x00 0x00 
0x1d: 0x00 0x00 0x00 0x00 0x00 0x00 0x00 0x00 0x00 0x00 0x00 0x00 0x00 0x00 0x00 0x00 
0x1e: 0x00 0x00 0x00 0x00 0x00 0x00 0x00 0x00 0x00 0x00 0x00 0x00 0x00 0x00 0x00 0x00 
0x1f: 0x00 0x00 0x00 0x00 0x00 0x00 0x00 0x00 0x00 0x00 0x00 0x00 0x00 0x00 0x00 0x00 
PSU2 black box info:
BMC Time:2025-07-18 07:43:17    Power SN:2102312HGYW0N7001127
0x00: 0x30 0x32 0x33 0x31 0x32 0x48 0x47 0x59 0x57 0x30 0x4e 0x37 0x30 0x30 0x31 0x31 
0x01: 0x32 0x37 0x30 0x37 0x31 0x37 0x32 0x32 0x00 0x26 0xb3 0x48 0x04 0x00 0x00 0x0f 
0x02: 0x80 0x00 0x00 0x00 0x00 0x00 0x00 0x00 0x0b 0x7d 0x47 0x01 0x00 0x08 0x30 0x00 
0x03: 0x00 0x10 0x00 0x00 0x00 0xc2 0x0c 0xf8 0x00 0xb8 0x6d 0x71 0x02 0xf0 0x90 0xf0 
0x04: 0x8f 0xf0 0xfa 0x13 0xd6 0xf9 0x58 0xf0 0x00 0x00 0x00 0x00 0x00 0x00 0x00 0x00 
0x05: 0x0c 0xb2 0x4b 0x01 0x00 0x08 0x30 0x00 0x00 0x10 0x00 0x00 0x00 0xc0 0xd5 0xf9 
0x06: 0x2c 0xc1 0x0d 0xc3 0x58 0xf0 0x8b 0xf0 0x8b 0xf0 0xec 0x13 0xdc 0xf9 0x5e 0xf0 
0x07: 0x00 0x00 0x00 0x00 0x00 0x00 0x00 0x00 0x0d 0xb2 0x4b 0x01 0x00 0x08 0x30 0x00 
0x08: 0x00 0x10 0x00 0x00 0x00 0xc2 0x0c 0xf8 0x00 0xb8 0xf1 0x70 0x02 0xf0 0x8b 0xf0 
0x09: 0x8b 0xf0 0xdd 0x13 0x40 0xf9 0x14 0xf0 0x00 0x00 0x00 0x00 0x00 0x00 0x00 0x00 
0x0a: 0x0e 0x7f 0x67 0x02 0x00 0x08 0x30 0x00 0x00 0x10 0x00 0x00 0x00 0xc0 0xdd 0xf9 
0x0b: 0x64 0xb9 0xec 0xc4 0x28 0xf0 0xac 0xf0 0xac 0xf0 0xe2 0x13 0x00 0xf8 0x2a 0xf0 
0x0c: 0x00 0x00 0x00 0x00 0x00 0x00 0x00 0x00 0x0f 0x7f 0x67 0x02 0x00 0x08 0x30 0x00 
0x0d: 0x00 0x10 0x00 0x00 0x00 0xc2 0x0c 0xf8 0x00 0xb8 0xd8 0x7a 0x00 0xf0 0xac 0xf0 
0x0e: 0xac 0xf0 0xe7 0x13 0xdb 0xf9 0x2a 0xf0 0x00 0x00 0x00 0x00 0x00 0x00 0x00 0x00 
0x0f: 0x06 0xc4 0x3f 0x01 0x00 0x08 0x30 0x00 0x00 0x10 0x00 0x00 0x00 0xc0 0xd9 0xf9 
0x10: 0x27 0xc1 0xd0 0xc2 0x51 0xf0 0x8e 0xf0 0x8d 0xf0 0xde 0x13 0xde 0xf9 0x60 0xf0 
0x11: 0x00 0x00 0x00 0x00 0x00 0x00 0x00 0x00 0x07 0xc4 0x3f 0x01 0x00 0x08 0x30 0x00 
0x12: 0x00 0x10 0x00 0x00 0x00 0xc2 0x0c 0xf8 0x00 0xb8 0x82 0x70 0x03 0xf0 0x8e 0xf0 
0x13: 0x8d 0xf0 0xb7 0x13 0x65 0xf9 0x37 0xf0 0x00 0x00 0x00 0x00 0x00 0x00 0x00 0x00 
0x14: 0x08 0xba 0x43 0x01 0x00 0x08 0x30 0x00 0x00 0x10 0x00 0x00 0x00 0xc0 0xd6 0xf9 
0x15: 0x35 0xc1 0xc0 0xc2 0x4e 0xf0 0x8d 0xf0 0x8c 0xf0 0xdd 0x13 0xe0 0xf9 0x5f 0xf0 
0x16: 0x00 0x00 0x00 0x00 0x00 0x00 0x00 0x00 0x09 0xba 0x43 0x01 0x00 0x08 0x30 0x00 
0x17: 0x00 0x10 0x00 0x00 0x00 0xc2 0x0c 0xf8 0x00 0xb8 0xe0 0x70 0x02 0xf0 0x8d 0xf0 
0x18: 0x8c 0xf0 0xd0 0x13 0xbb 0xf9 0x28 0xf0 0x00 0x00 0x00 0x00 0x00 0x00 0x00 0x00 
0x19: 0x0a 0x7d 0x47 0x01 0x00 0x08 0x30 0x00 0x00 0x10 0x00 0x00 0x00 0xc0 0xd6 0xf9 
0x1a: 0x40 0xc1 0xbd 0xc2 0x4e 0xf0 0x90 0xf0 0x8e 0xf0 0x18 0x14 0x00 0xf8 0x58 0xf0 
0x1b: 0x00 0x00 0x00 0x00 0x00 0x00 0x00 0x00 0x00 0x00 0x00 0x00 0x00 0x00 0x00 0x00 
0x1c: 0x00 0x00 0x00 0x00 0x00 0x00 0x00 0x00 0x00 0x00 0x00 0x00 0x00 0x00 0x00 0x00 
0x1d: 0x00 0x00 0x00 0x00 0x00 0x00 0x00 0x00 0x00 0x00 0x00 0x00 0x00 0x00 0x00 0x00 
0x1e: 0x00 0x00 0x00 0x00 0x00 0x00 0x00 0x00 0x00 0x00 0x00 0x00 0x00 0x00 0x00 0x00 
0x1f: 0x00 0x00 0x00 0x00 0x00 0x00 0x00 0x00 0x00 0x00 0x00 0x00 0x00 0x00 0x00 0x00 
PSU1 black box info:
BMC Time:2025-07-23 09:04:21    Power SN:2102312HGYW0N7001616
0x00: 0x30 0x32 0x33 0x31 0x32 0x48 0x47 0x59 0x57 0x30 0x4e 0x37 0x30 0x30 0x31 0x36 
0x01: 0x31 0x36 0x30 0x37 0x31 0x38 0x32 0x32 0x00 0x1e 0x5d 0x4f 0x04 0x00 0x00 0x0c 
0x02: 0x08 0x00 0x00 0x00 0x00 0x00 0x00 0x00 0x0b 0xa3 0x67 0x02 0x00 0x08 0x30 0x00 
0x03: 0x00 0x10 0x00 0x00 0x00 0xc0 0xdc 0xf9 0xa6 0xc1 0xe7 0xc2 0x73 0xf0 0xbf 0xf0 
0x04: 0xc2 0xf0 0xe6 0x13 0xe3 0xf9 0x77 0xf0 0x00 0x00 0x00 0x00 0x00 0x00 0x00 0x00 
0x05: 0x0c 0xa3 0x67 0x02 0x00 0x08 0x30 0x00 0x00 0x10 0x00 0x00 0x00 0xc2 0x0b 0xf8 
0x06: 0x00 0xb8 0x9d 0x70 0x08 0xf0 0xbf 0xf0 0xc1 0xf0 0xb5 0x13 0x8c 0xf9 0x31 0xf0 
0x07: 0x00 0x00 0x00 0x00 0x00 0x00 0x00 0x00 0x03 0x29 0x3c 0x01 0x00 0x08 0x30 0x00 
0x08: 0x00 0x10 0x00 0x00 0x00 0xc0 0xd7 0xf9 0x66 0xc1 0x6b 0xc2 0x4e 0xf0 0x9f 0xf0 
0x09: 0xa0 0xf0 0xe9 0x13 0x00 0xf8 0x61 0xf0 0x00 0x00 0x00 0x00 0x00 0x00 0x00 0x00 
0x0a: 0x04 0x29 0x3c 0x01 0x00 0x08 0x30 0x00 0x00 0x10 0x00 0x00 0x00 0xc2 0x0b 0xf8 
0x0b: 0x00 0xb8 0xa3 0x70 0x07 0xf0 0x9f 0xf0 0xa0 0xf0 0xd1 0x13 0x65 0xf9 0x61 0xf0 
0x0c: 0x00 0x00 0x00 0x00 0x00 0x00 0x00 0x00 0x05 0xe4 0x3f 0x01 0x00 0x08 0x30 0x00 
0x0d: 0x00 0x10 0x00 0x00 0x00 0xc0 0xd8 0xf9 0x5f 0xc1 0x89 0xc3 0x56 0xf0 0x9c 0xf0 
0x0e: 0x9e 0xf0 0xe1 0x13 0x00 0xf8 0x57 0xf0 0x00 0x00 0x00 0x00 0x00 0x00 0x00 0x00 
0x0f: 0x06 0xe4 0x3f 0x01 0x00 0x08 0x30 0x00 0x00 0x10 0x00 0x00 0x00 0xc2 0x0c 0xf8 
0x10: 0x00 0xb8 0x9c 0x73 0x05 0xf0 0x9d 0xf0 0x9f 0xf0 0xdf 0x13 0x05 0xf9 0x57 0xf0 
0x11: 0x00 0x00 0x00 0x00 0x00 0x00 0x00 0x00 0x07 0xd2 0x4b 0x01 0x00 0x08 0x30 0x00 
0x12: 0x00 0x10 0x00 0x00 0x00 0xc0 0xd4 0xf9 0x60 0xc1 0xf8 0xc2 0x4e 0xf0 0x9a 0xf0 
0x13: 0x9b 0xf0 0xee 0x13 0xd9 0xf9 0x66 0xf0 0x00 0x00 0x00 0x00 0x00 0x00 0x00 0x00 
0x14: 0x08 0xd2 0x4b 0x01 0x00 0x08 0x30 0x00 0x00 0x10 0x00 0x00 0x00 0xc2 0x0b 0xf8 
0x15: 0x00 0xb8 0x0f 0x71 0x06 0xf0 0x9a 0xf0 0x9c 0xf0 0xf4 0x13 0x37 0xf9 0x29 0xf0 
0x16: 0x00 0x00 0x00 0x00 0x00 0x00 0x00 0x00 0x09 0x8b 0x66 0x02 0x00 0x08 0x30 0x00 
0x17: 0x00 0x10 0x00 0x00 0x00 0xc0 0xe1 0xf9 0x62 0xb8 0xf4 0xc4 0x09 0xf0 0xc0 0xf0 
0x18: 0xc7 0xf0 0x06 0x14 0xe5 0xf9 0x68 0xf0 0x00 0x00 0x00 0x00 0x00 0x00 0x00 0x00 
0x19: 0x0a 0x8b 0x66 0x02 0x00 0x08 0x30 0x00 0x00 0x10 0x00 0x00 0x00 0xc2 0x0b 0xf8 
0x1a: 0x00 0xb8 0xf8 0xa8 0x00 0xf0 0xc0 0xf0 0xc7 0xf0 0x00 0x14 0xcd 0xf8 0x03 0xf0 
0x1b: 0x00 0x00 0x00 0x00 0x00 0x00 0x00 0x00 0x00 0x00 0x00 0x00 0x00 0x00 0x00 0x00 
0x1c: 0x00 0x00 0x00 0x00 0x00 0x00 0x00 0x00 0x00 0x00 0x00 0x00 0x00 0x00 0x00 0x00 
0x1d: 0x00 0x00 0x00 0x00 0x00 0x00 0x00 0x00 0x00 0x00 0x00 0x00 0x00 0x00 0x00 0x00 
0x1e: 0x00 0x00 0x00 0x00 0x00 0x00 0x00 0x00 0x00 0x00 0x00 0x00 0x00 0x00 0x00 0x00 
0x1f: 0x00 0x00 0x00 0x00 0x00 0x00 0x00 0x00 0x00 0x00 0x00 0x00 0x00 0x00 0x00 0x00 
PSU2 black box info:
BMC Time:2025-07-23 09:04:22    Power SN:2102312HGYW0N7001127
0x00: 0x30 0x32 0x33 0x31 0x32 0x48 0x47 0x59 0x57 0x30 0x4e 0x37 0x30 0x30 0x31 0x31 
0x01: 0x32 0x37 0x30 0x37 0x31 0x37 0x32 0x32 0x00 0xa6 0x5d 0x4f 0x04 0x00 0x00 0x0f 
0x02: 0x80 0x00 0x00 0x00 0x00 0x00 0x00 0x00 0x0b 0x7d 0x47 0x01 0x00 0x08 0x30 0x00 
0x03: 0x00 0x10 0x00 0x00 0x00 0xc2 0x0c 0xf8 0x00 0xb8 0x6d 0x71 0x02 0xf0 0x90 0xf0 
0x04: 0x8f 0xf0 0xfa 0x13 0xd6 0xf9 0x58 0xf0 0x00 0x00 0x00 0x00 0x00 0x00 0x00 0x00 
0x05: 0x0c 0xb2 0x4b 0x01 0x00 0x08 0x30 0x00 0x00 0x10 0x00 0x00 0x00 0xc0 0xd5 0xf9 
0x06: 0x2c 0xc1 0x0d 0xc3 0x58 0xf0 0x8b 0xf0 0x8b 0xf0 0xec 0x13 0xdc 0xf9 0x5e 0xf0 
0x07: 0x00 0x00 0x00 0x00 0x00 0x00 0x00 0x00 0x0d 0xb2 0x4b 0x01 0x00 0x08 0x30 0x00 
0x08: 0x00 0x10 0x00 0x00 0x00 0xc2 0x0c 0xf8 0x00 0xb8 0xf1 0x70 0x02 0xf0 0x8b 0xf0 
0x09: 0x8b 0xf0 0xdd 0x13 0x40 0xf9 0x14 0xf0 0x00 0x00 0x00 0x00 0x00 0x00 0x00 0x00 
0x0a: 0x0e 0x7f 0x67 0x02 0x00 0x08 0x30 0x00 0x00 0x10 0x00 0x00 0x00 0xc0 0xdd 0xf9 
0x0b: 0x64 0xb9 0xec 0xc4 0x28 0xf0 0xac 0xf0 0xac 0xf0 0xe2 0x13 0x00 0xf8 0x2a 0xf0 
0x0c: 0x00 0x00 0x00 0x00 0x00 0x00 0x00 0x00 0x0f 0x7f 0x67 0x02 0x00 0x08 0x30 0x00 
0x0d: 0x00 0x10 0x00 0x00 0x00 0xc2 0x0c 0xf8 0x00 0xb8 0xd8 0x7a 0x00 0xf0 0xac 0xf0 
0x0e: 0xac 0xf0 0xe7 0x13 0xdb 0xf9 0x2a 0xf0 0x00 0x00 0x00 0x00 0x00 0x00 0x00 0x00 
0x0f: 0x06 0xc4 0x3f 0x01 0x00 0x08 0x30 0x00 0x00 0x10 0x00 0x00 0x00 0xc0 0xd9 0xf9 
0x10: 0x27 0xc1 0xd0 0xc2 0x51 0xf0 0x8e 0xf0 0x8d 0xf0 0xde 0x13 0xde 0xf9 0x60 0xf0 
0x11: 0x00 0x00 0x00 0x00 0x00 0x00 0x00 0x00 0x07 0xc4 0x3f 0x01 0x00 0x08 0x30 0x00 
0x12: 0x00 0x10 0x00 0x00 0x00 0xc2 0x0c 0xf8 0x00 0xb8 0x82 0x70 0x03 0xf0 0x8e 0xf0 
0x13: 0x8d 0xf0 0xb7 0x13 0x65 0xf9 0x37 0xf0 0x00 0x00 0x00 0x00 0x00 0x00 0x00 0x00 
0x14: 0x08 0xba 0x43 0x01 0x00 0x08 0x30 0x00 0x00 0x10 0x00 0x00 0x00 0xc0 0xd6 0xf9 
0x15: 0x35 0xc1 0xc0 0xc2 0x4e 0xf0 0x8d 0xf0 0x8c 0xf0 0xdd 0x13 0xe0 0xf9 0x5f 0xf0 
0x16: 0x00 0x00 0x00 0x00 0x00 0x00 0x00 0x00 0x09 0xba 0x43 0x01 0x00 0x08 0x30 0x00 
0x17: 0x00 0x10 0x00 0x00 0x00 0xc2 0x0c 0xf8 0x00 0xb8 0xe0 0x70 0x02 0xf0 0x8d 0xf0 
0x18: 0x8c 0xf0 0xd0 0x13 0xbb 0xf9 0x28 0xf0 0x00 0x00 0x00 0x00 0x00 0x00 0x00 0x00 
0x19: 0x0a 0x7d 0x47 0x01 0x00 0x08 0x30 0x00 0x00 0x10 0x00 0x00 0x00 0xc0 0xd6 0xf9 
0x1a: 0x40 0xc1 0xbd 0xc2 0x4e 0xf0 0x90 0xf0 0x8e 0xf0 0x18 0x14 0x00 0xf8 0x58 0xf0 
0x1b: 0x00 0x00 0x00 0x00 0x00 0x00 0x00 0x00 0x00 0x00 0x00 0x00 0x00 0x00 0x00 0x00 
0x1c: 0x00 0x00 0x00 0x00 0x00 0x00 0x00 0x00 0x00 0x00 0x00 0x00 0x00 0x00 0x00 0x00 
0x1d: 0x00 0x00 0x00 0x00 0x00 0x00 0x00 0x00 0x00 0x00 0x00 0x00 0x00 0x00 0x00 0x00 
0x1e: 0x00 0x00 0x00 0x00 0x00 0x00 0x00 0x00 0x00 0x00 0x00 0x00 0x00 0x00 0x00 0x00 
0x1f: 0x00 0x00 0x00 0x00 0x00 0x00 0x00 0x00 0x00 0x00 0x00 0x00 0x00 0x00 0x00 0x00 
