==========================object===========================
----------------- PrivilegeAgent                -----------
ref count      : 1
----------------- Port1-4                       -----------
ref count      : 1
.LinkStatusBMA  : listened by port : 294920, 
.BDF            : send event count: 1
.ActualMac      : listened by port : 917531, 
----------------- I2CTest-8                     -----------
ref count      : 1
----------------- WEBHTTPS                      -----------
ref count      : 1
.State          : listened by port : 950300, 917531, 851993, 589841, 
.Port           : listened by port : 950300, 917531, 851993, 589841, 
----------------- dft_item_vcc_12v5             -----------
ref count      : 1
----------------- KeyboardTest                  -----------
ref count      : 1
----------------- Ddr3Test                      -----------
ref count      : 1
----------------- I2C4Test                      -----------
ref count      : 1
----------------- dft_item_pca9555_raid-1       -----------
ref count      : 1
----------------- BusinessPort:C                -----------
ref count      : 1
----------------- EepromSelfTest                -----------
ref count      : 1
----------------- I2CTest-9                     -----------
ref count      : 1
----------------- PsTest                        -----------
ref count      : 1
----------------- sms0                          -----------
ref count      : 1
.MinPort        : listened by port : 294920, 
.BoBChannelType : listened by port : 950300, 917531, 819224, 589841, 
.MaxPort        : listened by port : 294920, 
.IPAddr         : listened by port : 294920, 655379, 
.UpdateStatus   : listened by port : 524303, 
.CdevChannelEnabled : listened by port : 950300, 
.RegisterState  : listened by port : 655379, 
.Port           : listened by port : 950300, 655379, 
----------------- JTAGTest                      -----------
ref count      : 1
----------------- ChassisPayload                -----------
ref count      : 1
.RestartValue   : listened by port : 294920, 425996, 
.AcpiValue      : listened by port : 294920, 
.BoardStableStatus : listened by port : 819224, 
.AcpiStatus     : listened by port : 720917, 
.PwrButtonFlag  : listened by port : 294920, 
.PwrOkSigDrop   : listened by port : 294920, 
.ChassisPowerState : listened by port : 131075, 524303, 327689, 294920, 720917, 786455, 458765, 557072, 425996, 262151, 491534, 
.PowerGd        : listened by port : 688148, 
.ResetFlag      : listened by port : 294920, 524303, 327689, 786455, 458765, 557072, 425996, 491534, 
.SysResetFlag   : listened by port : 131075, 524303, 327689, 294920, 786455, 458765, 557072, 425996, 262151, 491534, 32768, 
----------------- Fru0Elabel                    -----------
ref count      : 1
.MfgDateTime    : listened by port : 753686, 
.ProductAssetTag : listened by port : 294920, 
.BoardSerialNumber : listened by port : 294920, 65537, 
.ChassisSerialNumber : listened by port : 294920, 
----------------- LomCardAnchor-4               -----------
ref count      : 1
----------------- Hotswap:C                     -----------
ref count      : 1
----------------- BaseboardId                   -----------
ref count      : 1
----------------- ResidentNetConfig             -----------
ref count      : 1
----------------- cpld1                         -----------
ref count      : 1
----------------- BMC:C                         -----------
ref count      : 1
----------------- NMISwitchTest                 -----------
ref count      : 1
----------------- MctpCtrl:C                    -----------
ref count      : 1
----------------- localbus1                     -----------
ref count      : 1
----------------- SSDPConfig                    -----------
ref count      : 1
.UseInterface   : listened by port : 917531, 
.IPv6Addr       : listened by port : 917531, 
----------------- Fru:C                         -----------
ref count      : 1
----------------- DftStatus                     -----------
ref count      : 1
.DftEnable      : listened by port : 131075, 
----------------- ComNICCard-3                  -----------
ref count      : 1
.Health         : listened by port : 294920, 
----------------- PortConfig:C                  -----------
ref count      : 1
----------------- dft_item_rtc_volt             -----------
ref count      : 1
----------------- BOARD                         -----------
ref count      : 1
.SlotId         : listened by port : 917531, 753686, 
----------------- RaidCardAnchor-1              -----------
ref count      : 1
----------------- Snmp                          -----------
ref count      : 1
.PortID         : listened by port : 917531, 
.PrivProtocol   : listened by port : 917531, 
.AuthProtocol   : listened by port : 917531, 
.OldEngineID    : listened by port : 851993, 
.SnmpCommMasterKeyId : listened by port : 851993, 
----------------- dft_VDDN_Test                 -----------
ref count      : 1
----------------- VceTest                       -----------
ref count      : 1
----------------- Bios:C                        -----------
ref count      : 1
----------------- SmBios:C                      -----------
ref count      : 1
----------------- ComNICCard-4                  -----------
ref count      : 1
.Health         : listened by port : 294920, 
----------------- Port0-3                       -----------
ref count      : 1
.LinkStatusBMA  : listened by port : 294920, 
.BDF            : send event count: 1
.ActualMac      : listened by port : 917531, 
----------------- Upgrade:C                     -----------
ref count      : 1
----------------- BMC                           -----------
ref count      : 1
.HostName       : listened by port : 294920, 917531, 163844, 589841, 
.CustomManufacturer : listened by port : 655379, 
----------------- mctpcontrol                   -----------
ref count      : 1
----------------- Port0-4                       -----------
ref count      : 1
.LinkStatusBMA  : listened by port : 294920, 
.BDF            : send event count: 1
.ActualMac      : listened by port : 917531, 
----------------- dft_item_lm75_outlet_temp     -----------
ref count      : 1
----------------- ExPortConfig:C                -----------
ref count      : 1
----------------- CdTest                        -----------
ref count      : 1
----------------- SmBios                        -----------
ref count      : 1
.SmBiosStatus   : listened by port : 131075, 458765, 262151, 393227, 491534, 
.FileChange     : listened by port : 557072, 
----------------- PRODUCT:C                     -----------
ref count      : 1
----------------- Eth2Test                      -----------
ref count      : 1
----------------- dft_item_lm75_inlet_temp      -----------
ref count      : 1
----------------- hotswap0                      -----------
ref count      : 1
.CurrentHotswapState : recv event count: 4 : listened by port : 917531, 458765, 
.MixHotswapState : listened by port : 294920, 786455, 
----------------- EthGroup:C                    -----------
ref count      : 1
----------------- WEBHTTP                       -----------
ref count      : 1
.State          : listened by port : 950300, 917531, 851993, 589841, 
.Port           : listened by port : 950300, 917531, 851993, 589841, 
----------------- SSDPConfig:C                  -----------
ref count      : 1
----------------- CPLDTest                      -----------
ref count      : 1
----------------- SMS:C                         -----------
ref count      : 1
----------------- BOARD:C                       -----------
ref count      : 1
----------------- Stateless:C                   -----------
ref count      : 1
----------------- Port3-3                       -----------
ref count      : 1
.LinkStatusBMA  : listened by port : 294920, 
.BDF            : send event count: 1
.ActualMac      : listened by port : 917531, 
----------------- PysicalLedIntelligenceTest    -----------
ref count      : 1
----------------- LpcTest                       -----------
ref count      : 1
----------------- ProductComponent:C            -----------
ref count      : 1
----------------- HddBackplaneFru-2             -----------
ref count      : 1
----------------- I2CBusNum-e                   -----------
ref count      : 1
.Value          : listened by port : 294920, 
----------------- LedTubeIntelligenceDftTest    -----------
ref count      : 1
----------------- ProductComponent              -----------
ref count      : 1
----------------- PysicalLedTest                -----------
ref count      : 1
----------------- RiserCardFru-e                -----------
ref count      : 1
----------------- MeTest                        -----------
ref count      : 1
----------------- Port3-4                       -----------
ref count      : 1
.LinkStatusBMA  : listened by port : 294920, 
.BDF            : send event count: 1
.ActualMac      : listened by port : 917531, 
----------------- SSH                           -----------
ref count      : 1
.State          : listened by port : 950300, 917531, 851993, 589841, 
.Port           : listened by port : 950300, 917531, 851993, 589841, 
----------------- RiserCardFru-8                -----------
ref count      : 1
----------------- NcsiAccessor                  -----------
ref count      : 1
----------------- Eth0                          -----------
ref count      : 1
.VlanID         : listened by port : 589841, 
.EthEnable      : send event count: 1
----------------- I2CBusNum-8                   -----------
ref count      : 1
.Value          : listened by port : 294920, 
----------------- DftStatus:C                   -----------
ref count      : 1
----------------- I2CBusNum-9                   -----------
ref count      : 1
.Value          : listened by port : 294920, 
----------------- RiserCardFru-9                -----------
ref count      : 1
----------------- Eth1                          -----------
ref count      : 1
.VlanID         : listened by port : 589841, 
.EthEnable      : send event count: 1
----------------- UidButtonTest                 -----------
ref count      : 1
----------------- SramTest                      -----------
ref count      : 1
----------------- Eth2                          -----------
ref count      : 1
.VlanID         : listened by port : 589841, 
.EthLinkStatus  : send event count: 4
----------------- FpTest                        -----------
ref count      : 1
----------------- IpmbTest                      -----------
ref count      : 1
----------------- NetCard:C                     -----------
ref count      : 1
----------------- SPITest                       -----------
ref count      : 1
----------------- RiserCardAnchor-e             -----------
ref count      : 1
----------------- ResidentNetConfig:C           -----------
ref count      : 1
----------------- Stateless0                    -----------
ref count      : 1
.AutoPowerOn    : listened by port : 917531, 
----------------- PowerButtonTest               -----------
ref count      : 1
----------------- EthGroup0                     -----------
ref count      : 1
.IpMode         : listened by port : 753686, 851993, 
.VlanState      : listened by port : 917531, 
.SLAACIpv6Addr  : send event count: 1 : recv event count: 1 : listened by port : 917531, 589841, 
.Ipv6Addr       : listened by port : 917531, 851993, 589841, 
.FactoryDefaultIpMode : send event count: 1
.SubnetMask     : listened by port : 851993, 
.Ipv6Mode       : listened by port : 753686, 851993, 
.Type           : send event count: 1 : recv event count: 1 : listened by port : 917531, 589841, 
.ActivePort     : listened by port : 917531, 589841, 
.IpVersion      : listened by port : 851993, 589841, 
.NetMode        : listened by port : 917531, 
.Ipv6LocalLink  : listened by port : 917531, 589841, 
.VlanID         : listened by port : 917531, 
.Ipv6DefaultGateway : listened by port : 851993, 
.d:IpAddr       : send event count: 1
.Ipv6Prefix     : listened by port : 851993, 
.DefaultGateway : listened by port : 851993, 
.SLAACIpv6Prefix : send event count: 1
.IpAddr         : listened by port : 917531, 851993, 819224, 589841, 
----------------- FlashTest                     -----------
ref count      : 1
----------------- TPMCardPresenceTest           -----------
ref count      : 1
----------------- dft_item_cpu2mem01_volt       -----------
ref count      : 1
----------------- dft_item_pca9545-e            -----------
ref count      : 1
----------------- Port2-3                       -----------
ref count      : 1
.LinkStatusBMA  : listened by port : 294920, 
.BDF            : send event count: 1
.ActualMac      : listened by port : 917531, 
----------------- RiserCardAnchor-8             -----------
ref count      : 1
----------------- dft_item_pca9545-8            -----------
ref count      : 1
----------------- LomCardFru-3                  -----------
ref count      : 1
----------------- MngtPortCap                   -----------
ref count      : 1
----------------- dft_item_cpu1mem01_volt       -----------
ref count      : 1
----------------- RiserCardAnchor-9             -----------
ref count      : 1
----------------- Snmp:C                        -----------
ref count      : 1
----------------- Payload:C                     -----------
ref count      : 1
----------------- dft_item_cpu2mem23_volt       -----------
ref count      : 1
----------------- Port2-4                       -----------
ref count      : 1
.LinkStatusBMA  : listened by port : 294920, 
.BDF            : send event count: 1
.ActualMac      : listened by port : 917531, 
----------------- dft_item_pca9545-9            -----------
ref count      : 1
----------------- LomCard-3                     -----------
ref count      : 1
.FDMFault       : listened by port : 294920, 
.Eid            : listened by port : 917531, 
.Health         : listened by port : 294920, 
.HotplugCtrlStatus : listened by port : 458765, 
.PrePlug        : listened by port : 917531, 
.ReplaceFlag    : listened by port : 294920, 
----------------- EthGroup2                     -----------
ref count      : 1
.IpMode         : listened by port : 753686, 851993, 
.VlanState      : listened by port : 917531, 
.SLAACIpv6Addr  : listened by port : 917531, 589841, 
.Ipv6Addr       : listened by port : 917531, 851993, 589841, 
.FactoryDefaultIpMode : send event count: 1
.SubnetMask     : listened by port : 851993, 
.Ipv6Mode       : listened by port : 753686, 851993, 
.Type           : listened by port : 917531, 589841, 
.ActivePort     : listened by port : 917531, 589841, 
.IpVersion      : listened by port : 851993, 589841, 
.NetMode        : listened by port : 917531, 
.Ipv6LocalLink  : listened by port : 917531, 589841, 
.VlanID         : listened by port : 917531, 
.Ipv6DefaultGateway : listened by port : 851993, 
.Ipv6Prefix     : listened by port : 851993, 
.DefaultGateway : listened by port : 851993, 
.IpAddr         : listened by port : 917531, 851993, 819224, 589841, 
----------------- LomCardFru-4                  -----------
ref count      : 1
----------------- LedTubeDftTest                -----------
ref count      : 1
----------------- dft_item_cpu1mem23_volt       -----------
ref count      : 1
----------------- dft_item_lm75_MB_temp         -----------
ref count      : 1
----------------- LomCard-4                     -----------
ref count      : 1
.FDMFault       : listened by port : 294920, 
.Eid            : listened by port : 917531, 
.Health         : listened by port : 294920, 
.HotplugCtrlStatus : listened by port : 458765, 
.PrePlug        : listened by port : 917531, 
.ReplaceFlag    : listened by port : 294920, 
----------------- Hi1711Test                    -----------
ref count      : 1
----------------- Bios                          -----------
ref count      : 1
.PcieCardBDF    : listened by port : 458765, 
.MenuChangeFlag : listened by port : 458765, 
.StartOption    : listened by port : 131075, 
.PcieDiskBDF    : listened by port : 458765, 
.OCPCardBDF     : listened by port : 458765, 
.SystemStartupState : recv event count: 254 : listened by port : 917531, 491534, 
.BiosBootStage  : listened by port : 458765, 
.BiosPwdMasterKeyId : listened by port : 851993, 
----------------- dft_item_vcc_12v0             -----------
ref count      : 1
----------------- LLDPConfig                    -----------
ref count      : 1
----------------- DftItem:C                     -----------
ref count      : 1
----------------- dft_AVS_Test                  -----------
ref count      : 1
----------------- RaidFru-1                     -----------
ref count      : 1
----------------- NandFlashTest                 -----------
ref count      : 1
----------------- PRODUCT                       -----------
ref count      : 1
.SessionTokenLength : listened by port : 327689, 
----------------- Chassis:C                     -----------
ref count      : 1
----------------- MngtPortCap:C                 -----------
ref count      : 1
----------------- Ps-5                          -----------
ref count      : 1
----------------- dft_item_pca9555_nic-3        -----------
ref count      : 1
----------------- MotherBoard                   -----------
ref count      : 1
----------------- dft_item_vcc_12v2             -----------
ref count      : 1
----------------- dft_item_lm75_temp-e          -----------
ref count      : 1
----------------- PMEServiceConfig              -----------
ref count      : 1
.BoardInfoCollectEnable : listened by port : 753686, 
----------------- SSDP                          -----------
ref count      : 1
.State          : listened by port : 950300, 917531, 
.Port           : listened by port : 950300, 
----------------- dft_VDDQ_Test                 -----------
ref count      : 1
----------------- LLDPConfig:C                  -----------
ref count      : 1
----------------- veth                          -----------
ref count      : 1
.VlanID         : listened by port : 589841, 
----------------- Ps-6                          -----------
ref count      : 1
----------------- dft_item_lm75_temp-8          -----------
ref count      : 1
----------------- dft_item_pca9555_nic-4        -----------
ref count      : 1
----------------- dft_item_vcc_12v3             -----------
ref count      : 1
----------------- Chassis                       -----------
ref count      : 1
.ChassisNum     : listened by port : 917531, 
.Location       : listened by port : 294920, 
.ChassisName    : listened by port : 294920, 
----------------- Eth:C                         -----------
ref count      : 1
----------------- Port1-3                       -----------
ref count      : 1
.LinkStatusBMA  : listened by port : 294920, 
.BDF            : send event count: 1
.ActualMac      : listened by port : 917531, 
----------------- Upgrade                       -----------
ref count      : 1
.UpgradeFileMasterKeyId : listened by port : 851993, 
.Degrade        : listened by port : 557072, 
.UpgradedFlag   : listened by port : 753686, 131075, 851993, 294920, 425996, 655379, 589841, 
.PreRollbackFlag : listened by port : 753686, 131075, 851993, 294920, 425996, 655379, 589841, 
----------------- log_0                         -----------
ref count      : 1
----------------- dft_item_lm75_temp-9          -----------
ref count      : 1
----------------- dft_item_vcc_12v4             -----------
ref count      : 1
----------------- I2CTest-e                     -----------
ref count      : 1
----------------- LomCardAnchor-3               -----------
ref count      : 1
----------------- PMEServiceConfig:C            -----------
ref count      : 1
alias name: a:EthGroup0, object name: EthGroup0
alias name: a:PortConfig9, object name: WEBHTTP
alias name: a:PortConfigb, object name: WEBHTTPS
alias name: a:BusinessPort104, object name: Port3-4
alias name: a:Eth2, object name: Eth2
alias name: a:BusinessPort103, object name: Port2-4
alias name: a:Eth1, object name: Eth1
alias name: a:Eth264, object name: veth
alias name: a:EthGroup2, object name: EthGroup2
alias name: a:Eth0, object name: Eth0
alias name: a:BusinessPort102, object name: Port1-4
alias name: a:PortConfig2, object name: SSH
alias name: a:BusinessPort101, object name: Port0-4
===========================has object===========================
localbus1, cpld1, NcsiAccessor, 
=====================method info=============================
key=LSWChipMgnt.ResetConfig
input para list:
output para list:

key=BusinessPort.SetPortLLDPEnable
input para list:
y output para list:

key=EthGroup.SetIpv6Addr
input para list:
s output para list:

key=Stateless.SetAutoPowerOn
input para list:
y output para list:

key=BusinessPort.SetIPv4Info
input para list:
* output para list:
u 
key=PortConfig.SetState
input para list:
y output para list:

key=LLDPConfig.SetWorkMode
input para list:
y output para list:

key=PortConfig.PortCheck
input para list:
* output para list:

key=EthGroup.SetSubnetMask
input para list:
s output para list:

key=BusinessPort.CreateBond
input para list:
* output para list:
u 
key=Stateless.SetPowerOnPermit
input para list:
y output para list:

key=Eth.AddIptablesRule
input para list:
s s output para list:

key=EthGroup.SetBackupSubnetMask
input para list:
s output para list:

key=EthGroup.SetIpv6DefaultGateway
input para list:
s output para list:

key=Stateless.SetEnable
input para list:
y output para list:

key=EthGroup.SetIpMaskGateway
input para list:
s s s y output para list:

key=BusinessPort.DeleteBond
input para list:
s output para list:
u 
key=BusinessPort.SetLinkStatus
input para list:
y output para list:

key=EthGroup.SetVlanID
input para list:
* output para list:

key=BusinessPortVLAN.SetVLANProp
input para list:
* output para list:
u 
key=Stateless.SetBroadcastNetSegment
input para list:
s output para list:

key=FibreChannel.SetAgentProperty
input para list:
s * u output para list:

key=BusinessPort.SetAgentProperty
input para list:
s * u output para list:

key=SSDPConfig.SetUseInterface
input para list:
s output para list:

key=SMMportswitch.SetLswMasterPort
input para list:
u output para list:

key=LLDPConfig.SetTxHold
input para list:
q output para list:

key=PortConfig.PropertySyncMethod
input para list:
* output para list:
* 
key=EthGroup.SetIpv6Mode
input para list:
y output para list:

key=ResidentNetConfig.SetBMCNetObjFromBMA
input para list:
s s y output para list:

key=PortConfig.SetPort
input para list:
q output para list:

key=EthGroup.SetNCSIPort
input para list:
y output para list:

key=EthGroup.SetDefault
input para list:
output para list:

key=SSDPConfig.RestartService
input para list:
output para list:

key=BusinessPort.SetMacAddress
input para list:
s output para list:

key=PrivilegeAgent.ModifyFileMode
input para list:
s u output para list:

key=EthGroup.VirtualNetworkStatus
input para list:
output para list:
y 
key=LSWChipMgnt.SetHealthState
input para list:
y output para list:

key=EthGroup.SetVlanState
input para list:
u output para list:

key=Stateless.SetSysManagerPort
input para list:
u output para list:

key=EthGroup.SetStatus
input para list:
y output para list:

key=EthGroup.SetIpv6IpFixGateway
input para list:
s y s output para list:

key=EthGroup.SetIpAddr
input para list:
s output para list:

key=EthGroup.SetDefaultGateway
input para list:
s output para list:

key=BusinessPort.CreateVLAN
input para list:
* output para list:
u 
key=BusinessPort.DeleteVLAN
input para list:
u output para list:
u 
key=BusinessPort.SetMonitorFrequency
input para list:
u output para list:
u 
key=EthGroup.SetFactoryDefaultIpInfo
input para list:
output para list:

key=LLDPConfig.SetTxIntervalSeconds
input para list:
q output para list:

key=MMPortOtmInfo.SetPortEnableState
input para list:
y output para list:

key=Stateless.SetSysManagerID
input para list:
s output para list:

key=EthGroup.FloatIpSync
input para list:
* output para list:
* 
key=BusinessPort.SetActualMacAddress
input para list:
y s output para list:

key=ExPortConfig.PropertySyncMethod
input para list:
* output para list:
* 
key=Stateless.SetSysManagerIP
input para list:
s output para list:

key=EthGroup.SetActivePort
input para list:
* output para list:

key=SMS.GetBMAConnectState
input para list:
output para list:

key=VirOpticalModule.UpdateOpticalPropInfo
input para list:
s output para list:

key=VirOpticalModule.SetOpticalModuleTemp
input para list:
d output para list:

key=BusinessPort.SetLinkStatusFromBMA
input para list:
s output para list:

key=EthGroup.DefaultGatewaySync
input para list:
* output para list:
* 
key=EthGroup.SetIpVersion
input para list:
y output para list:

key=PortConfig.StateCheck
input para list:
y y output para list:

key=Stateless.SetBroadcastPort
input para list:
u output para list:

key=Stateless.SetPowerOnControlString
input para list:
s output para list:

key=EthGroup.SetIpMode
input para list:
y output para list:

key=Eth.SetEthEnable
input para list:
y output para list:

key=MngtPortCap.GetSwitchConnections
input para list:
output para list:
s 
key=BusinessPort.SetBDF
input para list:
s output para list:

key=ExPortConfig.PortCheck
input para list:
* output para list:

key=EthGroup.SetIpv6Prefix
input para list:
y output para list:

key=Eth.DftEthLoopCheck
input para list:
y output para list:

key=EthGroup.SetBackupIpAddr
input para list:
s output para list:

key=EthGroup.SetNetMode
input para list:
y output para list:

key=LLDPConfig.SetLLDPEnable
input para list:
y output para list:

key=EthGroup.ChooseAdaptiveEth
input para list:
y y y output para list:

key=Eth.AddIp6tablesRule
input para list:
s s output para list:

key=LLDPConfig.SetTxDelaySeconds
input para list:
q output para list:

key=PrivilegeAgent.ModifyFileOwn
input para list:
s u u output para list:

key=EthGroup.SmmPortSwitch
input para list:
s output para list:

key=ExPortConfig.SetState
input para list:
y output para list:

key=EthGroup.SetBackupIpMask
input para list:
s s output para list:

key=ExPortConfig.SetPort
input para list:
q output para list:

key=NetConfig.connect_to_cli
input para list:
s s output para list:

key=NetConfig.dlog_outype
input para list:
s output para list:

key=NetConfig.save_dlog_cfg
input para list:
output para list:

key=NetConfig.deconnect_to_cli
input para list:
s output para list:

key=NetConfig.dlog_outlvl
input para list:
s output para list:

key=NetConfig.set_trace_cfg
input para list:
s output para list:

=====================listen info=============================
my ipc id=917531
key=<PortConfig.State, handler=0xaaaae9c7e1c0, state=0
key=<EthGroup.SLAACIpv6Addr, handler=0xaaaae9c40d70, state=1
key=<PortConfig.Port, handler=0xaaaae9c7df88, state=0
key=<NetCard.PrePlug, handler=0xaaaae9c7e648, state=0
key=<EthGroup.VlanID, handler=0xaaaae9c42058, state=0
key=<EthGroup.ActivePort, handler=0xaaaae9c7d778, state=0
key=<ASM.AsStatus, handler=0xaaaae9c7d6e0, state=0
key=<EthGroup.Type, handler=0xaaaae9c7d558, state=1
key=<SSDPConfig.UseInterface, handler=0xaaaae9c7e2c8, state=0
key=<EthGroup.Ipv6LocalLink, handler=0xaaaae9c40d70, state=0
key=<EthGroup.VlanState, handler=0xaaaae9c7d778, state=0
key=<Chassis.ChassisNum, handler=0xaaaae9c7da48, state=0
key=<NetCard.Eid, handler=0xaaaae9c56620, state=0
key=<Hotswap.CurrentHotswapState, handler=0xaaaae9cd51f8, state=1
key=<BusinessPort.ActualMac, handler=0xaaaae9c75b30, state=0
key=<BMC.HostName, handler=0xaaaae9c7dae0, state=0
key=<BOARD.SlotId, handler=0xaaaae9c7e738, state=0
key=<EthGroup.NetMode, handler=0xaaaae9c7d3f0, state=0
key=<Snmp.PrivProtocol, handler=0xaaaae9cd5078, state=0
key=<Stateless.AutoPowerOn, handler=0xaaaae9cd6e48, state=0
key=<SSDPConfig.IPv6Addr, handler=0xaaaae9c7e2c8, state=0
key=<SMS.BoBChannelType, handler=0xaaaae9c7d948, state=0
key=<Bios.SystemStartupState, handler=0xaaaae9c75ca8, state=1
key=<MMPortOtmInfo.Present, handler=0xaaaae9c6da30, state=0
key=<Snmp.AuthProtocol, handler=0xaaaae9cd5078, state=0
key=<EthGroup.Ipv6Addr, handler=0xaaaae9c40d70, state=0
key=<Snmp.PortID, handler=0xaaaae9cd5078, state=0
key=<ExPortConfig.State, handler=0xaaaae9cd2080, state=0
key=<EthGroup.IpAddr, handler=0xaaaae9cd5078, state=0
=====================route info=============================
.key=VariantExpression, rpc_port=50023, msg_que_id=753686
.key=CafeDev, rpc_port=50007, msg_que_id=229382
.key=IPMIMessageFilter, rpc_port=50025, msg_que_id=819224
.key=PRODUCT, rpc_port=50023, msg_que_id=753686
.key=BOARD, rpc_port=50023, msg_que_id=753686
.key=GPUBoard, rpc_port=50014, msg_que_id=458765
.key=VirOpticalModule, rpc_port=50028, msg_que_id=917531
.key=IpmbAddr, rpc_port=50025, msg_que_id=819224
.key=CoolingCondition, rpc_port=50021, msg_que_id=688148
.key=SysPower, rpc_port=50024, msg_que_id=786455
.key=CpuBoard, rpc_port=50014, msg_que_id=458765
.key=PcieHddRemoveMonitor, rpc_port=50016, msg_que_id=524303
.key=VRDAction, rpc_port=50008, msg_que_id=262151
.key=EnergySaving, rpc_port=50017, msg_que_id=557072
.key=PIPE, rpc_port=50015, msg_que_id=491534
.key=PasswdSetting, rpc_port=50026, msg_que_id=851993
.key=FdmWebConfig, rpc_port=50015, msg_que_id=491534
.key=SpecialPcieCard, rpc_port=50028, msg_que_id=917531
.key=RedfishEventService, rpc_port=50020, msg_que_id=655379
.key=LicenseManage, rpc_port=50002, msg_que_id=65537
.key=AccelerateCard, rpc_port=50014, msg_que_id=458765
.key=PCIeSDICard, rpc_port=50014, msg_que_id=458765
.key=PcieRetimer, rpc_port=50001, msg_que_id=32768
.key=PTASPolicy, rpc_port=50021, msg_que_id=688148
.key=EventMonitor, rpc_port=50009, msg_que_id=294920
.key=VirtualWire, rpc_port=50023, msg_que_id=753686
.key=SmtpConfig, rpc_port=50009, msg_que_id=294920
.key=PowerMgnt, rpc_port=50024, msg_que_id=786455
.key=HwMBAddrAllocMgmt, rpc_port=50014, msg_que_id=458765
.key=MeInfo, rpc_port=50017, msg_que_id=557072
.key=MutualAuthenticationCliCert, rpc_port=50023, msg_que_id=753686
.key=FANBoard, rpc_port=50014, msg_que_id=458765
.key=SystemManagerInfo, rpc_port=50023, msg_que_id=753686
.key=SensorShortTermSpecMonitor, rpc_port=50009, msg_que_id=294920
.key=SASCable, rpc_port=50016, msg_que_id=524303
.key=DevTest, rpc_port=50009, msg_que_id=294920
.key=NandInfo, rpc_port=50023, msg_que_id=753686
.key=EventDescpCfgToHmm, rpc_port=50009, msg_que_id=294920
.key=UserRole, rpc_port=50026, msg_que_id=851993
.key=SilkTemplate, rpc_port=50017, msg_que_id=557072
.key=Retimer, rpc_port=50014, msg_que_id=458765
.key=SyslogConfig, rpc_port=50009, msg_que_id=294920
.key=ProxyVideo, rpc_port=50018, msg_que_id=589841
.key=SmmFanFirmware, rpc_port=50008, msg_que_id=262151
.key=SSDPCtrlPtConfig, rpc_port=50019, msg_que_id=622610
.key=ResidentNetConfig, rpc_port=50028, msg_que_id=917531
.key=KvmLink, rpc_port=50004, msg_que_id=131075
.key=MasterSMM, rpc_port=50023, msg_que_id=753686
.key=ComputerSystem, rpc_port=50010, msg_que_id=327689
.key=LocalPcieCard, rpc_port=50014, msg_que_id=458765
.key=VPD, rpc_port=50016, msg_que_id=524303
.key=ComponentInfo, rpc_port=50017, msg_que_id=557072
.key=LSWConfig, rpc_port=50028, msg_que_id=917531
.key=AlertFilter, rpc_port=50009, msg_que_id=294920
.key=ModbusAddrAllocMgmt, rpc_port=50014, msg_que_id=458765
.key=Cooling, rpc_port=50021, msg_que_id=688148
.key=FANClass, rpc_port=50021, msg_que_id=688148
.key=HDDBackplane, rpc_port=50014, msg_que_id=458765
.key=ChipFirmwareMgnt, rpc_port=50008, msg_que_id=262151
.key=DftItem, rpc_port=50011, msg_que_id=360458
.key=Stateless, rpc_port=50028, msg_que_id=917531
.key=PcieAddrInfo, rpc_port=50015, msg_que_id=491534
.key=DftAction, rpc_port=50011, msg_que_id=360458
.key=ConditionTask, rpc_port=50009, msg_que_id=294920
.key=ExpBoard, rpc_port=50014, msg_que_id=458765
.key=OpaMezzInfo, rpc_port=50014, msg_que_id=458765
.key=SyslogItemCfg, rpc_port=50009, msg_que_id=294920
.key=ThresholdAssert, rpc_port=50009, msg_que_id=294920
.key=SolLink, rpc_port=50025, msg_que_id=819224
.key=MainBoard, rpc_port=50014, msg_que_id=458765
.key=IOBoard, rpc_port=50014, msg_que_id=458765
.key=_Snmp, rpc_port=50018, msg_que_id=589841
.key=SecurityModule, rpc_port=50014, msg_que_id=458765
.key=LLDPConfig, rpc_port=50028, msg_que_id=917531
.key=BBUModule, rpc_port=50024, msg_que_id=786455
.key=LeakageDetectionCard, rpc_port=50014, msg_que_id=458765
.key=SmtpItemCfg, rpc_port=50009, msg_que_id=294920
.key=DataAcquisitionMetric, rpc_port=50015, msg_que_id=491534
.key=RaidController, rpc_port=50016, msg_que_id=524303
.key=PMEServiceConfig, rpc_port=50023, msg_que_id=753686
.key=Memory, rpc_port=50017, msg_que_id=557072
.key=LicenseFeatureKey, rpc_port=50002, msg_que_id=65537
.key=VoltMonitor, rpc_port=50009, msg_que_id=294920
.key=PSUGroup, rpc_port=50024, msg_que_id=786455
.key=OemSdr, rpc_port=50009, msg_que_id=294920
.key=NPU, rpc_port=50017, msg_que_id=557072
.key=DiskSubArray, rpc_port=50016, msg_que_id=524303
.key=CollectPropertyDefinition, rpc_port=50023, msg_que_id=753686
.key=_card_manage, rpc_port=50014, msg_que_id=458765
.key=Action, rpc_port=50008, msg_que_id=262151
.key=OnePower, rpc_port=50024, msg_que_id=786455
.key=Kvm, rpc_port=50004, msg_que_id=131075
.key=DiscreteSensor, rpc_port=50009, msg_que_id=294920
.key=ThresholdSensorMonitor, rpc_port=50009, msg_que_id=294920
.key=CertMonitor, rpc_port=50023, msg_que_id=753686
.key=Pex8796, rpc_port=50001, msg_que_id=32768
.key=LicenseSaleInfo, rpc_port=50002, msg_que_id=65537
.key=PortMapping, rpc_port=50028, msg_que_id=917531
.key=RawEepromFruDev, rpc_port=50007, msg_que_id=229382
.key=_kvm_vmm, rpc_port=50004, msg_que_id=131075
.key=EnergySavingCfgItem, rpc_port=50017, msg_que_id=557072
.key=CpuStatistic, rpc_port=50017, msg_que_id=557072
.key=CompositionSetting, rpc_port=50001, msg_que_id=32768
.key=PsSleep, rpc_port=50024, msg_que_id=786455
.key=SysBattery, rpc_port=50024, msg_que_id=786455
.key=Pex9765, rpc_port=50001, msg_que_id=32768
.key=PermitRule, rpc_port=50026, msg_que_id=851993
.key=BMC, rpc_port=50023, msg_que_id=753686
.key=Snmp, rpc_port=50018, msg_que_id=589841
.key=VoltTest, rpc_port=50009, msg_que_id=294920
.key=LedPanel, rpc_port=50009, msg_que_id=294920
.key=EthFunction, rpc_port=50028, msg_que_id=917531
.key=_PowerMgnt, rpc_port=50024, msg_que_id=786455
.key=PowerCapping, rpc_port=50024, msg_que_id=786455
.key=RegAction, rpc_port=50014, msg_que_id=458765
.key=_ddns, rpc_port=50005, msg_que_id=163844
.key=M2TransformCard, rpc_port=50014, msg_que_id=458765
.key=SmBios, rpc_port=50013, msg_que_id=425996
.key=SensorOemConfig, rpc_port=50009, msg_que_id=294920
.key=Bios, rpc_port=50013, msg_que_id=425996
.key=McdlSdr, rpc_port=50009, msg_que_id=294920
.key=PMBusTempMonitor, rpc_port=50009, msg_que_id=294920
.key=DiskSlotInfo, rpc_port=50014, msg_que_id=458765
.key=LDAP, rpc_port=50023, msg_que_id=753686
.key=PassThroughCard, rpc_port=50014, msg_que_id=458765
.key=ReserveChanTest, rpc_port=50011, msg_que_id=360458
.key=RedfishEvtSubscription, rpc_port=50020, msg_que_id=655379
.key=Watchdog2, rpc_port=50022, msg_que_id=720917
.key=LedDispElmt_S, rpc_port=50009, msg_que_id=294920
.key=TransferFileInfo, rpc_port=50023, msg_que_id=753686
.key=PsuSlot, rpc_port=50024, msg_que_id=786455
.key=FruPayload, rpc_port=50022, msg_que_id=720917
.key=VMDCondition, rpc_port=50023, msg_que_id=753686
.key=_User, rpc_port=50026, msg_que_id=851993
.key=BoardInfoCollectCfg, rpc_port=50023, msg_que_id=753686
.key=Policy1Class, rpc_port=50021, msg_que_id=688148
.key=NetCard, rpc_port=50014, msg_que_id=458765
.key=Sel, rpc_port=50009, msg_que_id=294920
.key=ProductComponent, rpc_port=50023, msg_que_id=753686
.key=SLIMCableConfig, rpc_port=50016, msg_que_id=524303
.key=CfgMgnt, rpc_port=50003, msg_que_id=98306
.key=RiserPcieCard, rpc_port=50014, msg_que_id=458765
.key=OpticalModule, rpc_port=50028, msg_que_id=917531
.key=NPUHistoryECCInfo, rpc_port=50017, msg_que_id=557072
.key=RepeaterMgnt, rpc_port=50014, msg_que_id=458765
.key=ChipValueChecker, rpc_port=50009, msg_que_id=294920
.key=_net_nat, rpc_port=50029, msg_que_id=950300
.key=IPMIChannel, rpc_port=50025, msg_que_id=819224
.key=OscaPcieCard, rpc_port=50014, msg_que_id=458765
.key=LedDispElmt_RP, rpc_port=50009, msg_que_id=294920
.key=EventPolicy, rpc_port=50009, msg_que_id=294920
.key=iBMAUSBMassStorage, rpc_port=50004, msg_que_id=131075
.key=NvGPUAction, rpc_port=50014, msg_que_id=458765
.key=DiskArray, rpc_port=50016, msg_que_id=524303
.key=OscaPort, rpc_port=50013, msg_que_id=425996
.key=RmcpConfig, rpc_port=50025, msg_que_id=819224
.key=SASPHYStatus, rpc_port=50016, msg_que_id=524303
.key=SMMPCIeInfo, rpc_port=50014, msg_que_id=458765
.key=OCPCard, rpc_port=50014, msg_que_id=458765
.key=VirtualHDDBackplane, rpc_port=50014, msg_que_id=458765
.key=ProxyVmm, rpc_port=50018, msg_que_id=589841
.key=VmseChannel, rpc_port=50017, msg_que_id=557072
.key=HinicFirmware, rpc_port=50008, msg_que_id=262151
.key=MatchRegValue, rpc_port=50001, msg_que_id=32768
.key=Warning, rpc_port=50009, msg_que_id=294920
.key=Contact, rpc_port=50023, msg_que_id=753686
.key=Session, rpc_port=50026, msg_que_id=851993
.key=ExtendPcieCard, rpc_port=50014, msg_que_id=458765
.key=MaxValueMonitor, rpc_port=50009, msg_que_id=294920
.key=BusinessPort, rpc_port=50028, msg_que_id=917531
.key=CLASSFANTYPE, rpc_port=50021, msg_que_id=688148
.key=ButtonTest, rpc_port=50011, msg_que_id=360458
.key=SdrDev, rpc_port=50009, msg_que_id=294920
.key=SSDPConfig, rpc_port=50019, msg_que_id=622610
.key=BoardPower, rpc_port=50024, msg_que_id=786455
.key=PCIeSSDCard, rpc_port=50014, msg_que_id=458765
.key=USBMassStorage, rpc_port=50004, msg_que_id=131075
.key=MassStorage, rpc_port=50016, msg_que_id=524303
.key=TrapConfig, rpc_port=50009, msg_que_id=294920
.key=BIOSEvent, rpc_port=50009, msg_que_id=294920
.key=Led, rpc_port=50009, msg_que_id=294920
.key=PortConfig, rpc_port=50028, msg_que_id=917531
.key=PCIeDisk, rpc_port=50016, msg_que_id=524303
.key=PTAS, rpc_port=50021, msg_que_id=688148
.key=CompositionZone, rpc_port=50001, msg_que_id=32768
.key=MctpCtrl, rpc_port=50012, msg_que_id=393227
.key=SignalMonitor, rpc_port=50009, msg_que_id=294920
.key=MutualAuthentication, rpc_port=50023, msg_que_id=753686
.key=Card, rpc_port=50014, msg_que_id=458765
.key=RaidChip, rpc_port=50016, msg_que_id=524303
.key=Eth, rpc_port=50028, msg_que_id=917531
.key=LogicalDriveAlertInfo, rpc_port=50016, msg_que_id=524303
.key=Video, rpc_port=50004, msg_que_id=131075
.key=LedDispControl, rpc_port=50009, msg_que_id=294920
.key=Dump, rpc_port=50027, msg_que_id=884762
.key=FruStatics, rpc_port=50007, msg_que_id=229382
.key=_BIOS, rpc_port=50013, msg_que_id=425996
.key=ScriptEngine, rpc_port=50027, msg_que_id=884762
.key=PcieRootPortMap, rpc_port=50007, msg_que_id=229382
.key=FruDev, rpc_port=50007, msg_que_id=229382
.key=FPGAMemory, rpc_port=50017, msg_que_id=557072
.key=EventSeverityChange, rpc_port=50009, msg_que_id=294920
.key=_dfm, rpc_port=50000, msg_que_id=0
.key=TrapItemCfg, rpc_port=50009, msg_que_id=294920
.key=LedTest, rpc_port=50009, msg_que_id=294920
.key=DataCondition, rpc_port=50017, msg_que_id=557072
.key=StorageDiagnose, rpc_port=50016, msg_que_id=524303
.key=PcieCard, rpc_port=50014, msg_que_id=458765
.key=PowerAlert, rpc_port=50024, msg_que_id=786455
.key=PowerSignalMonitor, rpc_port=50009, msg_que_id=294920
.key=ComponentFirmware, rpc_port=50008, msg_que_id=262151
.key=NpuAbility, rpc_port=50017, msg_que_id=557072
.key=_Dft, rpc_port=50011, msg_que_id=360458
.key=MgmtChipEnvConfig, rpc_port=50023, msg_que_id=753686
.key=BMCCoreManagement, rpc_port=50023, msg_que_id=753686
.key=SeriaManagement, rpc_port=50025, msg_que_id=819224
.key=OcpCardControl, rpc_port=50014, msg_que_id=458765
.key=FirmwareLimit, rpc_port=50011, msg_que_id=360458
.key=User, rpc_port=50026, msg_que_id=851993
.key=Upgrade, rpc_port=50008, msg_que_id=262151
.key=_sensor_alarm, rpc_port=50009, msg_que_id=294920
.key=PrivilegeAgent, rpc_port=50018, msg_que_id=589841
.key=Eeprom, rpc_port=50008, msg_que_id=262151
.key=Condition, rpc_port=50021, msg_que_id=688148
.key=TempMonitor, rpc_port=50009, msg_que_id=294920
.key=_CpuMem, rpc_port=50017, msg_que_id=557072
.key=SMM, rpc_port=50023, msg_que_id=753686
.key=LDAPCommon, rpc_port=50023, msg_que_id=753686
.key=SensorCategory, rpc_port=50009, msg_que_id=294920
.key=NandFlash, rpc_port=50023, msg_que_id=753686
.key=Raid, rpc_port=50014, msg_que_id=458765
.key=TransferFile, rpc_port=50023, msg_que_id=753686
.key=DftCtrl, rpc_port=50011, msg_que_id=360458
.key=Entity, rpc_port=50009, msg_que_id=294920
.key=UidButton, rpc_port=50009, msg_que_id=294920
.key=Hdd, rpc_port=50016, msg_que_id=524303
.key=InterfaceTest, rpc_port=50011, msg_que_id=360458
.key=CardAction, rpc_port=50014, msg_que_id=458765
.key=EncryptKey, rpc_port=50026, msg_que_id=851993
.key=_diagnose, rpc_port=50015, msg_que_id=491534
.key=Language, rpc_port=50009, msg_que_id=294920
.key=Hotswap, rpc_port=50022, msg_que_id=720917
.key=ManualControlLed, rpc_port=50009, msg_que_id=294920
.key=_agentless, rpc_port=50010, msg_que_id=327689
.key=AlertString, rpc_port=50009, msg_que_id=294920
.key=LocalHostAgentPort, rpc_port=50029, msg_que_id=950300
.key=DftLSWConfig, rpc_port=50028, msg_que_id=917531
.key=DataAcquisitionTagDefinition, rpc_port=50015, msg_que_id=491534
.key=MezzCard, rpc_port=50014, msg_que_id=458765
.key=MemoryChannel, rpc_port=50017, msg_que_id=557072
.key=_Payload, rpc_port=50022, msg_que_id=720917
.key=AssetLocateBoard, rpc_port=50014, msg_que_id=458765
.key=RegMonitor, rpc_port=50009, msg_que_id=294920
.key=_MaintDebug, rpc_port=50027, msg_que_id=884762
.key=SysFWProgressStatus, rpc_port=50017, msg_que_id=557072
.key=_StorageMgnt, rpc_port=50016, msg_que_id=524303
.key=ConditionGroup, rpc_port=50021, msg_que_id=688148
.key=OSDrivePartition, rpc_port=50010, msg_que_id=327689
.key=_BMC, rpc_port=50023, msg_que_id=753686
.key=Log, rpc_port=50027, msg_que_id=884762
.key=_portal, rpc_port=50006, msg_que_id=196613
.key=Payload, rpc_port=50022, msg_que_id=720917
.key=_FileManage, rpc_port=50003, msg_que_id=98306
.key=PCIeFPGACard, rpc_port=50014, msg_que_id=458765
.key=LicenseKeyInfo, rpc_port=50002, msg_que_id=65537
.key=EthRename, rpc_port=50028, msg_que_id=917531
.key=StorageCfgCustomize, rpc_port=50016, msg_que_id=524303
.key=PcieSwitch, rpc_port=50001, msg_que_id=32768
.key=FdmConfig, rpc_port=50015, msg_que_id=491534
.key=MSPP, rpc_port=50024, msg_que_id=786455
.key=Firmware, rpc_port=50008, msg_que_id=262151
.key=DataAcquisitionService, rpc_port=50015, msg_que_id=491534
.key=VNC, rpc_port=50004, msg_que_id=131075
.key=ExtendSASCable, rpc_port=50016, msg_que_id=524303
.key=I2CTest, rpc_port=50011, msg_que_id=360458
.key=DiscreteEvent, rpc_port=50009, msg_que_id=294920
.key=FanGroup, rpc_port=50021, msg_que_id=688148
.key=LicenseSaleItem, rpc_port=50002, msg_que_id=65537
.key=DeaSdr, rpc_port=50009, msg_que_id=294920
.key=Vmm, rpc_port=50004, msg_que_id=131075
.key=SSLEncryptKey, rpc_port=50026, msg_que_id=851993
.key=ChipConfigMgnt, rpc_port=50008, msg_que_id=262151
.key=Ipmb, rpc_port=50025, msg_que_id=819224
.key=TreeNode, rpc_port=50015, msg_que_id=491534
.key=ProcessorFamily, rpc_port=50015, msg_que_id=491534
.key=SMS, rpc_port=50010, msg_que_id=327689
.key=PcieSwitchAction, rpc_port=50001, msg_que_id=32768
.key=EventInformation, rpc_port=50009, msg_que_id=294920
.key=FibreChannel, rpc_port=50028, msg_que_id=917531
.key=LDAPGroup, rpc_port=50023, msg_que_id=753686
.key=AgeTest, rpc_port=50011, msg_que_id=360458
.key=ThresholdSensor, rpc_port=50009, msg_que_id=294920
.key=EthGroup, rpc_port=50028, msg_que_id=917531
.key=BladeCpuThermal, rpc_port=50021, msg_que_id=688148
.key=PCIeTransformCard, rpc_port=50014, msg_que_id=458765
.key=CompositionEndpoint, rpc_port=50001, msg_que_id=32768
.key=PswCpld, rpc_port=50001, msg_que_id=32768
.key=ConditionAction, rpc_port=50009, msg_que_id=294920
.key=EnvRecord, rpc_port=50009, msg_que_id=294920
.key=_PcieSwitch, rpc_port=50001, msg_que_id=32768
.key=BoardRTC, rpc_port=50023, msg_que_id=753686
.key=BladeCoolingPolicy, rpc_port=50021, msg_que_id=688148
.key=LedDispElmt, rpc_port=50009, msg_que_id=294920
.key=_cooling_app, rpc_port=50021, msg_que_id=688148
.key=GPUCard, rpc_port=50014, msg_que_id=458765
.key=StringFormator, rpc_port=50009, msg_que_id=294920
.key=EventConfiguration, rpc_port=50009, msg_que_id=294920
.key=Chassis, rpc_port=50023, msg_que_id=753686
.key=ComponentPowerCtrl, rpc_port=50014, msg_que_id=458765
.key=_MCTP, rpc_port=50012, msg_que_id=393227
.key=Redfish, rpc_port=50020, msg_que_id=655379
.key=EndpointIdentifier, rpc_port=50001, msg_que_id=32768
.key=Pex8725, rpc_port=50001, msg_que_id=32768
.key=_LicenseMgnt, rpc_port=50002, msg_que_id=65537
.key=BoardTypeDefinition, rpc_port=50023, msg_que_id=753686
.key=KRBCommon, rpc_port=50023, msg_que_id=753686
.key=_UPGRADE, rpc_port=50008, msg_que_id=262151
.key=SOLManagement, rpc_port=50025, msg_que_id=819224
.key=ChipVrdParameterConfig, rpc_port=50008, msg_que_id=262151
.key=LSWChipMgnt, rpc_port=50028, msg_que_id=917531
.key=ExPortConfig, rpc_port=50028, msg_que_id=917531
.key=BBU, rpc_port=50016, msg_que_id=524303
.key=VncLink, rpc_port=50004, msg_que_id=131075
.key=HDDLocationStatus, rpc_port=50016, msg_que_id=524303
.key=EthFunctionDefine, rpc_port=50028, msg_que_id=917531
.key=DNSSetting, rpc_port=50005, msg_que_id=163844
.key=SSL, rpc_port=50023, msg_que_id=753686
.key=RemoteHttpsServerRootCert, rpc_port=50023, msg_que_id=753686
.key=DftVersion, rpc_port=50011, msg_que_id=360458
.key=PeripheralDeviceSensor, rpc_port=50014, msg_que_id=458765
.key=SASExpander, rpc_port=50016, msg_que_id=524303
.key=MemoryBoard, rpc_port=50014, msg_que_id=458765
.key=Cpu, rpc_port=50017, msg_que_id=557072
.key=RegConfig, rpc_port=50014, msg_que_id=458765
.key=_FruData, rpc_port=50007, msg_que_id=229382
.key=Gpio, rpc_port=50009, msg_que_id=294920
.key=LicenseAlarmInfo, rpc_port=50002, msg_que_id=65537
.key=LDAPCert, rpc_port=50023, msg_que_id=753686
.key=ChipValueReader, rpc_port=50009, msg_que_id=294920
.key=VRDUpgradeMgnt, rpc_port=50008, msg_que_id=262151
.key=LedCtrl, rpc_port=50009, msg_que_id=294920
.key=PefFilter, rpc_port=50009, msg_que_id=294920
.key=_redfish, rpc_port=50020, msg_que_id=655379
.key=AdditionalFan, rpc_port=50021, msg_que_id=688148
.key=SelFilter, rpc_port=50009, msg_que_id=294920
.key=CPLDSelftest, rpc_port=50011, msg_que_id=360458
.key=SMMportswitch, rpc_port=50028, msg_que_id=917531
.key=PcieRetimerAction, rpc_port=50001, msg_que_id=32768
.key=OAM, rpc_port=50028, msg_que_id=917531
.key=ModbusSlave, rpc_port=50014, msg_que_id=458765
.key=PowerOnCriteria, rpc_port=50022, msg_que_id=720917
.key=CpuPowTempMap, rpc_port=50021, msg_que_id=688148
.key=Diagnose, rpc_port=50015, msg_que_id=491534
.key=Fru, rpc_port=50007, msg_que_id=229382
.key=MMPortOtmInfo, rpc_port=50028, msg_que_id=917531
.key=LogicalDrive, rpc_port=50016, msg_que_id=524303
.key=I2cLed, rpc_port=50009, msg_que_id=294920
.key=_discovery, rpc_port=50019, msg_que_id=622610
.key=EventDescp, rpc_port=50009, msg_que_id=294920
.key=_ipmi_app, rpc_port=50025, msg_que_id=819224
.key=Composition, rpc_port=50001, msg_que_id=32768
.key=Component, rpc_port=50007, msg_que_id=229382
.key=BusinessPortVLAN, rpc_port=50028, msg_que_id=917531
.key=MutualAuthenticationRootCert, rpc_port=50023, msg_que_id=753686
.key=Elabel, rpc_port=50007, msg_que_id=229382
.key=SecurityEnhance, rpc_port=50026, msg_que_id=851993
.key=VRDUpgradeMgntAssist, rpc_port=50008, msg_que_id=262151
.key=InsertStatusLedCtrl, rpc_port=50009, msg_que_id=294920
.key=ResidentStorageMgnt, rpc_port=50016, msg_que_id=524303
.key=_NetConfig, rpc_port=50028, msg_que_id=917531
.key=LicenseGeneralInfo, rpc_port=50002, msg_que_id=65537
.key=DftStatus, rpc_port=50011, msg_que_id=360458
.key=NTP, rpc_port=50023, msg_que_id=753686
.key=Com, rpc_port=50025, msg_que_id=819224
.key=NoDevTest, rpc_port=50009, msg_que_id=294920
.key=MngtPortCap, rpc_port=50028, msg_que_id=917531
.key=USBPortSwitch, rpc_port=50023, msg_que_id=753686
.key=IpmbEth, rpc_port=50025, msg_que_id=819224
.key=SLIMCable, rpc_port=50016, msg_que_id=524303
.key=Modbus, rpc_port=50014, msg_que_id=458765
.key=IsMemBoard, rpc_port=50014, msg_que_id=458765
.key=ExternalRefInfo, rpc_port=50015, msg_que_id=491534
.key=AccessorUpdateAction, rpc_port=50008, msg_que_id=262151
.key=ProxyKvm, rpc_port=50018, msg_que_id=589841
.key=ChipUpgradeByI2C, rpc_port=50008, msg_que_id=262151
=====================other info=============================
ipmi app rpc port=50025
dft app rpc port=50011
my rpc port=50028
my ipc id=917531
sync sem4 id=32768
module id=29
=============================client end==========================
=====================class info============================
--------------------- NetCard             -----------------
listened       : HotplugCtrlStatus: 458765, 
               : Health: 294920, 
               : Eid: 917531, 
               : PrePlug: 917531, 
               : FDMFault: 294920, 
               : ReplaceFlag: 294920, 
--------------------- Bios                -----------------
listened       : SystemStartupState: 491534, 917531, 
               : PcieCardBDF: 458765, 
               : PcieDiskBDF: 458765, 
               : OCPCardBDF: 458765, 
               : MenuChangeFlag: 458765, 
               : BiosBootStage: 458765, 
               : BiosPwdMasterKeyId: 851993, 
               : StartOption: 131075, 
--------------------- LSWConfig           -----------------
--------------------- DftStatus           -----------------
listened       : DftEnable: 131075, 
--------------------- MMPortOtmInfo       -----------------
listened       : Present: 917531, 
--------------------- VirOpticalModule    -----------------
--------------------- MngtPortCap         -----------------
--------------------- PRODUCT             -----------------
listened       : SessionTokenLength: 327689, 
--------------------- Hotswap             -----------------
listened       : CurrentHotswapState: 458765, 917531, 
               : MixHotswapState: 786455, 294920, 
--------------------- SmBios              -----------------
listened       : SmBiosStatus: 491534, 393227, 262151, 458765, 131075, 
               : FileChange: 557072, 
--------------------- SMS                 -----------------
listened       : BoBChannelType: 589841, 819224, 917531, 950300, 
               : IPAddr: 655379, 294920, 
               : Port: 655379, 950300, 
               : RegisterState: 655379, 
               : MinPort: 294920, 
               : MaxPort: 294920, 
               : UpdateStatus: 524303, 
               : CdevChannelEnabled: 950300, 
--------------------- FibreChannel        -----------------
--------------------- OAM                 -----------------
--------------------- BOARD               -----------------
listened       : SlotId: 753686, 917531, 
--------------------- PortMapping         -----------------
--------------------- BusinessPort        -----------------
listened       : ActualMac: 917531, 
               : LinkStatusBMA: 294920, 
--------------------- Chassis             -----------------
listened       : ChassisNum: 917531, 
               : ChassisName: 294920, 
               : Location: 294920, 
--------------------- ResidentNetConfig   -----------------
--------------------- PrivilegeAgent      -----------------
--------------------- LLDPConfig          -----------------
--------------------- OpticalModule       -----------------
--------------------- DftItem             -----------------
--------------------- BusinessPortVLAN    -----------------
--------------------- Anchor              -----------------
--------------------- ExPortConfig        -----------------
listened       : State: 917531, 950300, 
               : Port: 950300, 
--------------------- ProductComponent    -----------------
--------------------- Log                 -----------------
--------------------- LocalBusMix         -----------------
--------------------- SMMportswitch       -----------------
--------------------- Elabel              -----------------
listened       : BoardSerialNumber: 65537, 294920, 
               : MfgDateTime: 753686, 
               : ProductAssetTag: 294920, 
               : ChassisSerialNumber: 294920, 
--------------------- SSDPConfig          -----------------
listened       : UseInterface: 917531, 
               : IPv6Addr: 917531, 
--------------------- Payload             -----------------
listened       : SysResetFlag: 32768, 491534, 262151, 425996, 557072, 458765, 786455, 294920, 327689, 524303, 131075, 
               : ChassisPowerState: 491534, 262151, 425996, 557072, 458765, 786455, 720917, 294920, 327689, 524303, 131075, 
               : ResetFlag: 491534, 425996, 557072, 458765, 786455, 327689, 524303, 294920, 
               : RestartValue: 425996, 294920, 
               : AcpiStatus: 720917, 
               : BoardStableStatus: 819224, 
               : AcpiValue: 294920, 
               : PwrOkSigDrop: 294920, 
               : PwrButtonFlag: 294920, 
               : PowerGd: 688148, 
--------------------- Accessor            -----------------
--------------------- Fru                 -----------------
--------------------- SpecialPcieCard     -----------------
--------------------- Stateless           -----------------
listened       : AutoPowerOn: 917531, 
--------------------- LSWChipMgnt         -----------------
--------------------- EthRename           -----------------
--------------------- Component           -----------------
listened       : Health: 294920, 
--------------------- EthFunction         -----------------
--------------------- Eth                 -----------------
listened       : VlanID: 589841, 
               : Health: 294920, 
--------------------- Chip                -----------------
--------------------- EthFunctionDefine   -----------------
--------------------- MctpCtrl            -----------------
--------------------- DftLSWConfig        -----------------
--------------------- Connector           -----------------
--------------------- EthGroup            -----------------
listened       : IpVersion: 589841, 851993, 
               : IpAddr: 589841, 819224, 851993, 917531, 
               : Ipv6Addr: 589841, 851993, 917531, 
               : SLAACIpv6Addr: 589841, 917531, 
               : Ipv6LocalLink: 589841, 917531, 
               : ActivePort: 589841, 917531, 
               : Type: 589841, 917531, 
               : IpMode: 851993, 753686, 
               : SubnetMask: 851993, 
               : DefaultGateway: 851993, 
               : Ipv6Mode: 851993, 753686, 
               : Ipv6DefaultGateway: 851993, 
               : Ipv6Prefix: 851993, 
               : VlanID: 917531, 
               : VlanState: 917531, 
               : NetMode: 917531, 
--------------------- BMC                 -----------------
listened       : HostName: 589841, 163844, 917531, 294920, 
               : CustomManufacturer: 655379, 
--------------------- Expression          -----------------
listened       : Value: 294920, 
--------------------- PortConfig          -----------------
listened       : State: 589841, 851993, 917531, 950300, 
               : Port: 589841, 851993, 917531, 950300, 
--------------------- Snmp                -----------------
listened       : SnmpCommMasterKeyId: 851993, 
               : OldEngineID: 851993, 
               : AuthProtocol: 917531, 
               : PrivProtocol: 917531, 
               : PortID: 917531, 
--------------------- Upgrade             -----------------
listened       : UpgradedFlag: 589841, 655379, 425996, 294920, 851993, 131075, 753686, 
               : PreRollbackFlag: 589841, 655379, 425996, 294920, 851993, 131075, 753686, 
               : Degrade: 557072, 
               : UpgradeFileMasterKeyId: 851993, 
--------------------- PMEServiceConfig    -----------------
listened       : BoardInfoCollectEnable: 753686, 
=====================fwrite info============================
fm sync fwrite cnt: 0
log fwrite cnt: 0
fm setcontent fwrite cnt: 0
