==========================object===========================
----------------- log_0                         -----------
ref count      : 1
----------------- PRODUCT                       -----------
ref count      : 1
.SessionTokenLength : listened by port : 327689, 
----------------- GPUElabel-901                 -----------
ref count      : 1
.BoardPartNumber : send event count: 1
.BoardProductName : send event count: 2
.IsContainSystemArea : send event count: 1
.ChassisType    : send event count: 1
.ProductVersion : send event count: 1
.PsRate         : send event count: 1
.MfgDateTime    : send event count: 2 : listened by port : 753686, 
.ProductManufacturer : send event count: 2
.ProductExtendLabel : send event count: 1
.SysName        : send event count: 1
.SysSerialNum   : send event count: 1
.PsInputMode    : send event count: 1
.ProductFileId  : send event count: 2
.ProductAssetTag : send event count: 1 : listened by port : 294920, 
.ParserProcotol : send event count: 1
.IsSupportConfigArea : send event count: 1
.SystemAreaAccessor : send event count: 1
.BoardFileId    : send event count: 2
.ExtendLabel    : send event count: 1
.BoardSerialNumber : send event count: 2 : listened by port : 294920, 65537, 
.ProductName    : send event count: 1
.ChassisPartNumber : send event count: 1
.BoardManufacturer : send event count: 2
.IsSupportDft   : send event count: 1
.ChassisSerialNumber : send event count: 1 : listened by port : 294920, 
.ChassisExtendLabel : send event count: 1
.ProductSerialNumber : send event count: 1
.ProductPartNumber : send event count: 1
----------------- VirInnerBpConnect             -----------
ref count      : 1
----------------- ComHdd8-2                     -----------
ref count      : 1
.Health         : send event count: 2 : listened by port : 294920, 
----------------- RiserCard9555-9               -----------
ref count      : 1
----------------- ComDiskBackplane              -----------
ref count      : 1
.Health         : listened by port : 294920, 
----------------- LedTubeDftTest                -----------
ref count      : 1
----------------- ComMemory010                  -----------
ref count      : 1
.Health         : listened by port : 294920, 
----------------- Memory051                     -----------
ref count      : 1
.FDMFault       : listened by port : 294920, 
.ReplaceFlag    : listened by port : 294920, 
----------------- dft_item_pca9555_nic-4        -----------
ref count      : 1
----------------- BOARD                         -----------
ref count      : 1
.SlotId         : listened by port : 917531, 753686, 
----------------- dft_item_mcu_selftest-802     -----------
ref count      : 1
----------------- GPUElabel-902                 -----------
ref count      : 1
.BoardPartNumber : send event count: 1
.BoardProductName : send event count: 2
.IsContainSystemArea : send event count: 1
.ChassisType    : send event count: 1
.ProductVersion : send event count: 1
.PsRate         : send event count: 1
.MfgDateTime    : send event count: 2 : listened by port : 753686, 
.ProductManufacturer : send event count: 2
.ProductExtendLabel : send event count: 1
.SysName        : send event count: 1
.SysSerialNum   : send event count: 1
.PsInputMode    : send event count: 1
.ProductFileId  : send event count: 2
.ProductAssetTag : send event count: 1 : listened by port : 294920, 
.ParserProcotol : send event count: 1
.IsSupportConfigArea : send event count: 1
.SystemAreaAccessor : send event count: 1
.BoardFileId    : send event count: 2
.ExtendLabel    : send event count: 1
.BoardSerialNumber : send event count: 2 : listened by port : 294920, 65537, 
.ProductName    : send event count: 1
.ChassisPartNumber : send event count: 1
.BoardManufacturer : send event count: 2
.IsSupportDft   : send event count: 1
.ChassisSerialNumber : send event count: 1 : listened by port : 294920, 
.ChassisExtendLabel : send event count: 1
.ProductSerialNumber : send event count: 1
.ProductPartNumber : send event count: 1
----------------- FruNameConnector-902          -----------
ref count      : 1
----------------- EepromSelfTest                -----------
ref count      : 1
----------------- HddInner2-2                   -----------
ref count      : 1
.RebuildState   : listened by port : 294920, 
.Presence       : listened by port : 294920, 
.Id             : listened by port : 229382, 491534, 
.ReplaceFlag    : listened by port : 294920, 
----------------- PCIeFPGACard-801              -----------
ref count      : 1
----------------- PowerButtonTest               -----------
ref count      : 1
----------------- ComMemory011                  -----------
ref count      : 1
.Health         : listened by port : 294920, 
----------------- DftItem:C                     -----------
ref count      : 1
----------------- SPITest                       -----------
ref count      : 1
----------------- LpcTest                       -----------
ref count      : 1
----------------- eeprom0-3                     -----------
ref count      : 1
----------------- I2CTest-9                     -----------
ref count      : 1
----------------- dft_item_pca9555_nic-3        -----------
ref count      : 1
----------------- PcieCardAnchor-902            -----------
ref count      : 1
----------------- RiserCard2Connect             -----------
ref count      : 1
----------------- dft_item_inter_test-901       -----------
ref count      : 1
----------------- dft_item_selfheal_test-902    -----------
ref count      : 1
----------------- GPUDev-901                    -----------
ref count      : 1
.Size           : send event count: 1
.StorageType    : send event count: 1
.CfgMask        : send event count: 1
.IsWP           : send event count: 1
.StorageLoc     : send event count: 1
.WPCfg          : send event count: 1
.EepromWp       : send event count: 1
.Health         : send event count: 1 : listened by port : 294920, 
----------------- eeprom0-4                     -----------
ref count      : 1
----------------- ComNICCard-3                  -----------
ref count      : 1
.Health         : listened by port : 294920, 
.DeviceName     : send event count: 1
----------------- PcieSlot1Connect-e            -----------
ref count      : 1
----------------- dft_item_vcc_12v5             -----------
ref count      : 1
----------------- dft_item_inter_test-902       -----------
ref count      : 1
----------------- RiserCardAnchor-e             -----------
ref count      : 1
----------------- GPUDev-902                    -----------
ref count      : 1
.Size           : send event count: 1
.StorageType    : send event count: 1
.CfgMask        : send event count: 1
.IsWP           : send event count: 1
.StorageLoc     : send event count: 1
.WPCfg          : send event count: 1
.EepromWp       : send event count: 1
.Health         : send event count: 1 : listened by port : 294920, 
----------------- dft_VDDQ_Test                 -----------
ref count      : 1
----------------- ComNICCard-4                  -----------
ref count      : 1
.Health         : listened by port : 294920, 
.DeviceName     : send event count: 1
----------------- Memory130                     -----------
ref count      : 1
.FDMFault       : listened by port : 294920, 
.ReplaceFlag    : listened by port : 294920, 
----------------- GPUFru-801                    -----------
ref count      : 1
.PcbVersion     : send event count: 1
.ElabelProductRef : send event count: 1
.PowerOnState   : send event count: 1
.State          : send event count: 1
.HotSwapState   : send event count: 1
.FruId          : send event count: 2
.Target         : send event count: 1
.Position       : send event count: 1
.BoardId        : send event count: 1
.Name           : send event count: 1
.Elabel         : send event count: 1
.PcbId          : send event count: 1
.CpldStatus     : send event count: 1
.IsManaged      : send event count: 1
.EepStatus      : send event count: 1
.SiteType       : send event count: 1
.Type           : send event count: 1
.InitTimeoutInSec : send event count: 1
.FruDev         : send event count: 1
.RimmObj        : send event count: 1
.CpldTestReg    : send event count: 1
.Cpld2Status    : send event count: 1
.SiteAddr       : send event count: 1
.Cpld2TestReg   : send event count: 1
----------------- PcieSlot1Connect-8            -----------
ref count      : 1
----------------- FruNameConnector-901          -----------
ref count      : 1
----------------- localbus1                     -----------
ref count      : 1
----------------- ComPcieCard-801               -----------
ref count      : 1
.Location       : send event count: 1
.ConfigType     : send event count: 1
.LocationObj    : send event count: 1
.Health         : send event count: 1 : listened by port : 294920, 
.Manufacturer   : send event count: 1
.BoardId        : send event count: 1
.VirtualFlag    : send event count: 1
.DeviceName     : send event count: 2
.GroupID        : send event count: 1
.DeviceNum      : send event count: 1
.PowerState     : send event count: 2
.DeviceType     : send event count: 1
.ContainerId    : send event count: 1
.Function       : send event count: 1
.Presence       : send event count: 1
----------------- DiskArrayConnector-1          -----------
ref count      : 1
----------------- dft_item_led_test-902         -----------
ref count      : 1
----------------- RiserCardAnchor-8             -----------
ref count      : 1
----------------- dft_item_cpu2mem23_volt       -----------
ref count      : 1
----------------- ComSASPHY                     -----------
ref count      : 1
.Health         : listened by port : 294920, 
----------------- InnerHddCard1-2               -----------
ref count      : 1
----------------- ComMemory160                  -----------
ref count      : 1
.Health         : listened by port : 294920, 
----------------- PcieSlot1Connect-9            -----------
ref count      : 1
----------------- Hdd1-2                        -----------
ref count      : 1
.RebuildState   : listened by port : 294920, 
.Presence       : listened by port : 294920, 
.Id             : listened by port : 229382, 491534, 
.ReplaceFlag    : listened by port : 294920, 
----------------- SdrDev:C                      -----------
ref count      : 1
----------------- Memory131                     -----------
ref count      : 1
.FDMFault       : listened by port : 294920, 
.ReplaceFlag    : listened by port : 294920, 
----------------- ComPcieCard-802               -----------
ref count      : 1
.Location       : send event count: 1
.ConfigType     : send event count: 1
.LocationObj    : send event count: 1
.Health         : send event count: 1 : listened by port : 294920, 
.Manufacturer   : send event count: 1
.BoardId        : send event count: 1
.VirtualFlag    : send event count: 1
.DeviceName     : send event count: 2
.GroupID        : send event count: 1
.DeviceNum      : send event count: 1
.PowerState     : send event count: 2
.DeviceType     : send event count: 1
.ContainerId    : send event count: 1
.Function       : send event count: 1
.Presence       : send event count: 1
----------------- RiserCardAnchor-9             -----------
ref count      : 1
----------------- ComBMA                        -----------
ref count      : 1
.Health         : listened by port : 294920, 
----------------- ComPort1-3                    -----------
ref count      : 1
.Health         : listened by port : 294920, 
----------------- ComMemory161                  -----------
ref count      : 1
.Health         : listened by port : 294920, 
----------------- Riser2VirtualConnector        -----------
ref count      : 1
----------------- Memory010                     -----------
ref count      : 1
.FDMFault       : listened by port : 294920, 
.ReplaceFlag    : listened by port : 294920, 
----------------- Ps-5                          -----------
ref count      : 1
.FruId          : send event count: 1
----------------- dft_item_led_test-802         -----------
ref count      : 1
----------------- HddBackCardPcbidAccessor      -----------
ref count      : 1
----------------- Memory011                     -----------
ref count      : 1
.FDMFault       : listened by port : 294920, 
.ReplaceFlag    : listened by port : 294920, 
----------------- ComMemory040                  -----------
ref count      : 1
.Health         : listened by port : 294920, 
----------------- ComPort1-4                    -----------
ref count      : 1
.Health         : listened by port : 294920, 
----------------- M2TrnsCardSlot1Connect-e      -----------
ref count      : 1
----------------- BaseboardConnector            -----------
ref count      : 1
----------------- AirCoolingConfigConnector     -----------
ref count      : 1
----------------- Elabel:C                      -----------
ref count      : 1
----------------- Ps-6                          -----------
ref count      : 1
.FruId          : send event count: 1
----------------- ComBMC                        -----------
ref count      : 1
.Health         : listened by port : 294920, 
----------------- SecurityModuleConnect         -----------
ref count      : 1
----------------- VirHddBackCardConnect         -----------
ref count      : 1
----------------- Hdd3-2                        -----------
ref count      : 1
.RebuildState   : listened by port : 294920, 
.Presence       : listened by port : 294920, 
.Id             : listened by port : 229382, 491534, 
.ReplaceFlag    : listened by port : 294920, 
----------------- M2TrnsCardSlot1Connect-8      -----------
ref count      : 1
----------------- ComMemory041                  -----------
ref count      : 1
.Health         : listened by port : 294920, 
----------------- BaseboardId                   -----------
ref count      : 1
----------------- FlashTest                     -----------
ref count      : 1
----------------- ComPort3-3                    -----------
ref count      : 1
.Health         : listened by port : 294920, 
----------------- VRDConnector                  -----------
ref count      : 1
----------------- M2TrnsCardSlot1Connect-9      -----------
ref count      : 1
----------------- dft_item_pca9555_raid-1       -----------
ref count      : 1
----------------- PMEServiceConfig              -----------
ref count      : 1
.BoardInfoCollectEnable : listened by port : 753686, 
----------------- dft_item_pca9545-e            -----------
ref count      : 1
----------------- GPUFru-802                    -----------
ref count      : 1
.PcbVersion     : send event count: 1
.ElabelProductRef : send event count: 1
.PowerOnState   : send event count: 1
.State          : send event count: 1
.HotSwapState   : send event count: 1
.FruId          : send event count: 2
.Target         : send event count: 1
.Position       : send event count: 1
.BoardId        : send event count: 1
.Name           : send event count: 1
.Elabel         : send event count: 1
.PcbId          : send event count: 1
.CpldStatus     : send event count: 1
.IsManaged      : send event count: 1
.EepStatus      : send event count: 1
.SiteType       : send event count: 1
.Type           : send event count: 1
.InitTimeoutInSec : send event count: 1
.FruDev         : send event count: 1
.RimmObj        : send event count: 1
.CpldTestReg    : send event count: 1
.Cpld2Status    : send event count: 1
.SiteAddr       : send event count: 1
.Cpld2TestReg   : send event count: 1
----------------- RaidDev-1                     -----------
ref count      : 1
.Health         : listened by port : 294920, 
----------------- ComPort3-4                    -----------
ref count      : 1
.Health         : listened by port : 294920, 
----------------- RearBackplaneConnect          -----------
ref count      : 1
----------------- JTAGTest                      -----------
ref count      : 1
----------------- Memory160                     -----------
ref count      : 1
.FDMFault       : listened by port : 294920, 
.ReplaceFlag    : listened by port : 294920, 
----------------- pca9555_nic_chip-3            -----------
ref count      : 1
----------------- NMISwitchTest                 -----------
ref count      : 1
----------------- EepromAccessor-1              -----------
ref count      : 1
----------------- Component:C                   -----------
ref count      : 1
----------------- dft_mcu_log_clear_test-801    -----------
ref count      : 1
----------------- dft_item_selfheal_test-801    -----------
ref count      : 1
----------------- ps_id_exp-5                   -----------
ref count      : 1
.Value          : listened by port : 294920, 
----------------- dft_item_pca9545-8            -----------
ref count      : 1
----------------- dft_item_cpu2mem01_volt       -----------
ref count      : 1
----------------- Memory161                     -----------
ref count      : 1
.FDMFault       : listened by port : 294920, 
.ReplaceFlag    : listened by port : 294920, 
----------------- pca9555_nic_chip-4            -----------
ref count      : 1
----------------- ComButton                     -----------
ref count      : 1
.Health         : listened by port : 294920, 
----------------- ComHddInner0-2                -----------
ref count      : 1
.Health         : listened by port : 294920, 
----------------- RaidCpldChip-1                -----------
ref count      : 1
----------------- ComMemory120                  -----------
ref count      : 1
.Health         : listened by port : 294920, 
----------------- Hdd5-2                        -----------
ref count      : 1
.RebuildState   : listened by port : 294920, 
.Presence       : listened by port : 294920, 
.Id             : listened by port : 229382, 491534, 
.ReplaceFlag    : listened by port : 294920, 
----------------- ADCConnector                  -----------
ref count      : 1
----------------- ComHdd1-2                     -----------
ref count      : 1
.Health         : send event count: 12 : listened by port : 294920, 
----------------- Memory040                     -----------
ref count      : 1
.FDMFault       : listened by port : 294920, 
.ReplaceFlag    : listened by port : 294920, 
----------------- EepromChip-1                  -----------
ref count      : 1
----------------- ps_id_exp-6                   -----------
ref count      : 1
.Value          : send event count: 1 : listened by port : 294920, 
----------------- dft_item_selfheal_test-802    -----------
ref count      : 1
----------------- dft_item_button_test-901      -----------
ref count      : 1
----------------- FpTest                        -----------
ref count      : 1
----------------- dft_mcu_log_clear_test-802    -----------
ref count      : 1
----------------- ComMemory121                  -----------
ref count      : 1
.Health         : listened by port : 294920, 
----------------- FANConnector                  -----------
ref count      : 1
----------------- ComHdd10-2                    -----------
ref count      : 1
.Health         : send event count: 2 : listened by port : 294920, 
----------------- ProductConnector              -----------
ref count      : 1
----------------- Fru0Elabel-3                  -----------
ref count      : 1
.BoardProductName : send event count: 1
.MfgDateTime    : send event count: 1 : listened by port : 753686, 
.ProductManufacturer : send event count: 1
.ProductFileId  : send event count: 1
.ProductAssetTag : listened by port : 294920, 
.BoardFileId    : send event count: 1
.BoardSerialNumber : send event count: 1 : listened by port : 294920, 65537, 
.BoardManufacturer : send event count: 1
.ChassisSerialNumber : listened by port : 294920, 
----------------- ComMemory070                  -----------
ref count      : 1
.Health         : listened by port : 294920, 
----------------- Eth2Test                      -----------
ref count      : 1
----------------- BMC                           -----------
ref count      : 1
.HostName       : listened by port : 294920, 917531, 163844, 589841, 
.CustomManufacturer : listened by port : 655379, 
----------------- pcbid_exp                     -----------
ref count      : 1
.Value          : listened by port : 294920, 
----------------- ComMemory000                  -----------
ref count      : 1
.Health         : listened by port : 294920, 
----------------- FruDev0-3                     -----------
ref count      : 1
.Health         : listened by port : 294920, 
----------------- BbuModuleConnect              -----------
ref count      : 1
----------------- GPUElabel-801                 -----------
ref count      : 1
.BoardPartNumber : send event count: 1
.BoardProductName : send event count: 2
.IsContainSystemArea : send event count: 1
.ChassisType    : send event count: 1
.ProductVersion : send event count: 1
.PsRate         : send event count: 1
.MfgDateTime    : send event count: 2 : listened by port : 753686, 
.ProductManufacturer : send event count: 2
.ProductExtendLabel : send event count: 1
.SysName        : send event count: 1
.SysSerialNum   : send event count: 1
.PsInputMode    : send event count: 1
.ProductFileId  : send event count: 2
.ProductAssetTag : send event count: 1 : listened by port : 294920, 
.ParserProcotol : send event count: 1
.IsSupportConfigArea : send event count: 1
.SystemAreaAccessor : send event count: 1
.BoardFileId    : send event count: 2
.ExtendLabel    : send event count: 1
.BoardSerialNumber : send event count: 2 : listened by port : 294920, 65537, 
.ProductName    : send event count: 1
.ChassisPartNumber : send event count: 1
.BoardManufacturer : send event count: 2
.IsSupportDft   : send event count: 1
.ChassisSerialNumber : send event count: 1 : listened by port : 294920, 
.ChassisExtendLabel : send event count: 1
.ProductSerialNumber : send event count: 1
.ProductPartNumber : send event count: 1
----------------- FCCardConnector               -----------
ref count      : 1
----------------- Memory041                     -----------
ref count      : 1
.FDMFault       : listened by port : 294920, 
.ReplaceFlag    : listened by port : 294920, 
----------------- Fru0Elabel-4                  -----------
ref count      : 1
.BoardProductName : send event count: 1
.MfgDateTime    : send event count: 1 : listened by port : 753686, 
.ProductManufacturer : send event count: 1
.ProductFileId  : send event count: 1
.ProductAssetTag : listened by port : 294920, 
.BoardFileId    : send event count: 1
.BoardSerialNumber : send event count: 1 : listened by port : 294920, 65537, 
.BoardManufacturer : send event count: 1
.ChassisSerialNumber : listened by port : 294920, 
----------------- ComMemory071                  -----------
ref count      : 1
.Health         : listened by port : 294920, 
----------------- GPUElabel-802                 -----------
ref count      : 1
.BoardPartNumber : send event count: 1
.BoardProductName : send event count: 2
.IsContainSystemArea : send event count: 1
.ChassisType    : send event count: 1
.ProductVersion : send event count: 1
.PsRate         : send event count: 1
.MfgDateTime    : send event count: 2 : listened by port : 753686, 
.ProductManufacturer : send event count: 2
.ProductExtendLabel : send event count: 1
.SysName        : send event count: 1
.SysSerialNum   : send event count: 1
.PsInputMode    : send event count: 1
.ProductFileId  : send event count: 2
.ProductAssetTag : send event count: 1 : listened by port : 294920, 
.ParserProcotol : send event count: 1
.IsSupportConfigArea : send event count: 1
.SystemAreaAccessor : send event count: 1
.BoardFileId    : send event count: 2
.ExtendLabel    : send event count: 1
.BoardSerialNumber : send event count: 2 : listened by port : 294920, 65537, 
.ProductName    : send event count: 1
.ChassisPartNumber : send event count: 1
.BoardManufacturer : send event count: 2
.IsSupportDft   : send event count: 1
.ChassisSerialNumber : send event count: 1 : listened by port : 294920, 
.ChassisExtendLabel : send event count: 1
.ProductSerialNumber : send event count: 1
.ProductPartNumber : send event count: 1
----------------- VirRearBpConnect              -----------
ref count      : 1
----------------- Hdd7-2                        -----------
ref count      : 1
.RebuildState   : listened by port : 294920, 
.Presence       : listened by port : 294920, 
.Id             : listened by port : 229382, 491534, 
.ReplaceFlag    : listened by port : 294920, 
----------------- ComMemory001                  -----------
ref count      : 1
.Health         : listened by port : 294920, 
----------------- FruDev0-4                     -----------
ref count      : 1
.Health         : listened by port : 294920, 
----------------- ComHddInner2-2                -----------
ref count      : 1
.Health         : listened by port : 294920, 
----------------- GPUDev-802                    -----------
ref count      : 1
.Size           : send event count: 1
.StorageType    : send event count: 1
.CfgMask        : send event count: 1
.IsWP           : send event count: 1
.StorageLoc     : send event count: 1
.WPCfg          : send event count: 1
.EepromWp       : send event count: 1
.Health         : send event count: 1 : listened by port : 294920, 
----------------- CPLDTest                      -----------
ref count      : 1
----------------- LedTubeIntelligenceDftTest    -----------
ref count      : 1
----------------- ComHdd3-2                     -----------
ref count      : 1
.Health         : listened by port : 294920, 
----------------- i2c_1                         -----------
ref count      : 1
----------------- dft_item_pca9545-9            -----------
ref count      : 1
----------------- FruNameConnector-801          -----------
ref count      : 1
----------------- IpmbTest                      -----------
ref count      : 1
----------------- FruNameConnector-802          -----------
ref count      : 1
----------------- dft_item_inter_test-801       -----------
ref count      : 1
----------------- dft_item_button_test-902      -----------
ref count      : 1
----------------- GPUDev-801                    -----------
ref count      : 1
.Size           : send event count: 1
.StorageType    : send event count: 1
.CfgMask        : send event count: 1
.IsWP           : send event count: 1
.StorageLoc     : send event count: 1
.WPCfg          : send event count: 1
.EepromWp       : send event count: 1
.Health         : send event count: 1 : listened by port : 294920, 
----------------- eeprom0accessor               -----------
ref count      : 1
----------------- dft_item_rtc_volt             -----------
ref count      : 1
----------------- ComM2Disk1                    -----------
ref count      : 1
.Health         : listened by port : 294920, 
----------------- dft_item_led_test-901         -----------
ref count      : 1
----------------- ComMemory                     -----------
ref count      : 1
.Health         : listened by port : 294920, 
----------------- InnerBackplaneConnect         -----------
ref count      : 1
----------------- Memory120                     -----------
ref count      : 1
.FDMFault       : listened by port : 294920, 
.ReplaceFlag    : listened by port : 294920, 
----------------- ComM2Disk2                    -----------
ref count      : 1
.Health         : listened by port : 294920, 
----------------- dft_item_inter_test-802       -----------
ref count      : 1
----------------- PowerGdAccessor               -----------
ref count      : 1
----------------- Hdd9-2                        -----------
ref count      : 1
.RebuildState   : listened by port : 294920, 
.Presence       : listened by port : 294920, 
.Id             : listened by port : 229382, 491534, 
.ReplaceFlag    : listened by port : 294920, 
----------------- RaidControllerConnector       -----------
ref count      : 1
----------------- Hi1710IBus                    -----------
ref count      : 1
----------------- Memory121                     -----------
ref count      : 1
.FDMFault       : listened by port : 294920, 
.ReplaceFlag    : listened by port : 294920, 
----------------- i2c_4                         -----------
ref count      : 1
----------------- ComHdd5-2                     -----------
ref count      : 1
.Health         : listened by port : 294920, 
----------------- RiserCardFru-e                -----------
ref count      : 1
.PcbId          : send event count: 1
.FruId          : send event count: 1
----------------- ComMemory150                  -----------
ref count      : 1
.Health         : listened by port : 294920, 
----------------- cpld1                         -----------
ref count      : 1
----------------- Memory070                     -----------
ref count      : 1
.FDMFault       : listened by port : 294920, 
.ReplaceFlag    : listened by port : 294920, 
----------------- MotherBoard                   -----------
ref count      : 1
.Cpld2TestReg   : send event count: 9994863
.CpldTestReg    : send event count: 9994863
----------------- LogicalDriveDynamicConnector  -----------
ref count      : 1
----------------- Memory000                     -----------
ref count      : 1
.FDMFault       : listened by port : 294920, 
.ReplaceFlag    : listened by port : 294920, 
----------------- Hdd10-2                       -----------
ref count      : 1
.RebuildState   : listened by port : 294920, 
.Presence       : listened by port : 294920, 
.Id             : listened by port : 229382, 491534, 
.ReplaceFlag    : listened by port : 294920, 
----------------- ComMemory151                  -----------
ref count      : 1
.Health         : listened by port : 294920, 
----------------- i2c_5                         -----------
ref count      : 1
----------------- KeyboardTest                  -----------
ref count      : 1
----------------- PcieCard-901                  -----------
ref count      : 1
.FatalError     : listened by port : 294920, 
.FDMFault       : listened by port : 294920, 
.Health         : listened by port : 294920, 
.ReplaceFlag    : listened by port : 294920, 
----------------- RiserCardFru-8                -----------
ref count      : 1
.PcbId          : send event count: 1
.FruId          : send event count: 1
----------------- Memory071                     -----------
ref count      : 1
.FDMFault       : listened by port : 294920, 
.ReplaceFlag    : listened by port : 294920, 
----------------- FruDev0                       -----------
ref count      : 1
.Health         : listened by port : 294920, 
----------------- PcieCardAnchor-801            -----------
ref count      : 1
----------------- pca9545_chip-e                -----------
ref count      : 1
----------------- ComMemory030                  -----------
ref count      : 1
.Health         : listened by port : 294920, 
----------------- dft_item_lm75_temp-8          -----------
ref count      : 1
----------------- i2c_6                         -----------
ref count      : 1
----------------- PcieCard-902                  -----------
ref count      : 1
.FatalError     : listened by port : 294920, 
.FDMFault       : listened by port : 294920, 
.Health         : listened by port : 294920, 
.ReplaceFlag    : listened by port : 294920, 
----------------- PCIeFPGACard-901              -----------
ref count      : 1
----------------- Memory001                     -----------
ref count      : 1
.FDMFault       : listened by port : 294920, 
.ReplaceFlag    : listened by port : 294920, 
----------------- RiserCardFru-9                -----------
ref count      : 1
.PcbId          : send event count: 1
.FruId          : send event count: 1
----------------- dft_item_lm75_temp-e          -----------
ref count      : 1
----------------- PysicalLedIntelligenceTest    -----------
ref count      : 1
----------------- ComMemory031                  -----------
ref count      : 1
.Health         : listened by port : 294920, 
----------------- TPMCardPresenceTest           -----------
ref count      : 1
----------------- pca9545_chip-8                -----------
ref count      : 1
----------------- PcbAccessor-3                 -----------
ref count      : 1
----------------- ComSystem                     -----------
ref count      : 1
.Health         : send event count: 6 : listened by port : 294920, 
----------------- ComHdd7-2                     -----------
ref count      : 1
.Health         : listened by port : 294920, 
----------------- Hi1710                        -----------
ref count      : 1
----------------- PCIeFPGACard-902              -----------
ref count      : 1
----------------- SdrDev                        -----------
ref count      : 1
.SensorErrorMix : listened by port : 294920, 
.SdrType12RecId : recv event count: 2 : listened by port : 229382, 
----------------- PcieSlot3Connect-8            -----------
ref count      : 1
----------------- dft_item_lm75_inlet_temp      -----------
ref count      : 1
----------------- dft_item_cpu1mem23_volt       -----------
ref count      : 1
----------------- PcbidAccessor-1               -----------
ref count      : 1
----------------- pca9545_chip-9                -----------
ref count      : 1
----------------- PcbAccessor-4                 -----------
ref count      : 1
----------------- VLANConnector                 -----------
ref count      : 1
----------------- Connector:C                   -----------
ref count      : 1
----------------- FruStatics:C                  -----------
ref count      : 1
----------------- pca9545_chan1-e               -----------
ref count      : 1
----------------- OSEthConnector                -----------
ref count      : 1
----------------- PcieSlot3Connect-9            -----------
ref count      : 1
----------------- ComFan                        -----------
ref count      : 1
.Health         : listened by port : 294920, 
----------------- HddInner1-2                   -----------
ref count      : 1
.RebuildState   : listened by port : 294920, 
.Presence       : listened by port : 294920, 
.Id             : listened by port : 229382, 491534, 
.ReplaceFlag    : listened by port : 294920, 
----------------- FruDev:C                      -----------
ref count      : 1
----------------- VceTest                       -----------
ref count      : 1
----------------- pca9545_chan1-8               -----------
ref count      : 1
----------------- i2c4_pca9545_chip             -----------
ref count      : 1
----------------- FruStatics                    -----------
ref count      : 1
.VerChange      : send event count: 6
----------------- RaidElabel-1                  -----------
ref count      : 1
.MfgDateTime    : send event count: 1 : listened by port : 753686, 
.ProductFileId  : send event count: 1
.ProductAssetTag : listened by port : 294920, 
.BoardFileId    : send event count: 1
.BoardSerialNumber : send event count: 1 : listened by port : 294920, 65537, 
.ChassisSerialNumber : listened by port : 294920, 
----------------- LomCard-3                     -----------
ref count      : 1
.FDMFault       : listened by port : 294920, 
.Eid            : listened by port : 917531, 
.Health         : listened by port : 294920, 
.HotplugCtrlStatus : listened by port : 458765, 
.PrePlug        : listened by port : 917531, 
.ReplaceFlag    : listened by port : 294920, 
----------------- Memory150                     -----------
ref count      : 1
.FDMFault       : listened by port : 294920, 
.ReplaceFlag    : listened by port : 294920, 
----------------- ComHDDBackplane-2             -----------
ref count      : 1
.Health         : listened by port : 294920, 
.DeviceName     : send event count: 1
----------------- FCPortConnector               -----------
ref count      : 1
----------------- dft_item_mcu_selftest-901     -----------
ref count      : 1
----------------- OnePower:C                    -----------
ref count      : 1
----------------- pca9545_chan1-9               -----------
ref count      : 1
----------------- LomCard-4                     -----------
ref count      : 1
.FDMFault       : listened by port : 294920, 
.Eid            : listened by port : 917531, 
.Health         : listened by port : 294920, 
.HotplugCtrlStatus : listened by port : 458765, 
.PrePlug        : listened by port : 917531, 
.ReplaceFlag    : listened by port : 294920, 
----------------- Memory151                     -----------
ref count      : 1
.FDMFault       : listened by port : 294920, 
.ReplaceFlag    : listened by port : 294920, 
----------------- ComHdd9-2                     -----------
ref count      : 1
.Health         : send event count: 2 : listened by port : 294920, 
----------------- LomCard2Connect               -----------
ref count      : 1
----------------- dft_item_mcu_selftest-902     -----------
ref count      : 1
----------------- ComPS1                        -----------
ref count      : 1
.Health         : listened by port : 294920, 
.DeviceName     : send event count: 1
----------------- ComMemory110                  -----------
ref count      : 1
.Health         : listened by port : 294920, 
----------------- HddBackplaneFru-2             -----------
ref count      : 1
.PcbVersion     : send event count: 1
.PcbId          : send event count: 1
.FruId          : send event count: 1
----------------- HddBackCardConnect            -----------
ref count      : 1
----------------- VirtualConnector1-2           -----------
ref count      : 1
----------------- PSUSensorConnect-5            -----------
ref count      : 1
----------------- Memory030                     -----------
ref count      : 1
.FDMFault       : listened by port : 294920, 
.ReplaceFlag    : listened by port : 294920, 
----------------- Cpu1                          -----------
ref count      : 1
.Error2         : listened by port : 491534, 
.Version        : listened by port : 688148, 
.IErr           : listened by port : 131075, 491534, 
.FDMFault       : listened by port : 294920, 
.McErr          : listened by port : 131075, 491534, 
.MirrorFailChMask : listened by port : 491534, 
----------------- HddInner3-2                   -----------
ref count      : 1
.RebuildState   : listened by port : 294920, 
.Presence       : listened by port : 294920, 
.Id             : listened by port : 229382, 491534, 
.ReplaceFlag    : listened by port : 294920, 
----------------- Hdd:C                         -----------
ref count      : 1
----------------- ComPS2                        -----------
ref count      : 1
.Health         : listened by port : 294920, 
.DeviceName     : send event count: 1
----------------- ComMemory111                  -----------
ref count      : 1
.Health         : listened by port : 294920, 
----------------- dft_VDDN_Test                 -----------
ref count      : 1
----------------- M2TrnsCardSlot3Connect-8      -----------
ref count      : 1
----------------- PSUSensorConnect-6            -----------
ref count      : 1
----------------- ComCPU2Memory                 -----------
ref count      : 1
.Health         : listened by port : 294920, 
.DeviceName     : send event count: 1
----------------- ComMemory060                  -----------
ref count      : 1
.Health         : listened by port : 294920, 
----------------- Cpu2                          -----------
ref count      : 1
.Error2         : listened by port : 491534, 
.Version        : listened by port : 688148, 
.IErr           : listened by port : 131075, 491534, 
.FDMFault       : listened by port : 294920, 
.McErr          : listened by port : 131075, 491534, 
.MirrorFailChMask : listened by port : 491534, 
----------------- cpld_test_accessor2           -----------
ref count      : 1
----------------- Hdd0-2                        -----------
ref count      : 1
.RebuildState   : listened by port : 294920, 
.Presence       : listened by port : 294920, 
.Id             : listened by port : 229382, 491534, 
.ReplaceFlag    : listened by port : 294920, 
----------------- PsDev-5                       -----------
ref count      : 1
.Health         : listened by port : 294920, 
----------------- M2TrnsCardSlot3Connect-9      -----------
ref count      : 1
----------------- dft_item_lm75_temp-9          -----------
ref count      : 1
----------------- dft_item_lm75_MB_temp         -----------
ref count      : 1
----------------- Memory031                     -----------
ref count      : 1
.FDMFault       : listened by port : 294920, 
.ReplaceFlag    : listened by port : 294920, 
----------------- ComMemory061                  -----------
ref count      : 1
.Health         : listened by port : 294920, 
----------------- Raid-1                        -----------
ref count      : 1
.Health         : listened by port : 294920, 
.ReplaceFlag    : listened by port : 294920, 
----------------- PcieCardAnchor-802            -----------
ref count      : 1
----------------- NandFlashTest                 -----------
ref count      : 1
----------------- PsDev-6                       -----------
ref count      : 1
.Health         : listened by port : 294920, 
----------------- PcieCard:C                    -----------
ref count      : 1
----------------- RaidCardConnect               -----------
ref count      : 1
----------------- Fru0Elabel                    -----------
ref count      : 1
.BoardPartNumber : send event count: 1
.BoardProductName : send event count: 1
.ChassisType    : send event count: 1
.MfgDateTime    : send event count: 1 : listened by port : 753686, 
.ProductManufacturer : send event count: 1
.SysName        : send event count: 1
.SysSerialNum   : send event count: 1
.ProductFileId  : send event count: 1
.ProductAssetTag : listened by port : 294920, 
.BoardFileId    : send event count: 1
.ExtendLabel    : send event count: 1
.BoardSerialNumber : send event count: 1 : listened by port : 294920, 65537, 
.ProductName    : send event count: 1
.BoardManufacturer : send event count: 1
.ChassisSerialNumber : listened by port : 294920, 
.ProductSerialNumber : send event count: 1
.ProductPartNumber : send event count: 1
----------------- LogicalDriveConnector-1       -----------
ref count      : 1
----------------- dft_item_cpu1mem01_volt       -----------
ref count      : 1
----------------- MeTest                        -----------
ref count      : 1
----------------- SramTest                      -----------
ref count      : 1
----------------- Hi1711Test                    -----------
ref count      : 1
----------------- GPUFru-901                    -----------
ref count      : 1
.PcbVersion     : send event count: 1
.ElabelProductRef : send event count: 1
.PowerOnState   : send event count: 1
.State          : send event count: 1
.HotSwapState   : send event count: 1
.FruId          : send event count: 2
.Target         : send event count: 1
.Position       : send event count: 1
.BoardId        : send event count: 1
.Name           : send event count: 1
.Elabel         : send event count: 1
.PcbId          : send event count: 1
.CpldStatus     : send event count: 1
.IsManaged      : send event count: 1
.EepStatus      : send event count: 1
.SiteType       : send event count: 1
.Type           : send event count: 1
.InitTimeoutInSec : send event count: 1
.FruDev         : send event count: 1
.RimmObj        : send event count: 1
.CpldTestReg    : send event count: 1
.Cpld2Status    : send event count: 1
.SiteAddr       : send event count: 1
.Cpld2TestReg   : send event count: 1
----------------- Fru:C                         -----------
ref count      : 1
----------------- ComPcieCard-901               -----------
ref count      : 1
.Location       : send event count: 1
.ConfigType     : send event count: 1
.LocationObj    : send event count: 1
.Health         : send event count: 1 : listened by port : 294920, 
.Manufacturer   : send event count: 1
.BoardId        : send event count: 1
.VirtualFlag    : send event count: 1
.DeviceName     : send event count: 2
.GroupID        : send event count: 1
.DeviceNum      : send event count: 1
.PowerState     : send event count: 2
.DeviceType     : send event count: 1
.ContainerId    : send event count: 1
.Function       : send event count: 1
.Presence       : send event count: 1
----------------- UidButtonTest                 -----------
ref count      : 1
----------------- ComChassis                    -----------
ref count      : 1
.Health         : listened by port : 294920, 
----------------- InnerHddCard2-2               -----------
ref count      : 1
----------------- eeprom0accessor-3             -----------
ref count      : 1
----------------- GPUFru-902                    -----------
ref count      : 1
.PcbVersion     : send event count: 1
.ElabelProductRef : send event count: 1
.PowerOnState   : send event count: 1
.State          : send event count: 1
.HotSwapState   : send event count: 1
.FruId          : send event count: 2
.Target         : send event count: 1
.Position       : send event count: 1
.BoardId        : send event count: 1
.Name           : send event count: 1
.Elabel         : send event count: 1
.PcbId          : send event count: 1
.CpldStatus     : send event count: 1
.IsManaged      : send event count: 1
.EepStatus      : send event count: 1
.SiteType       : send event count: 1
.Type           : send event count: 1
.InitTimeoutInSec : send event count: 1
.FruDev         : send event count: 1
.RimmObj        : send event count: 1
.CpldTestReg    : send event count: 1
.Cpld2Status    : send event count: 1
.SiteAddr       : send event count: 1
.Cpld2TestReg   : send event count: 1
----------------- Hdd2-2                        -----------
ref count      : 1
.RebuildState   : listened by port : 294920, 
.Presence       : listened by port : 294920, 
.Id             : listened by port : 229382, 491534, 
.ReplaceFlag    : listened by port : 294920, 
----------------- LomCard1Connect               -----------
ref count      : 1
----------------- I2C4Test                      -----------
ref count      : 1
----------------- ComPcieCard-902               -----------
ref count      : 1
.Location       : send event count: 1
.ConfigType     : send event count: 1
.LocationObj    : send event count: 1
.Health         : send event count: 1 : listened by port : 294920, 
.Manufacturer   : send event count: 1
.BoardId        : send event count: 1
.VirtualFlag    : send event count: 1
.DeviceName     : send event count: 2
.GroupID        : send event count: 1
.DeviceNum      : send event count: 1
.PowerState     : send event count: 2
.DeviceType     : send event count: 1
.ContainerId    : send event count: 1
.Function       : send event count: 1
.Presence       : send event count: 1
----------------- Memory110                     -----------
ref count      : 1
.FDMFault       : listened by port : 294920, 
.ReplaceFlag    : listened by port : 294920, 
----------------- ComPS                         -----------
ref count      : 1
.Health         : listened by port : 294920, 
.DeviceName     : send event count: 1
----------------- ComPort2-3                    -----------
ref count      : 1
.Health         : listened by port : 294920, 
----------------- BMC:C                         -----------
ref count      : 1
----------------- eeprom0accessor-4             -----------
ref count      : 1
----------------- dft_item_vcc_12v0             -----------
ref count      : 1
----------------- FdmConfig                     -----------
ref count      : 1
----------------- Memory111                     -----------
ref count      : 1
.FDMFault       : listened by port : 294920, 
.ReplaceFlag    : listened by port : 294920, 
----------------- ComMemory140                  -----------
ref count      : 1
.Health         : listened by port : 294920, 
----------------- ComPort2-4                    -----------
ref count      : 1
.Health         : listened by port : 294920, 
----------------- dft_item_button_test-801      -----------
ref count      : 1
----------------- LomCardFru-3                  -----------
ref count      : 1
.FruId          : send event count: 1
----------------- Memory060                     -----------
ref count      : 1
.FDMFault       : listened by port : 294920, 
.ReplaceFlag    : listened by port : 294920, 
----------------- UpgradeCpldConnector          -----------
ref count      : 1
----------------- ComMemory141                  -----------
ref count      : 1
.Health         : listened by port : 294920, 
----------------- dft_item_button_test-802      -----------
ref count      : 1
----------------- ComMotherBoard                -----------
ref count      : 1
.Health         : listened by port : 294920, 
----------------- SensorConnect                 -----------
ref count      : 1
----------------- LomCardFru-4                  -----------
ref count      : 1
.FruId          : send event count: 1
----------------- ComFan1                       -----------
ref count      : 1
.Health         : listened by port : 294920, 
----------------- dft_item_vcc_12v2             -----------
ref count      : 1
----------------- Memory061                     -----------
ref count      : 1
.FDMFault       : listened by port : 294920, 
.ReplaceFlag    : listened by port : 294920, 
----------------- RearBpVirtualConnector        -----------
ref count      : 1
----------------- ExternConnector               -----------
ref count      : 1
----------------- ComMemory020                  -----------
ref count      : 1
.Health         : listened by port : 294920, 
----------------- ComHdd0-2                     -----------
ref count      : 1
.Health         : send event count: 6 : listened by port : 294920, 
----------------- ComPort4-3                    -----------
ref count      : 1
.Health         : listened by port : 294920, 
----------------- ComRaidCard-1                 -----------
ref count      : 1
.Health         : listened by port : 294920, 
.DeviceName     : send event count: 1
----------------- ComFan2                       -----------
ref count      : 1
.Health         : listened by port : 294920, 
----------------- onepower-5                    -----------
ref count      : 1
.Health         : listened by port : 294920, 
.VinStatus      : listened by port : 294920, 
.PsType         : listened by port : 786455, 
.ReplaceFlag    : listened by port : 294920, 
----------------- Hdd4-2                        -----------
ref count      : 1
.RebuildState   : listened by port : 294920, 
.Presence       : listened by port : 294920, 
.Id             : listened by port : 229382, 491534, 
.ReplaceFlag    : listened by port : 294920, 
----------------- ComMemory021                  -----------
ref count      : 1
.Health         : listened by port : 294920, 
----------------- M2SataSSDSlotConnect          -----------
ref count      : 1
----------------- dft_item_vcc_12v3             -----------
ref count      : 1
----------------- ComPort4-4                    -----------
ref count      : 1
.Health         : listened by port : 294920, 
----------------- ComFan3                       -----------
ref count      : 1
.Health         : listened by port : 294920, 
----------------- PcieSlot2Connect-e            -----------
ref count      : 1
----------------- onepower-6                    -----------
ref count      : 1
.Health         : listened by port : 294920, 
.VinStatus      : listened by port : 294920, 
.PsType         : listened by port : 786455, 
.ReplaceFlag    : listened by port : 294920, 
----------------- I2CTest-e                     -----------
ref count      : 1
----------------- dft_item_vcc_12v4             -----------
ref count      : 1
----------------- Riser1VirtualConnector        -----------
ref count      : 1
----------------- dft_mcu_log_clear_test-901    -----------
ref count      : 1
----------------- dft_item_selfheal_test-901    -----------
ref count      : 1
----------------- dft_item_led_test-801         -----------
ref count      : 1
----------------- Ddr3Test                      -----------
ref count      : 1
----------------- ComFan4                       -----------
ref count      : 1
.Health         : listened by port : 294920, 
----------------- Hdd6-2                        -----------
ref count      : 1
.RebuildState   : listened by port : 294920, 
.Presence       : listened by port : 294920, 
.Id             : listened by port : 229382, 491534, 
.ReplaceFlag    : listened by port : 294920, 
----------------- PcieSlot2Connect-8            -----------
ref count      : 1
----------------- ComPcieRiser1                 -----------
ref count      : 1
.Health         : listened by port : 294920, 
----------------- RiserPcbIdAccessor-e          -----------
ref count      : 1
----------------- LomCardAnchor-3               -----------
ref count      : 1
----------------- ComHddInner1-2                -----------
ref count      : 1
.Health         : listened by port : 294920, 
----------------- ComPowerSupply-5              -----------
ref count      : 1
.Health         : listened by port : 294920, 
.DeviceName     : send event count: 1
----------------- ComHdd2-2                     -----------
ref count      : 1
.Health         : listened by port : 294920, 
----------------- ComRiserCard-e                -----------
ref count      : 1
.Health         : listened by port : 294920, 
.DeviceName     : send event count: 1
----------------- Riser3VirtualConnector        -----------
ref count      : 1
----------------- Memory140                     -----------
ref count      : 1
.FDMFault       : listened by port : 294920, 
.ReplaceFlag    : listened by port : 294920, 
----------------- RaidCardAnchor-1              -----------
ref count      : 1
----------------- ComPcieRiser2                 -----------
ref count      : 1
.Health         : listened by port : 294920, 
----------------- PcieSlot2Connect-9            -----------
ref count      : 1
----------------- PowerSupplyAnchor-5           -----------
ref count      : 1
----------------- LomCardAnchor-4               -----------
ref count      : 1
----------------- reset_pca9545_Exp-8           -----------
ref count      : 1
.Value          : listened by port : 294920, 
----------------- ComPowerSupply-6              -----------
ref count      : 1
.Health         : listened by port : 294920, 
.DeviceName     : send event count: 1
----------------- ComHdd11-2                    -----------
ref count      : 1
.Health         : listened by port : 294920, 
----------------- ComCpu1                       -----------
ref count      : 1
.Health         : listened by port : 294920, 
----------------- RaidFru-1                     -----------
ref count      : 1
.PcbVersion     : send event count: 1
.PcbId          : send event count: 1
.FruId          : send event count: 1
----------------- ComRiserCard-8                -----------
ref count      : 1
.Health         : listened by port : 294920, 
.DeviceName     : send event count: 1
----------------- PSeventConnector              -----------
ref count      : 1
----------------- RiserPcbIdAccessor-8          -----------
ref count      : 1
----------------- ComPcieRiser3                 -----------
ref count      : 1
.Health         : listened by port : 294920, 
----------------- ComMemory100                  -----------
ref count      : 1
.Health         : listened by port : 294920, 
----------------- Memory141                     -----------
ref count      : 1
.FDMFault       : listened by port : 294920, 
.ReplaceFlag    : listened by port : 294920, 
----------------- PowerSupply2Connect           -----------
ref count      : 1
----------------- RiserPcbIdAccessor-9          -----------
ref count      : 1
----------------- ComCpu2                       -----------
ref count      : 1
.Health         : listened by port : 294920, 
----------------- reset_pca9545_Exp-e           -----------
ref count      : 1
.Value          : listened by port : 294920, 
----------------- V_RaidCardConnect             -----------
ref count      : 1
----------------- ComRiserCard-9                -----------
ref count      : 1
.Health         : listened by port : 294920, 
.DeviceName     : send event count: 1
----------------- ComMemory171                  -----------
ref count      : 1
.Health         : listened by port : 294920, 
----------------- ComCPU1Memory                 -----------
ref count      : 1
.Health         : listened by port : 294920, 
.DeviceName     : send event count: 1
----------------- M2TrnsCardSlot2Connect-e      -----------
ref count      : 1
----------------- ComMemory101                  -----------
ref count      : 1
.Health         : listened by port : 294920, 
----------------- ComHddInner3-2                -----------
ref count      : 1
.Health         : listened by port : 294920, 
----------------- ExcludeHddConnector           -----------
ref count      : 1
----------------- ComSASExpander0-2             -----------
ref count      : 1
.Health         : listened by port : 294920, 
----------------- Memory021                     -----------
ref count      : 1
.FDMFault       : listened by port : 294920, 
.ReplaceFlag    : listened by port : 294920, 
----------------- ComMemory050                  -----------
ref count      : 1
.Health         : listened by port : 294920, 
----------------- RiserCard1Connect             -----------
ref count      : 1
----------------- ComHdd4-2                     -----------
ref count      : 1
.Health         : listened by port : 294920, 
----------------- ComRaidCard                   -----------
ref count      : 1
.Health         : listened by port : 294920, 
.DeviceName     : send event count: 1
----------------- ComCable                      -----------
ref count      : 1
.Health         : listened by port : 294920, 
----------------- reset_pca9545-e               -----------
ref count      : 1
----------------- M2TrnsCardSlot2Connect-8      -----------
ref count      : 1
----------------- reset_pca9545_Exp-9           -----------
ref count      : 1
.Value          : listened by port : 294920, 
----------------- ComMemory170                  -----------
ref count      : 1
.Health         : listened by port : 294920, 
----------------- DiskArrayDynamicConnector     -----------
ref count      : 1
----------------- PMEServiceConfig:C            -----------
ref count      : 1
----------------- ComMemory051                  -----------
ref count      : 1
.Health         : listened by port : 294920, 
----------------- PsElabel-5                    -----------
ref count      : 1
.ProductVersion : send event count: 1
.MfgDateTime    : listened by port : 753686, 
.ProductManufacturer : send event count: 1
.ProductAssetTag : listened by port : 294920, 
.BoardSerialNumber : listened by port : 294920, 65537, 
.ProductName    : send event count: 1
.ChassisSerialNumber : listened by port : 294920, 
.ProductSerialNumber : send event count: 1
.ProductPartNumber : send event count: 1
----------------- hddbp_48_PcieAddr_Connector   -----------
ref count      : 1
----------------- pcbid_accessor                -----------
ref count      : 1
----------------- Hdd8-2                        -----------
ref count      : 1
.RebuildState   : listened by port : 294920, 
.Presence       : listened by port : 294920, 
.Id             : listened by port : 229382, 491534, 
.ReplaceFlag    : listened by port : 294920, 
----------------- M2TrnsCardSlot2Connect-9      -----------
ref count      : 1
----------------- PowerSupplyAnchor-6           -----------
ref count      : 1
----------------- risercard-8                   -----------
ref count      : 1
.Health         : listened by port : 294920, 
.ReplaceFlag    : listened by port : 294920, 
----------------- reset_pca9545-8               -----------
ref count      : 1
----------------- pca9545_chan1                 -----------
ref count      : 1
----------------- risercard-e                   -----------
ref count      : 1
.Health         : listened by port : 294920, 
.ReplaceFlag    : listened by port : 294920, 
----------------- PsElabel-6                    -----------
ref count      : 1
.ProductVersion : send event count: 1
.MfgDateTime    : listened by port : 753686, 
.ProductManufacturer : send event count: 1
.ProductAssetTag : listened by port : 294920, 
.BoardSerialNumber : listened by port : 294920, 65537, 
.ProductName    : send event count: 1
.ChassisSerialNumber : listened by port : 294920, 
.ProductSerialNumber : send event count: 1
.ProductPartNumber : send event count: 1
----------------- pcbid_cpld_accessor           -----------
ref count      : 1
----------------- Memory020                     -----------
ref count      : 1
.FDMFault       : listened by port : 294920, 
.ReplaceFlag    : listened by port : 294920, 
----------------- reset_i2c1_pca9545            -----------
ref count      : 1
----------------- PcieCard-801                  -----------
ref count      : 1
.FatalError     : listened by port : 294920, 
.FDMFault       : listened by port : 294920, 
.Health         : listened by port : 294920, 
.ReplaceFlag    : listened by port : 294920, 
----------------- M2Disk1                       -----------
ref count      : 1
.RebuildState   : listened by port : 294920, 
.Presence       : listened by port : 294920, 
.Id             : recv event count: 1 : listened by port : 229382, 491534, 
.ReplaceFlag    : listened by port : 294920, 
----------------- ComLcd                        -----------
ref count      : 1
.Health         : listened by port : 294920, 
----------------- risercard-9                   -----------
ref count      : 1
.Health         : listened by port : 294920, 
.ReplaceFlag    : listened by port : 294920, 
----------------- reset_pca9545-9               -----------
ref count      : 1
----------------- pca9545_chan2                 -----------
ref count      : 1
----------------- CdTest                        -----------
ref count      : 1
----------------- PCIeFPGACard-802              -----------
ref count      : 1
----------------- SysPower:C                    -----------
ref count      : 1
----------------- PowerSupply1Connect           -----------
ref count      : 1
----------------- ComHdd6-2                     -----------
ref count      : 1
.Health         : listened by port : 294920, 
----------------- RiserCard3Connect             -----------
ref count      : 1
----------------- M2Disk2                       -----------
ref count      : 1
.RebuildState   : listened by port : 294920, 
.Presence       : listened by port : 294920, 
.Id             : recv event count: 1 : listened by port : 229382, 491534, 
.ReplaceFlag    : listened by port : 294920, 
----------------- Memory170                     -----------
ref count      : 1
.FDMFault       : listened by port : 294920, 
.ReplaceFlag    : listened by port : 294920, 
----------------- PysicalLedTest                -----------
ref count      : 1
----------------- Hdd11-2                       -----------
ref count      : 1
.RebuildState   : listened by port : 294920, 
.Presence       : listened by port : 294920, 
.Id             : listened by port : 229382, 491534, 
.ReplaceFlag    : listened by port : 294920, 
----------------- I2CTest-8                     -----------
ref count      : 1
----------------- LicenseConnector              -----------
ref count      : 1
----------------- Memory100                     -----------
ref count      : 1
.FDMFault       : listened by port : 294920, 
.ReplaceFlag    : listened by port : 294920, 
----------------- syspower                      -----------
ref count      : 1
----------------- RiserCard9555-e               -----------
ref count      : 1
----------------- cpld_test_accessor            -----------
ref count      : 1
----------------- HddInner0-2                   -----------
ref count      : 1
.RebuildState   : listened by port : 294920, 
.Presence       : listened by port : 294920, 
.Id             : listened by port : 229382, 491534, 
.ReplaceFlag    : listened by port : 294920, 
----------------- eeprom0                       -----------
ref count      : 1
----------------- Memory171                     -----------
ref count      : 1
.FDMFault       : listened by port : 294920, 
.ReplaceFlag    : listened by port : 294920, 
----------------- PsTest                        -----------
ref count      : 1
----------------- pca9545_chan4                 -----------
ref count      : 1
----------------- dft_item_lm75_outlet_temp     -----------
ref count      : 1
----------------- Memory101                     -----------
ref count      : 1
.FDMFault       : listened by port : 294920, 
.ReplaceFlag    : listened by port : 294920, 
----------------- ComMemory130                  -----------
ref count      : 1
.Health         : listened by port : 294920, 
----------------- PcieCardAnchor-901            -----------
ref count      : 1
----------------- reset_i2c4_pca9545            -----------
ref count      : 1
----------------- PcieCard-802                  -----------
ref count      : 1
.FatalError     : listened by port : 294920, 
.FDMFault       : listened by port : 294920, 
.Health         : listened by port : 294920, 
.ReplaceFlag    : listened by port : 294920, 
----------------- Memory050                     -----------
ref count      : 1
.FDMFault       : listened by port : 294920, 
.ReplaceFlag    : listened by port : 294920, 
----------------- RiserCard9555-8               -----------
ref count      : 1
----------------- PCIeNCSIVirConnector          -----------
ref count      : 1
----------------- DrivePartitionConnector       -----------
ref count      : 1
----------------- ClockConnector                -----------
ref count      : 1
----------------- i2c1_pca9545_chip             -----------
ref count      : 1
----------------- dft_AVS_Test                  -----------
ref count      : 1
----------------- ComMemory131                  -----------
ref count      : 1
.Health         : listened by port : 294920, 
----------------- HddVirtualAnchor-2            -----------
ref count      : 1
----------------- dft_item_mcu_selftest-801     -----------
ref count      : 1
----------------- dft_mcu_log_clear_test-902    -----------
ref count      : 1
alias name: a:Component10032, object name: ComSASExpander0-2
alias name: a:Component10105, object name: ComHDDBackplane-2
alias name: a:Component10802, object name: ComHdd8-2
alias name: a:Component10201, object name: ComMemory001
alias name: a:Fru12, object name: GPUFru-801
alias name: a:Component10502, object name: ComHdd5-2
alias name: a:Component1fe04, object name: ComFan
alias name: a:Fru8, object name: RiserCardFru-9
alias name: a:Component1ff01, object name: ComMemory
alias name: a:Component10202, object name: ComHdd2-2
alias name: a:Component10129, object name: ComPort1-4
alias name: a:Component10429, object name: ComPort4-4
alias name: a:Component10106, object name: ComRaidCard-1
alias name: a:Component11e01, object name: ComMemory161
alias name: a:Component10010, object name: ComMotherBoard
alias name: a:Component10d01, object name: ComMemory060
alias name: a:Component11b01, object name: ComMemory150
alias name: a:Component10a01, object name: ComMemory041
alias name: a:Component10203, object name: ComPowerSupply-6
alias name: a:Component1010d, object name: ComNICCard-3
alias name: a:Component12c02, object name: ComM2Disk1
alias name: a:Fru14, object name: GPUFru-802
alias name: a:Fru1a, object name: GPUFru-902
alias name: a:Component10131, object name: ComButton
alias name: a:Component10901, object name: ComMemory040
alias name: a:Component11701, object name: ComMemory130
alias name: a:Component1010f, object name: ComRiserCard-8
alias name: a:Component10204, object name: ComFan2
alias name: a:Component10601, object name: ComMemory021
alias name: a:Component11401, object name: ComMemory111
alias name: a:Component10a02, object name: ComHdd10-2
alias name: a:Component10301, object name: ComMemory010
alias name: a:Component11101, object name: ComMemory100
alias name: a:Component12802, object name: ComHddInner0-2
alias name: a:Component10902, object name: ComHdd9-2
alias name: a:Component10108, object name: ComPcieCard-801
alias name: a:Fru0, object name: MotherBoard
alias name: a:Component10602, object name: ComHdd6-2
alias name: a:Component1002c, object name: ComSystem
alias name: a:Component10302, object name: ComHdd3-2
alias name: a:Component10229, object name: ComPort2-4
alias name: a:Component1020d, object name: ComNICCard-4
alias name: a:Fru18, object name: GPUFru-901
alias name: a:Component11f01, object name: ComMemory170
alias name: a:Component10002, object name: ComHdd0-2
alias name: a:Fru1, object name: RaidFru-1
alias name: a:Component10e01, object name: ComMemory061
alias name: a:Component11c01, object name: ComMemory151
alias name: a:Component10b01, object name: ComMemory050
alias name: a:Component10111, object name: ComLcd
alias name: a:Fru2, object name: HddBackplaneFru-2
alias name: a:Component12d02, object name: ComM2Disk2
alias name: a:Component12a02, object name: ComHddInner2-2
alias name: a:Component10508, object name: ComPcieCard-902
alias name: a:Component10304, object name: ComFan3
alias name: a:Component11801, object name: ComMemory131
alias name: a:Component10100, object name: ComCpu1
alias name: a:Component10b02, object name: ComHdd11-2
alias name: a:Component10701, object name: ComMemory030
alias name: a:Component10112, object name: ComChassis
alias name: a:Component11501, object name: ComMemory120
alias name: a:Component1020f, object name: ComRiserCard-9
alias name: a:Component10401, object name: ComMemory011
alias name: a:Component11201, object name: ComMemory101
alias name: a:Component12001, object name: ComMemory171
alias name: a:Component10101, object name: ComMemory000
alias name: a:Component10208, object name: ComPcieCard-802
alias name: a:Component1011a, object name: ComBMC
alias name: a:Component10702, object name: ComHdd7-2
alias name: a:Frub, object name: RiserCardFru-e
alias name: a:Fru4, object name: LomCardFru-4
alias name: a:Component10402, object name: ComHdd4-2
alias name: a:Component10329, object name: ComPort3-4
alias name: a:Fru3, object name: LomCardFru-3
alias name: a:Component10102, object name: ComHdd1-2
alias name: a:Component12902, object name: ComHddInner1-2
alias name: a:Component10f01, object name: ComMemory070
alias name: a:Component11d01, object name: ComMemory160
alias name: a:Component10149, object name: ComBMA
alias name: a:Fru5, object name: Ps-5
alias name: a:Component10c01, object name: ComMemory051
alias name: a:Component11a01, object name: ComMemory141
alias name: a:Component10103, object name: ComPowerSupply-5
alias name: a:Component10408, object name: ComPcieCard-901
alias name: a:Component12b02, object name: ComHddInner3-2
alias name: a:Fru6, object name: Ps-6
alias name: a:Component10404, object name: ComFan4
alias name: a:Component10200, object name: ComCpu2
alias name: a:Component11901, object name: ComMemory140
alias name: a:Component1fe03, object name: ComPS
alias name: a:Component10104, object name: ComFan1
alias name: a:Component11601, object name: ComMemory121
alias name: a:Component10801, object name: ComMemory031
alias name: a:Component10501, object name: ComMemory020
alias name: a:Component11301, object name: ComMemory110
alias name: a:Fru7, object name: RiserCardFru-8
alias name: a:Component1030f, object name: ComRiserCard-e
alias name: a:Component10128, object name: ComCable
alias name: a:Component11001, object name: ComMemory071
===========================has object===========================
pca9545_chan1, PcbAccessor-4, eeprom0accessor-3, pca9545_chip-8, EepromChip-1, HddBackCardPcbidAccessor, RiserCard9555-e, RiserCard9555-9, RiserPcbIdAccessor-8, pca9545_chan2, pca9545_chip-e, cpld_test_accessor, eeprom0-3, eeprom0accessor-4, pca9545_chip-9, reset_i2c4_pca9545, reset_i2c1_pca9545, PcbidAccessor-1, EepromAccessor-1, RiserPcbIdAccessor-9, i2c1_pca9545_chip, RiserPcbIdAccessor-e, i2c_4, eeprom0-4, cpld_test_accessor2, Hi1710IBus, pcbid_accessor, PowerGdAccessor, pcbid_cpld_accessor, pca9545_chan4, eeprom0accessor, pca9555_nic_chip-3, i2c_5, pca9545_chan1-8, Hi1710, reset_pca9545-8, RaidCpldChip-1, pca9555_nic_chip-4, i2c_6, pca9545_chan1-e, cpld1, i2c4_pca9545_chip, i2c_1, pca9545_chan1-9, eeprom0, reset_pca9545-9, localbus1, reset_pca9545-e, RiserCard9555-8, PcbAccessor-3, 
=====================method info=============================
key=SysPower.GetFruFromPsu
input para list:
y output para list:

key=SdrDev.SetSdrVerChangeFlag
input para list:
output para list:

key=FruStatics.UpdateMainboardSlotID
input para list:
y output para list:

key=Component.UpdateDeviceName
input para list:
output para list:

key=Fru.InitFruInfoFromMcu
input para list:
output para list:

key=Fru.UpdatePcbVer
input para list:
output para list:

key=Fru.GetEepromData
input para list:
u u output para list:
ay 
key=Fru.SetMezzMacAddr
input para list:
output para list:

key=OnePower.UpdatePartNum
input para list:
s output para list:

key=Fru.SetEepromData
input para list:
u ay output para list:

key=Fru.PropertySyncMethod
input para list:
* output para list:
* 
key=FruStatics.SetVersionChange
input para list:
y output para list:

key=Fru.SetEepromRawData
input para list:
* u u i u output para list:

key=Elabel.ElabelPropertySync
input para list:
* output para list:

key=Fru.UpdateFruInfo
input para list:
output para list:

key=FdmConfig.FruHotPlugCallback
input para list:
s y y y y output para list:

key=PcieCard.MCUReadData
input para list:
q y y ay output para list:

key=Component.SetHealth
input para list:
y output para list:

key=Elabel.SetProductAssetTag
input para list:
s y output para list:

key=CafeDev.WriteCafeRecord
input para list:
y s ay output para list:

key=CafeDev.ReadCafeRecord
input para list:
y s output para list:
ay 
key=FruData.deconnect_to_cli
input para list:
s output para list:

key=FruData.dlog_outype
input para list:
s output para list:

key=FruData.dlog_outlvl
input para list:
s output para list:

key=FruData.set_trace_cfg
input para list:
s output para list:

key=FruData.connect_to_cli
input para list:
s s output para list:

key=FruData.save_dlog_cfg
input para list:
output para list:

=====================listen info=============================
my ipc id=229382
key=<SdrDev.SdrType12RecId, handler=0xaaaae9f961f8, state=1
key=<PeripheralElabel.ProductSerialNumber, handler=0xaaaae9f96608, state=0
key=<PeripheralElabel.ProductAssetTag, handler=0xaaaae9f96860, state=0
key=<IpmbAddr.SlaveAddr, handler=0xaaaae9f96420, state=0
key=<ASM.AsStatus, handler=0xaaaae9f96540, state=0
key=<Hdd.Id, handler=0xaaaae9f962e8, state=1
=====================route info=============================
.key=VariantExpression, rpc_port=50023, msg_que_id=753686
.key=CafeDev, rpc_port=50007, msg_que_id=229382
.key=IPMIMessageFilter, rpc_port=50025, msg_que_id=819224
.key=PRODUCT, rpc_port=50023, msg_que_id=753686
.key=BOARD, rpc_port=50023, msg_que_id=753686
.key=GPUBoard, rpc_port=50014, msg_que_id=458765
.key=VirOpticalModule, rpc_port=50028, msg_que_id=917531
.key=IpmbAddr, rpc_port=50025, msg_que_id=819224
.key=CoolingCondition, rpc_port=50021, msg_que_id=688148
.key=SysPower, rpc_port=50024, msg_que_id=786455
.key=CpuBoard, rpc_port=50014, msg_que_id=458765
.key=PcieHddRemoveMonitor, rpc_port=50016, msg_que_id=524303
.key=VRDAction, rpc_port=50008, msg_que_id=262151
.key=EnergySaving, rpc_port=50017, msg_que_id=557072
.key=PIPE, rpc_port=50015, msg_que_id=491534
.key=PasswdSetting, rpc_port=50026, msg_que_id=851993
.key=FdmWebConfig, rpc_port=50015, msg_que_id=491534
.key=SpecialPcieCard, rpc_port=50028, msg_que_id=917531
.key=RedfishEventService, rpc_port=50020, msg_que_id=655379
.key=LicenseManage, rpc_port=50002, msg_que_id=65537
.key=AccelerateCard, rpc_port=50014, msg_que_id=458765
.key=PCIeSDICard, rpc_port=50014, msg_que_id=458765
.key=PcieRetimer, rpc_port=50001, msg_que_id=32768
.key=PTASPolicy, rpc_port=50021, msg_que_id=688148
.key=EventMonitor, rpc_port=50009, msg_que_id=294920
.key=VirtualWire, rpc_port=50023, msg_que_id=753686
.key=SmtpConfig, rpc_port=50009, msg_que_id=294920
.key=PowerMgnt, rpc_port=50024, msg_que_id=786455
.key=HwMBAddrAllocMgmt, rpc_port=50014, msg_que_id=458765
.key=MeInfo, rpc_port=50017, msg_que_id=557072
.key=MutualAuthenticationCliCert, rpc_port=50023, msg_que_id=753686
.key=FANBoard, rpc_port=50014, msg_que_id=458765
.key=SystemManagerInfo, rpc_port=50023, msg_que_id=753686
.key=SensorShortTermSpecMonitor, rpc_port=50009, msg_que_id=294920
.key=SASCable, rpc_port=50016, msg_que_id=524303
.key=DevTest, rpc_port=50009, msg_que_id=294920
.key=NandInfo, rpc_port=50023, msg_que_id=753686
.key=EventDescpCfgToHmm, rpc_port=50009, msg_que_id=294920
.key=UserRole, rpc_port=50026, msg_que_id=851993
.key=SilkTemplate, rpc_port=50017, msg_que_id=557072
.key=Retimer, rpc_port=50014, msg_que_id=458765
.key=SyslogConfig, rpc_port=50009, msg_que_id=294920
.key=ProxyVideo, rpc_port=50018, msg_que_id=589841
.key=SmmFanFirmware, rpc_port=50008, msg_que_id=262151
.key=SSDPCtrlPtConfig, rpc_port=50019, msg_que_id=622610
.key=ResidentNetConfig, rpc_port=50028, msg_que_id=917531
.key=KvmLink, rpc_port=50004, msg_que_id=131075
.key=MasterSMM, rpc_port=50023, msg_que_id=753686
.key=ComputerSystem, rpc_port=50010, msg_que_id=327689
.key=LocalPcieCard, rpc_port=50014, msg_que_id=458765
.key=VPD, rpc_port=50016, msg_que_id=524303
.key=ComponentInfo, rpc_port=50017, msg_que_id=557072
.key=LSWConfig, rpc_port=50028, msg_que_id=917531
.key=AlertFilter, rpc_port=50009, msg_que_id=294920
.key=ModbusAddrAllocMgmt, rpc_port=50014, msg_que_id=458765
.key=Cooling, rpc_port=50021, msg_que_id=688148
.key=FANClass, rpc_port=50021, msg_que_id=688148
.key=HDDBackplane, rpc_port=50014, msg_que_id=458765
.key=ChipFirmwareMgnt, rpc_port=50008, msg_que_id=262151
.key=DftItem, rpc_port=50011, msg_que_id=360458
.key=Stateless, rpc_port=50028, msg_que_id=917531
.key=PcieAddrInfo, rpc_port=50015, msg_que_id=491534
.key=DftAction, rpc_port=50011, msg_que_id=360458
.key=ConditionTask, rpc_port=50009, msg_que_id=294920
.key=ExpBoard, rpc_port=50014, msg_que_id=458765
.key=OpaMezzInfo, rpc_port=50014, msg_que_id=458765
.key=SyslogItemCfg, rpc_port=50009, msg_que_id=294920
.key=ThresholdAssert, rpc_port=50009, msg_que_id=294920
.key=SolLink, rpc_port=50025, msg_que_id=819224
.key=MainBoard, rpc_port=50014, msg_que_id=458765
.key=IOBoard, rpc_port=50014, msg_que_id=458765
.key=_Snmp, rpc_port=50018, msg_que_id=589841
.key=SecurityModule, rpc_port=50014, msg_que_id=458765
.key=LLDPConfig, rpc_port=50028, msg_que_id=917531
.key=BBUModule, rpc_port=50024, msg_que_id=786455
.key=LeakageDetectionCard, rpc_port=50014, msg_que_id=458765
.key=SmtpItemCfg, rpc_port=50009, msg_que_id=294920
.key=DataAcquisitionMetric, rpc_port=50015, msg_que_id=491534
.key=RaidController, rpc_port=50016, msg_que_id=524303
.key=PMEServiceConfig, rpc_port=50023, msg_que_id=753686
.key=Memory, rpc_port=50017, msg_que_id=557072
.key=LicenseFeatureKey, rpc_port=50002, msg_que_id=65537
.key=VoltMonitor, rpc_port=50009, msg_que_id=294920
.key=PSUGroup, rpc_port=50024, msg_que_id=786455
.key=OemSdr, rpc_port=50009, msg_que_id=294920
.key=NPU, rpc_port=50017, msg_que_id=557072
.key=DiskSubArray, rpc_port=50016, msg_que_id=524303
.key=CollectPropertyDefinition, rpc_port=50023, msg_que_id=753686
.key=_card_manage, rpc_port=50014, msg_que_id=458765
.key=Action, rpc_port=50008, msg_que_id=262151
.key=OnePower, rpc_port=50024, msg_que_id=786455
.key=Kvm, rpc_port=50004, msg_que_id=131075
.key=DiscreteSensor, rpc_port=50009, msg_que_id=294920
.key=ThresholdSensorMonitor, rpc_port=50009, msg_que_id=294920
.key=CertMonitor, rpc_port=50023, msg_que_id=753686
.key=Pex8796, rpc_port=50001, msg_que_id=32768
.key=LicenseSaleInfo, rpc_port=50002, msg_que_id=65537
.key=PortMapping, rpc_port=50028, msg_que_id=917531
.key=RawEepromFruDev, rpc_port=50007, msg_que_id=229382
.key=_kvm_vmm, rpc_port=50004, msg_que_id=131075
.key=EnergySavingCfgItem, rpc_port=50017, msg_que_id=557072
.key=CpuStatistic, rpc_port=50017, msg_que_id=557072
.key=CompositionSetting, rpc_port=50001, msg_que_id=32768
.key=PsSleep, rpc_port=50024, msg_que_id=786455
.key=SysBattery, rpc_port=50024, msg_que_id=786455
.key=Pex9765, rpc_port=50001, msg_que_id=32768
.key=PermitRule, rpc_port=50026, msg_que_id=851993
.key=BMC, rpc_port=50023, msg_que_id=753686
.key=Snmp, rpc_port=50018, msg_que_id=589841
.key=VoltTest, rpc_port=50009, msg_que_id=294920
.key=LedPanel, rpc_port=50009, msg_que_id=294920
.key=EthFunction, rpc_port=50028, msg_que_id=917531
.key=_PowerMgnt, rpc_port=50024, msg_que_id=786455
.key=PowerCapping, rpc_port=50024, msg_que_id=786455
.key=RegAction, rpc_port=50014, msg_que_id=458765
.key=_ddns, rpc_port=50005, msg_que_id=163844
.key=M2TransformCard, rpc_port=50014, msg_que_id=458765
.key=SmBios, rpc_port=50013, msg_que_id=425996
.key=SensorOemConfig, rpc_port=50009, msg_que_id=294920
.key=Bios, rpc_port=50013, msg_que_id=425996
.key=McdlSdr, rpc_port=50009, msg_que_id=294920
.key=PMBusTempMonitor, rpc_port=50009, msg_que_id=294920
.key=DiskSlotInfo, rpc_port=50014, msg_que_id=458765
.key=LDAP, rpc_port=50023, msg_que_id=753686
.key=PassThroughCard, rpc_port=50014, msg_que_id=458765
.key=ReserveChanTest, rpc_port=50011, msg_que_id=360458
.key=RedfishEvtSubscription, rpc_port=50020, msg_que_id=655379
.key=Watchdog2, rpc_port=50022, msg_que_id=720917
.key=LedDispElmt_S, rpc_port=50009, msg_que_id=294920
.key=TransferFileInfo, rpc_port=50023, msg_que_id=753686
.key=PsuSlot, rpc_port=50024, msg_que_id=786455
.key=FruPayload, rpc_port=50022, msg_que_id=720917
.key=VMDCondition, rpc_port=50023, msg_que_id=753686
.key=_User, rpc_port=50026, msg_que_id=851993
.key=BoardInfoCollectCfg, rpc_port=50023, msg_que_id=753686
.key=Policy1Class, rpc_port=50021, msg_que_id=688148
.key=NetCard, rpc_port=50014, msg_que_id=458765
.key=Sel, rpc_port=50009, msg_que_id=294920
.key=ProductComponent, rpc_port=50023, msg_que_id=753686
.key=SLIMCableConfig, rpc_port=50016, msg_que_id=524303
.key=CfgMgnt, rpc_port=50003, msg_que_id=98306
.key=RiserPcieCard, rpc_port=50014, msg_que_id=458765
.key=OpticalModule, rpc_port=50028, msg_que_id=917531
.key=NPUHistoryECCInfo, rpc_port=50017, msg_que_id=557072
.key=RepeaterMgnt, rpc_port=50014, msg_que_id=458765
.key=ChipValueChecker, rpc_port=50009, msg_que_id=294920
.key=_net_nat, rpc_port=50029, msg_que_id=950300
.key=IPMIChannel, rpc_port=50025, msg_que_id=819224
.key=OscaPcieCard, rpc_port=50014, msg_que_id=458765
.key=LedDispElmt_RP, rpc_port=50009, msg_que_id=294920
.key=EventPolicy, rpc_port=50009, msg_que_id=294920
.key=iBMAUSBMassStorage, rpc_port=50004, msg_que_id=131075
.key=NvGPUAction, rpc_port=50014, msg_que_id=458765
.key=DiskArray, rpc_port=50016, msg_que_id=524303
.key=OscaPort, rpc_port=50013, msg_que_id=425996
.key=RmcpConfig, rpc_port=50025, msg_que_id=819224
.key=SASPHYStatus, rpc_port=50016, msg_que_id=524303
.key=SMMPCIeInfo, rpc_port=50014, msg_que_id=458765
.key=OCPCard, rpc_port=50014, msg_que_id=458765
.key=VirtualHDDBackplane, rpc_port=50014, msg_que_id=458765
.key=ProxyVmm, rpc_port=50018, msg_que_id=589841
.key=VmseChannel, rpc_port=50017, msg_que_id=557072
.key=HinicFirmware, rpc_port=50008, msg_que_id=262151
.key=MatchRegValue, rpc_port=50001, msg_que_id=32768
.key=Warning, rpc_port=50009, msg_que_id=294920
.key=Contact, rpc_port=50023, msg_que_id=753686
.key=Session, rpc_port=50026, msg_que_id=851993
.key=ExtendPcieCard, rpc_port=50014, msg_que_id=458765
.key=MaxValueMonitor, rpc_port=50009, msg_que_id=294920
.key=BusinessPort, rpc_port=50028, msg_que_id=917531
.key=CLASSFANTYPE, rpc_port=50021, msg_que_id=688148
.key=ButtonTest, rpc_port=50011, msg_que_id=360458
.key=SdrDev, rpc_port=50009, msg_que_id=294920
.key=SSDPConfig, rpc_port=50019, msg_que_id=622610
.key=BoardPower, rpc_port=50024, msg_que_id=786455
.key=PCIeSSDCard, rpc_port=50014, msg_que_id=458765
.key=USBMassStorage, rpc_port=50004, msg_que_id=131075
.key=MassStorage, rpc_port=50016, msg_que_id=524303
.key=TrapConfig, rpc_port=50009, msg_que_id=294920
.key=BIOSEvent, rpc_port=50009, msg_que_id=294920
.key=Led, rpc_port=50009, msg_que_id=294920
.key=PortConfig, rpc_port=50028, msg_que_id=917531
.key=PCIeDisk, rpc_port=50016, msg_que_id=524303
.key=PTAS, rpc_port=50021, msg_que_id=688148
.key=CompositionZone, rpc_port=50001, msg_que_id=32768
.key=MctpCtrl, rpc_port=50012, msg_que_id=393227
.key=SignalMonitor, rpc_port=50009, msg_que_id=294920
.key=MutualAuthentication, rpc_port=50023, msg_que_id=753686
.key=Card, rpc_port=50014, msg_que_id=458765
.key=RaidChip, rpc_port=50016, msg_que_id=524303
.key=Eth, rpc_port=50028, msg_que_id=917531
.key=LogicalDriveAlertInfo, rpc_port=50016, msg_que_id=524303
.key=Video, rpc_port=50004, msg_que_id=131075
.key=LedDispControl, rpc_port=50009, msg_que_id=294920
.key=Dump, rpc_port=50027, msg_que_id=884762
.key=FruStatics, rpc_port=50007, msg_que_id=229382
.key=_BIOS, rpc_port=50013, msg_que_id=425996
.key=ScriptEngine, rpc_port=50027, msg_que_id=884762
.key=PcieRootPortMap, rpc_port=50007, msg_que_id=229382
.key=FruDev, rpc_port=50007, msg_que_id=229382
.key=FPGAMemory, rpc_port=50017, msg_que_id=557072
.key=EventSeverityChange, rpc_port=50009, msg_que_id=294920
.key=_dfm, rpc_port=50000, msg_que_id=0
.key=TrapItemCfg, rpc_port=50009, msg_que_id=294920
.key=LedTest, rpc_port=50009, msg_que_id=294920
.key=DataCondition, rpc_port=50017, msg_que_id=557072
.key=StorageDiagnose, rpc_port=50016, msg_que_id=524303
.key=PcieCard, rpc_port=50014, msg_que_id=458765
.key=PowerAlert, rpc_port=50024, msg_que_id=786455
.key=PowerSignalMonitor, rpc_port=50009, msg_que_id=294920
.key=ComponentFirmware, rpc_port=50008, msg_que_id=262151
.key=NpuAbility, rpc_port=50017, msg_que_id=557072
.key=_Dft, rpc_port=50011, msg_que_id=360458
.key=MgmtChipEnvConfig, rpc_port=50023, msg_que_id=753686
.key=BMCCoreManagement, rpc_port=50023, msg_que_id=753686
.key=SeriaManagement, rpc_port=50025, msg_que_id=819224
.key=OcpCardControl, rpc_port=50014, msg_que_id=458765
.key=FirmwareLimit, rpc_port=50011, msg_que_id=360458
.key=User, rpc_port=50026, msg_que_id=851993
.key=Upgrade, rpc_port=50008, msg_que_id=262151
.key=_sensor_alarm, rpc_port=50009, msg_que_id=294920
.key=PrivilegeAgent, rpc_port=50018, msg_que_id=589841
.key=Eeprom, rpc_port=50008, msg_que_id=262151
.key=Condition, rpc_port=50021, msg_que_id=688148
.key=TempMonitor, rpc_port=50009, msg_que_id=294920
.key=_CpuMem, rpc_port=50017, msg_que_id=557072
.key=SMM, rpc_port=50023, msg_que_id=753686
.key=LDAPCommon, rpc_port=50023, msg_que_id=753686
.key=SensorCategory, rpc_port=50009, msg_que_id=294920
.key=NandFlash, rpc_port=50023, msg_que_id=753686
.key=Raid, rpc_port=50014, msg_que_id=458765
.key=TransferFile, rpc_port=50023, msg_que_id=753686
.key=DftCtrl, rpc_port=50011, msg_que_id=360458
.key=Entity, rpc_port=50009, msg_que_id=294920
.key=UidButton, rpc_port=50009, msg_que_id=294920
.key=Hdd, rpc_port=50016, msg_que_id=524303
.key=InterfaceTest, rpc_port=50011, msg_que_id=360458
.key=CardAction, rpc_port=50014, msg_que_id=458765
.key=EncryptKey, rpc_port=50026, msg_que_id=851993
.key=_diagnose, rpc_port=50015, msg_que_id=491534
.key=Language, rpc_port=50009, msg_que_id=294920
.key=Hotswap, rpc_port=50022, msg_que_id=720917
.key=ManualControlLed, rpc_port=50009, msg_que_id=294920
.key=_agentless, rpc_port=50010, msg_que_id=327689
.key=AlertString, rpc_port=50009, msg_que_id=294920
.key=LocalHostAgentPort, rpc_port=50029, msg_que_id=950300
.key=DftLSWConfig, rpc_port=50028, msg_que_id=917531
.key=DataAcquisitionTagDefinition, rpc_port=50015, msg_que_id=491534
.key=MezzCard, rpc_port=50014, msg_que_id=458765
.key=MemoryChannel, rpc_port=50017, msg_que_id=557072
.key=_Payload, rpc_port=50022, msg_que_id=720917
.key=AssetLocateBoard, rpc_port=50014, msg_que_id=458765
.key=RegMonitor, rpc_port=50009, msg_que_id=294920
.key=_MaintDebug, rpc_port=50027, msg_que_id=884762
.key=SysFWProgressStatus, rpc_port=50017, msg_que_id=557072
.key=_StorageMgnt, rpc_port=50016, msg_que_id=524303
.key=ConditionGroup, rpc_port=50021, msg_que_id=688148
.key=OSDrivePartition, rpc_port=50010, msg_que_id=327689
.key=_BMC, rpc_port=50023, msg_que_id=753686
.key=Log, rpc_port=50027, msg_que_id=884762
.key=_portal, rpc_port=50006, msg_que_id=196613
.key=Payload, rpc_port=50022, msg_que_id=720917
.key=_FileManage, rpc_port=50003, msg_que_id=98306
.key=PCIeFPGACard, rpc_port=50014, msg_que_id=458765
.key=LicenseKeyInfo, rpc_port=50002, msg_que_id=65537
.key=EthRename, rpc_port=50028, msg_que_id=917531
.key=StorageCfgCustomize, rpc_port=50016, msg_que_id=524303
.key=PcieSwitch, rpc_port=50001, msg_que_id=32768
.key=FdmConfig, rpc_port=50015, msg_que_id=491534
.key=MSPP, rpc_port=50024, msg_que_id=786455
.key=Firmware, rpc_port=50008, msg_que_id=262151
.key=DataAcquisitionService, rpc_port=50015, msg_que_id=491534
.key=VNC, rpc_port=50004, msg_que_id=131075
.key=ExtendSASCable, rpc_port=50016, msg_que_id=524303
.key=I2CTest, rpc_port=50011, msg_que_id=360458
.key=DiscreteEvent, rpc_port=50009, msg_que_id=294920
.key=FanGroup, rpc_port=50021, msg_que_id=688148
.key=LicenseSaleItem, rpc_port=50002, msg_que_id=65537
.key=DeaSdr, rpc_port=50009, msg_que_id=294920
.key=Vmm, rpc_port=50004, msg_que_id=131075
.key=SSLEncryptKey, rpc_port=50026, msg_que_id=851993
.key=ChipConfigMgnt, rpc_port=50008, msg_que_id=262151
.key=Ipmb, rpc_port=50025, msg_que_id=819224
.key=TreeNode, rpc_port=50015, msg_que_id=491534
.key=ProcessorFamily, rpc_port=50015, msg_que_id=491534
.key=SMS, rpc_port=50010, msg_que_id=327689
.key=PcieSwitchAction, rpc_port=50001, msg_que_id=32768
.key=EventInformation, rpc_port=50009, msg_que_id=294920
.key=FibreChannel, rpc_port=50028, msg_que_id=917531
.key=LDAPGroup, rpc_port=50023, msg_que_id=753686
.key=AgeTest, rpc_port=50011, msg_que_id=360458
.key=ThresholdSensor, rpc_port=50009, msg_que_id=294920
.key=EthGroup, rpc_port=50028, msg_que_id=917531
.key=BladeCpuThermal, rpc_port=50021, msg_que_id=688148
.key=PCIeTransformCard, rpc_port=50014, msg_que_id=458765
.key=CompositionEndpoint, rpc_port=50001, msg_que_id=32768
.key=PswCpld, rpc_port=50001, msg_que_id=32768
.key=ConditionAction, rpc_port=50009, msg_que_id=294920
.key=EnvRecord, rpc_port=50009, msg_que_id=294920
.key=_PcieSwitch, rpc_port=50001, msg_que_id=32768
.key=BoardRTC, rpc_port=50023, msg_que_id=753686
.key=BladeCoolingPolicy, rpc_port=50021, msg_que_id=688148
.key=LedDispElmt, rpc_port=50009, msg_que_id=294920
.key=_cooling_app, rpc_port=50021, msg_que_id=688148
.key=GPUCard, rpc_port=50014, msg_que_id=458765
.key=StringFormator, rpc_port=50009, msg_que_id=294920
.key=EventConfiguration, rpc_port=50009, msg_que_id=294920
.key=Chassis, rpc_port=50023, msg_que_id=753686
.key=ComponentPowerCtrl, rpc_port=50014, msg_que_id=458765
.key=_MCTP, rpc_port=50012, msg_que_id=393227
.key=Redfish, rpc_port=50020, msg_que_id=655379
.key=EndpointIdentifier, rpc_port=50001, msg_que_id=32768
.key=Pex8725, rpc_port=50001, msg_que_id=32768
.key=_LicenseMgnt, rpc_port=50002, msg_que_id=65537
.key=BoardTypeDefinition, rpc_port=50023, msg_que_id=753686
.key=KRBCommon, rpc_port=50023, msg_que_id=753686
.key=_UPGRADE, rpc_port=50008, msg_que_id=262151
.key=SOLManagement, rpc_port=50025, msg_que_id=819224
.key=ChipVrdParameterConfig, rpc_port=50008, msg_que_id=262151
.key=LSWChipMgnt, rpc_port=50028, msg_que_id=917531
.key=ExPortConfig, rpc_port=50028, msg_que_id=917531
.key=BBU, rpc_port=50016, msg_que_id=524303
.key=VncLink, rpc_port=50004, msg_que_id=131075
.key=HDDLocationStatus, rpc_port=50016, msg_que_id=524303
.key=EthFunctionDefine, rpc_port=50028, msg_que_id=917531
.key=DNSSetting, rpc_port=50005, msg_que_id=163844
.key=SSL, rpc_port=50023, msg_que_id=753686
.key=RemoteHttpsServerRootCert, rpc_port=50023, msg_que_id=753686
.key=DftVersion, rpc_port=50011, msg_que_id=360458
.key=PeripheralDeviceSensor, rpc_port=50014, msg_que_id=458765
.key=SASExpander, rpc_port=50016, msg_que_id=524303
.key=MemoryBoard, rpc_port=50014, msg_que_id=458765
.key=Cpu, rpc_port=50017, msg_que_id=557072
.key=RegConfig, rpc_port=50014, msg_que_id=458765
.key=_FruData, rpc_port=50007, msg_que_id=229382
.key=Gpio, rpc_port=50009, msg_que_id=294920
.key=LicenseAlarmInfo, rpc_port=50002, msg_que_id=65537
.key=LDAPCert, rpc_port=50023, msg_que_id=753686
.key=ChipValueReader, rpc_port=50009, msg_que_id=294920
.key=VRDUpgradeMgnt, rpc_port=50008, msg_que_id=262151
.key=LedCtrl, rpc_port=50009, msg_que_id=294920
.key=PefFilter, rpc_port=50009, msg_que_id=294920
.key=_redfish, rpc_port=50020, msg_que_id=655379
.key=AdditionalFan, rpc_port=50021, msg_que_id=688148
.key=SelFilter, rpc_port=50009, msg_que_id=294920
.key=CPLDSelftest, rpc_port=50011, msg_que_id=360458
.key=SMMportswitch, rpc_port=50028, msg_que_id=917531
.key=PcieRetimerAction, rpc_port=50001, msg_que_id=32768
.key=OAM, rpc_port=50028, msg_que_id=917531
.key=ModbusSlave, rpc_port=50014, msg_que_id=458765
.key=PowerOnCriteria, rpc_port=50022, msg_que_id=720917
.key=CpuPowTempMap, rpc_port=50021, msg_que_id=688148
.key=Diagnose, rpc_port=50015, msg_que_id=491534
.key=Fru, rpc_port=50007, msg_que_id=229382
.key=MMPortOtmInfo, rpc_port=50028, msg_que_id=917531
.key=LogicalDrive, rpc_port=50016, msg_que_id=524303
.key=I2cLed, rpc_port=50009, msg_que_id=294920
.key=_discovery, rpc_port=50019, msg_que_id=622610
.key=EventDescp, rpc_port=50009, msg_que_id=294920
.key=_ipmi_app, rpc_port=50025, msg_que_id=819224
.key=Composition, rpc_port=50001, msg_que_id=32768
.key=Component, rpc_port=50007, msg_que_id=229382
.key=BusinessPortVLAN, rpc_port=50028, msg_que_id=917531
.key=MutualAuthenticationRootCert, rpc_port=50023, msg_que_id=753686
.key=Elabel, rpc_port=50007, msg_que_id=229382
.key=SecurityEnhance, rpc_port=50026, msg_que_id=851993
.key=VRDUpgradeMgntAssist, rpc_port=50008, msg_que_id=262151
.key=InsertStatusLedCtrl, rpc_port=50009, msg_que_id=294920
.key=ResidentStorageMgnt, rpc_port=50016, msg_que_id=524303
.key=_NetConfig, rpc_port=50028, msg_que_id=917531
.key=LicenseGeneralInfo, rpc_port=50002, msg_que_id=65537
.key=DftStatus, rpc_port=50011, msg_que_id=360458
.key=NTP, rpc_port=50023, msg_que_id=753686
.key=Com, rpc_port=50025, msg_que_id=819224
.key=NoDevTest, rpc_port=50009, msg_que_id=294920
.key=MngtPortCap, rpc_port=50028, msg_que_id=917531
.key=USBPortSwitch, rpc_port=50023, msg_que_id=753686
.key=IpmbEth, rpc_port=50025, msg_que_id=819224
.key=SLIMCable, rpc_port=50016, msg_que_id=524303
.key=Modbus, rpc_port=50014, msg_que_id=458765
.key=IsMemBoard, rpc_port=50014, msg_que_id=458765
.key=ExternalRefInfo, rpc_port=50015, msg_que_id=491534
.key=AccessorUpdateAction, rpc_port=50008, msg_que_id=262151
.key=ProxyKvm, rpc_port=50018, msg_que_id=589841
.key=ChipUpgradeByI2C, rpc_port=50008, msg_que_id=262151
=====================other info=============================
ipmi app rpc port=50025
dft app rpc port=50011
my rpc port=50007
my ipc id=229382
sync sem4 id=32768
module id=8
=============================client end==========================
=====================class info============================
--------------------- CafeDev             -----------------
--------------------- Hdd                 -----------------
listened       : Id: 491534, 229382, 
               : ReplaceFlag: 294920, 
               : Presence: 294920, 
               : RebuildState: 294920, 
--------------------- SdrDev              -----------------
listened       : SdrType12RecId: 229382, 
               : SensorErrorMix: 294920, 
--------------------- RiserPcieCard       -----------------
listened       : Health: 294920, 
               : ReplaceFlag: 294920, 
--------------------- PcieCard            -----------------
listened       : Health: 294920, 
               : FatalError: 294920, 
               : FDMFault: 294920, 
               : ReplaceFlag: 294920, 
--------------------- BOARD               -----------------
listened       : SlotId: 753686, 917531, 
--------------------- InnerBus            -----------------
--------------------- SysPower            -----------------
--------------------- Pca9555             -----------------
--------------------- RawEepromFruDev     -----------------
--------------------- Pca9545             -----------------
--------------------- LocalBusMix         -----------------
--------------------- DftItem             -----------------
--------------------- Anchor              -----------------
--------------------- Log                 -----------------
--------------------- Memory              -----------------
listened       : ReplaceFlag: 294920, 
               : FDMFault: 294920, 
--------------------- FruStatics          -----------------
--------------------- FruDev              -----------------
listened       : Health: 294920, 
--------------------- Elabel              -----------------
listened       : BoardSerialNumber: 65537, 294920, 
               : MfgDateTime: 753686, 
               : ProductAssetTag: 294920, 
               : ChassisSerialNumber: 294920, 
--------------------- Bus                 -----------------
--------------------- Accessor            -----------------
--------------------- PCIeFPGACard        -----------------
--------------------- Fru                 -----------------
--------------------- PcieRootPortMap     -----------------
--------------------- Eeprom              -----------------
--------------------- OnePower            -----------------
listened       : PsType: 786455, 
               : Health: 294920, 
               : VinStatus: 294920, 
               : ReplaceFlag: 294920, 
--------------------- I2c                 -----------------
--------------------- Component           -----------------
listened       : Health: 294920, 
--------------------- Connector           -----------------
--------------------- Expression          -----------------
listened       : Value: 294920, 
--------------------- Chip                -----------------
--------------------- Cpu                 -----------------
listened       : IErr: 491534, 131075, 
               : McErr: 491534, 131075, 
               : Error2: 491534, 
               : MirrorFailChMask: 491534, 
               : Version: 688148, 
               : FDMFault: 294920, 
--------------------- Wave                -----------------
--------------------- Raid                -----------------
listened       : Health: 294920, 
               : ReplaceFlag: 294920, 
--------------------- BMC                 -----------------
listened       : HostName: 589841, 163844, 917531, 294920, 
               : CustomManufacturer: 655379, 
--------------------- PRODUCT             -----------------
listened       : SessionTokenLength: 327689, 
--------------------- NetCard             -----------------
listened       : HotplugCtrlStatus: 458765, 
               : Health: 294920, 
               : Eid: 917531, 
               : PrePlug: 917531, 
               : FDMFault: 294920, 
               : ReplaceFlag: 294920, 
--------------------- PMEServiceConfig    -----------------
listened       : BoardInfoCollectEnable: 753686, 
--------------------- FdmConfig           -----------------
=====================fwrite info============================
fm sync fwrite cnt: 0
log fwrite cnt: 0
fm setcontent fwrite cnt: 0
