==========================object===========================
----------------- Disk1-2                       -----------
ref count      : 1
.Health         : recv event count: 4 : listened by port : 688148, 294920, 
----------------- PRODUCT                       -----------
ref count      : 1
.SessionTokenLength : listened by port : 327689, 
----------------- GPUInletTemp-901              -----------
ref count      : 1
.Health         : recv event count: 1 : listened by port : 688148, 294920, 
----------------- VirInnerBpConnect             -----------
ref count      : 1
----------------- dft_item_pca9555_nic-4        -----------
ref count      : 1
----------------- EepromSelfTest                -----------
ref count      : 1
----------------- PSInletTemp-5                 -----------
ref count      : 1
.Health         : listened by port : 688148, 294920, 
----------------- ComFan1                       -----------
ref count      : 1
.Health         : listened by port : 294920, 
----------------- BOARD                         -----------
ref count      : 1
.SlotId         : listened by port : 917531, 753686, 
----------------- GPUAICoreTemp-802             -----------
ref count      : 1
.Health         : recv event count: 1 : listened by port : 688148, 294920, 
----------------- SelStatus                     -----------
ref count      : 1
.Health         : listened by port : 688148, 294920, 
----------------- Dimm041                       -----------
ref count      : 1
.Health         : listened by port : 688148, 294920, 
----------------- Disk3-2                       -----------
ref count      : 1
.Health         : listened by port : 688148, 294920, 
----------------- SysTotalPower                 -----------
ref count      : 1
.Health         : listened by port : 688148, 294920, 
----------------- AICOREEnergyPolicy-901        -----------
ref count      : 1
.EnvRangeRdL    : send event count: 1
.Hsis           : send event count: 1
.SensorName     : send event count: 1
.TYPE           : send event count: 1
.ConditionIndex : send event count: 1
.FAN            : send event count: 1
.Tobj           : send event count: 1
.EnvRangeSpdL   : send event count: 1
.AlarmSpeed     : send event count: 1
.EnvRangeRdH    : send event count: 1
.Type           : send event count: 1
.FanID          : send event count: 1
.Tmax           : send event count: 1
.Index          : send event count: 1
.FailedValue    : send event count: 1
.EnvRangeSpdH   : send event count: 1
.DisabledValue  : send event count: 1
.IsValid        : send event count: 1
----------------- pwm3accessor                  -----------
ref count      : 1
----------------- PSInletTemp-6                 -----------
ref count      : 1
.Health         : listened by port : 688148, 294920, 
----------------- HDD_BP_status                 -----------
ref count      : 1
.Health         : listened by port : 688148, 294920, 
----------------- HighPerformModeInletExp       -----------
ref count      : 1
.Value          : listened by port : 294920, 
----------------- OutletTEPolicy-902            -----------
ref count      : 1
.EnvRangeRdL    : send event count: 1
.Hsis           : send event count: 1
.SensorName     : send event count: 1
.TYPE           : send event count: 1
.ConditionIndex : send event count: 1
.FAN            : send event count: 1
.Tobj           : send event count: 1
.EnvRangeSpdL   : send event count: 1
.AlarmSpeed     : send event count: 1
.EnvRangeRdH    : send event count: 1
.Type           : send event count: 1
.FanID          : send event count: 1
.Tmax           : send event count: 1
.Index          : send event count: 1
.FailedValue    : send event count: 1
.EnvRangeSpdH   : send event count: 1
.DisabledValue  : send event count: 1
.IsValid        : send event count: 1
----------------- SPITest                       -----------
ref count      : 1
----------------- ComFan4                       -----------
ref count      : 1
.Health         : listened by port : 294920, 
----------------- SysDisksMaxTmp                -----------
ref count      : 1
.Health         : listened by port : 688148, 294920, 
----------------- NoFrontDiskTempExp            -----------
ref count      : 1
.Value          : send event count: 101 : listened by port : 294920, 
.Z              : send event count: 1
----------------- DiskInner3-2                  -----------
ref count      : 1
.Health         : listened by port : 688148, 294920, 
----------------- PolicyFrontDiskTemp           -----------
ref count      : 1
----------------- Fan3FStatusThermal            -----------
ref count      : 1
----------------- RiserCard2Connect             -----------
ref count      : 1
----------------- Fan1Fspeed                    -----------
ref count      : 1
.Health         : listened by port : 688148, 294920, 
----------------- Cpu2NosisyCoreTempThermal     -----------
ref count      : 1
----------------- MeInfo                        -----------
ref count      : 1
.CpuTjmax       : listened by port : 688148, 
----------------- HighPerformModeInletPlc       -----------
ref count      : 1
----------------- PcieSlot1Connect-e            -----------
ref count      : 1
----------------- CpuUtilise                    -----------
ref count      : 1
.Health         : listened by port : 688148, 294920, 
----------------- PcieCard-902                  -----------
ref count      : 1
.FatalError     : listened by port : 294920, 
.FDMFault       : listened by port : 294920, 
.Health         : listened by port : 294920, 
.ReplaceFlag    : listened by port : 294920, 
----------------- BBUCoolingPolicy-1            -----------
ref count      : 1
----------------- HddBPStatus                   -----------
ref count      : 1
.Health         : listened by port : 688148, 294920, 
----------------- Disk5-2                       -----------
ref count      : 1
.Health         : listened by port : 688148, 294920, 
----------------- RtcBattery                    -----------
ref count      : 1
.Health         : listened by port : 688148, 294920, 
----------------- pwm6accessor                  -----------
ref count      : 1
----------------- Fan3FPresence                 -----------
ref count      : 1
.Health         : listened by port : 688148, 294920, 
----------------- PcieSlot1Connect-8            -----------
ref count      : 1
----------------- localbus1                     -----------
ref count      : 1
----------------- Fan4PresentAccessor           -----------
ref count      : 1
----------------- Mem2DefaultThermalPolicy      -----------
ref count      : 1
----------------- DiskArrayConnector-1          -----------
ref count      : 1
----------------- dft_item_cpu2mem23_volt       -----------
ref count      : 1
----------------- BMAHeartBeat                  -----------
ref count      : 1
.Health         : listened by port : 688148, 294920, 
----------------- FlashTest                     -----------
ref count      : 1
----------------- InnerHddCard1-2               -----------
ref count      : 1
----------------- Dimm121                       -----------
ref count      : 1
.Health         : listened by port : 688148, 294920, 
----------------- PcieSlot1Connect-9            -----------
ref count      : 1
----------------- Cpu1VddqTemp                  -----------
ref count      : 1
.Health         : listened by port : 688148, 294920, 
----------------- GPUInletTemp-902              -----------
ref count      : 1
.Health         : recv event count: 1 : listened by port : 688148, 294920, 
----------------- Dimm120                       -----------
ref count      : 1
.Health         : listened by port : 688148, 294920, 
----------------- Dimm070                       -----------
ref count      : 1
.Health         : listened by port : 688148, 294920, 
----------------- link_status_2-4               -----------
ref count      : 1
.Health         : listened by port : 688148, 294920, 
----------------- FrontCoolingCondition         -----------
ref count      : 1
----------------- AICOREEnergyPolicy-801        -----------
ref count      : 1
.EnvRangeRdL    : send event count: 1
.Hsis           : send event count: 1
.SensorName     : send event count: 1
.TYPE           : send event count: 1
.ConditionIndex : send event count: 1
.FAN            : send event count: 1
.Tobj           : send event count: 1
.EnvRangeSpdL   : send event count: 1
.AlarmSpeed     : send event count: 1
.EnvRangeRdH    : send event count: 1
.Type           : send event count: 1
.FanID          : send event count: 1
.Tmax           : send event count: 1
.Index          : send event count: 1
.FailedValue    : send event count: 1
.EnvRangeSpdH   : send event count: 1
.DisabledValue  : send event count: 1
.IsValid        : send event count: 1
----------------- Dimm000                       -----------
ref count      : 1
.Health         : listened by port : 688148, 294920, 
----------------- Riser2VirtualConnector        -----------
ref count      : 1
----------------- FANClass:C                    -----------
ref count      : 1
----------------- CoolingCondition2             -----------
ref count      : 1
----------------- GPUInletTemp-801              -----------
ref count      : 1
.Health         : recv event count: 1 : listened by port : 688148, 294920, 
----------------- link_status_2-3               -----------
ref count      : 1
.Health         : listened by port : 688148, 294920, 
----------------- Mem1DefaultThermalPolicy      -----------
ref count      : 1
----------------- Dimm071                       -----------
ref count      : 1
.Health         : listened by port : 688148, 294920, 
----------------- PRODUCT:C                     -----------
ref count      : 1
----------------- Cooling                       -----------
ref count      : 1
.CoolingEffective : send event count: 1
.IdentifiedFanTypeIndex : send event count: 1
.FansPowerConsumption : send event count: 283
.CoolingStartInit : send event count: 1
.Level          : send event count: 1
----------------- M2TrnsCardSlot1Connect-e      -----------
ref count      : 1
----------------- Cpu1Memory                    -----------
ref count      : 1
.Health         : listened by port : 688148, 294920, 
----------------- fantech0_bus                  -----------
ref count      : 1
----------------- BaseboardConnector            -----------
ref count      : 1
----------------- AirCoolingConfigConnector     -----------
ref count      : 1
----------------- EnergySaveMarginObjTemp       -----------
ref count      : 1
.Value          : send event count: 1 : listened by port : 294920, 
----------------- link_status_4-3               -----------
ref count      : 1
.Health         : listened by port : 688148, 294920, 
----------------- VirHddBackCardConnect         -----------
ref count      : 1
----------------- SecurityModuleConnect         -----------
ref count      : 1
----------------- MeInfo:C                      -----------
ref count      : 1
----------------- fantech11accessor             -----------
ref count      : 1
----------------- ThresholdSensor:C             -----------
ref count      : 1
----------------- M2TrnsCardSlot1Connect-8      -----------
ref count      : 1
----------------- HighPerPolicyOutletTemp       -----------
ref count      : 1
----------------- Fan2PresenceThermal           -----------
ref count      : 1
----------------- PwrOnTimeOut                  -----------
ref count      : 1
.Health         : listened by port : 688148, 294920, 
----------------- BaseboardId                   -----------
ref count      : 1
----------------- link_status_4-4               -----------
ref count      : 1
.Health         : listened by port : 688148, 294920, 
----------------- Dimm001                       -----------
ref count      : 1
.Health         : listened by port : 688148, 294920, 
----------------- 1711Policy                    -----------
ref count      : 1
----------------- CCondi_fantype_8038+          -----------
ref count      : 1
----------------- BMCBootup                     -----------
ref count      : 1
.Health         : listened by port : 688148, 294920, 
----------------- VRDConnector                  -----------
ref count      : 1
----------------- CondiGroupFan_8038+           -----------
ref count      : 1
----------------- M2TrnsCardSlot1Connect-9      -----------
ref count      : 1
----------------- SecurityLogFull               -----------
ref count      : 1
.Health         : listened by port : 688148, 294920, 
----------------- ProductIdCpldExtAccessor      -----------
ref count      : 1
----------------- dft_item_pca9555_raid-1       -----------
ref count      : 1
----------------- PolicySSDTemp                 -----------
ref count      : 1
----------------- dft_item_pca9545-e            -----------
ref count      : 1
----------------- TS1280CoolingPolicy18-1       -----------
ref count      : 1
----------------- JTAGTest                      -----------
ref count      : 1
----------------- DefaultInletPolicy            -----------
ref count      : 1
----------------- RearBackplaneConnect          -----------
ref count      : 1
----------------- fantech5accessor              -----------
ref count      : 1
----------------- InnerCondiGroup               -----------
ref count      : 1
----------------- NMISwitchTest                 -----------
ref count      : 1
----------------- Dimm150                       -----------
ref count      : 1
.Health         : listened by port : 688148, 294920, 
----------------- DFTModeInletPolicy            -----------
ref count      : 1
----------------- OutletTEPolicy-802            -----------
ref count      : 1
.EnvRangeRdL    : send event count: 1
.Hsis           : send event count: 1
.SensorName     : send event count: 1
.TYPE           : send event count: 1
.ConditionIndex : send event count: 1
.FAN            : send event count: 1
.Tobj           : send event count: 1
.EnvRangeSpdL   : send event count: 1
.AlarmSpeed     : send event count: 1
.EnvRangeRdH    : send event count: 1
.Type           : send event count: 1
.FanID          : send event count: 1
.Tmax           : send event count: 1
.Index          : send event count: 1
.FailedValue    : send event count: 1
.EnvRangeSpdH   : send event count: 1
.DisabledValue  : send event count: 1
.IsValid        : send event count: 1
----------------- fangroup0                     -----------
ref count      : 1
----------------- fangroup1                     -----------
ref count      : 1
----------------- Power-5                       -----------
ref count      : 1
.Health         : listened by port : 688148, 294920, 
----------------- dft_item_pca9545-8            -----------
ref count      : 1
----------------- Cpu1NosisyCoreTempThermal     -----------
ref count      : 1
----------------- dft_item_cpu2mem01_volt       -----------
ref count      : 1
----------------- Power-6                       -----------
ref count      : 1
.Health         : listened by port : 688148, 294920, 
----------------- Fan3PresenceThermal           -----------
ref count      : 1
----------------- Eth2Test                      -----------
ref count      : 1
----------------- 1711CoreTemp                  -----------
ref count      : 1
.Health         : listened by port : 688148, 294920, 
----------------- PwrOkSigDrop                  -----------
ref count      : 1
.Health         : listened by port : 688148, 294920, 
----------------- Dimm151                       -----------
ref count      : 1
.Health         : listened by port : 688148, 294920, 
----------------- Disk7-2                       -----------
ref count      : 1
.Health         : listened by port : 688148, 294920, 
----------------- ADCConnector                  -----------
ref count      : 1
----------------- dft_item_pca9545-9            -----------
ref count      : 1
----------------- InletTEPolicy-901             -----------
ref count      : 1
.EnvRangeRdL    : send event count: 1
.Hsis           : send event count: 1
.SensorName     : send event count: 1
.TYPE           : send event count: 1
.ConditionIndex : send event count: 1
.FAN            : send event count: 1
.Tobj           : send event count: 1
.EnvRangeSpdL   : send event count: 1
.AlarmSpeed     : send event count: 1
.EnvRangeRdH    : send event count: 1
.Type           : send event count: 1
.FanID          : send event count: 1
.Tmax           : send event count: 1
.Index          : send event count: 1
.FailedValue    : send event count: 1
.EnvRangeSpdH   : send event count: 1
.DisabledValue  : send event count: 1
.IsValid        : send event count: 1
----------------- PolicySfpTemp                 -----------
ref count      : 1
----------------- Dimm030                       -----------
ref count      : 1
.Health         : listened by port : 688148, 294920, 
----------------- Mem1HighPerThermalPolicy      -----------
ref count      : 1
----------------- FpTest                        -----------
ref count      : 1
----------------- PowerButton                   -----------
ref count      : 1
.Health         : listened by port : 688148, 294920, 
----------------- FANConnector                  -----------
ref count      : 1
----------------- ProductConnector              -----------
ref count      : 1
----------------- CPDefault8038+                -----------
ref count      : 1
----------------- InletTEPolicy-902             -----------
ref count      : 1
.EnvRangeRdL    : send event count: 1
.Hsis           : send event count: 1
.SensorName     : send event count: 1
.TYPE           : send event count: 1
.ConditionIndex : send event count: 1
.FAN            : send event count: 1
.Tobj           : send event count: 1
.EnvRangeSpdL   : send event count: 1
.AlarmSpeed     : send event count: 1
.EnvRangeRdH    : send event count: 1
.Type           : send event count: 1
.FanID          : send event count: 1
.Tmax           : send event count: 1
.Index          : send event count: 1
.FailedValue    : send event count: 1
.EnvRangeSpdH   : send event count: 1
.DisabledValue  : send event count: 1
.IsValid        : send event count: 1
----------------- LowNoisyMarginObjTemp         -----------
ref count      : 1
.Value          : listened by port : 294920, 
----------------- Dimm031                       -----------
ref count      : 1
.Health         : listened by port : 688148, 294920, 
----------------- AICOREEnergyPolicy-802        -----------
ref count      : 1
.EnvRangeRdL    : send event count: 1
.Hsis           : send event count: 1
.SensorName     : send event count: 1
.TYPE           : send event count: 1
.ConditionIndex : send event count: 1
.FAN            : send event count: 1
.Tobj           : send event count: 1
.EnvRangeSpdL   : send event count: 1
.AlarmSpeed     : send event count: 1
.EnvRangeRdH    : send event count: 1
.Type           : send event count: 1
.FanID          : send event count: 1
.Tmax           : send event count: 1
.Index          : send event count: 1
.FailedValue    : send event count: 1
.EnvRangeSpdH   : send event count: 1
.DisabledValue  : send event count: 1
.IsValid        : send event count: 1
----------------- BbuModuleConnect              -----------
ref count      : 1
----------------- GPUPower-801                  -----------
ref count      : 1
.Health         : recv event count: 1 : listened by port : 688148, 294920, 
----------------- CertOverDue                   -----------
ref count      : 1
.Health         : listened by port : 688148, 294920, 
----------------- FCCardConnector               -----------
ref count      : 1
----------------- RaidPres                      -----------
ref count      : 1
.Health         : listened by port : 688148, 294920, 
----------------- BMCTimeHopping                -----------
ref count      : 1
.Health         : listened by port : 688148, 294920, 
----------------- OutletTEPolicy-801            -----------
ref count      : 1
.EnvRangeRdL    : send event count: 1
.Hsis           : send event count: 1
.SensorName     : send event count: 1
.TYPE           : send event count: 1
.ConditionIndex : send event count: 1
.FAN            : send event count: 1
.Tobj           : send event count: 1
.EnvRangeSpdL   : send event count: 1
.AlarmSpeed     : send event count: 1
.EnvRangeRdH    : send event count: 1
.Type           : send event count: 1
.FanID          : send event count: 1
.Tmax           : send event count: 1
.Index          : send event count: 1
.FailedValue    : send event count: 1
.EnvRangeSpdH   : send event count: 1
.DisabledValue  : send event count: 1
.IsValid        : send event count: 1
----------------- CPLDTest                      -----------
ref count      : 1
----------------- LedTubeIntelligenceDftTest    -----------
ref count      : 1
----------------- Fan4PresenceThermal           -----------
ref count      : 1
----------------- VirRearBpConnect              -----------
ref count      : 1
----------------- Cpu1VddqTempThermal           -----------
ref count      : 1
----------------- PSRedundancy                  -----------
ref count      : 1
.Health         : listened by port : 688148, 294920, 
----------------- 1_2V_VDDQ1                    -----------
ref count      : 1
.Health         : listened by port : 688148, 294920, 
----------------- Disk9-2                       -----------
ref count      : 1
.Health         : recv event count: 2 : listened by port : 688148, 294920, 
----------------- Payload:C                     -----------
ref count      : 1
----------------- IpmbTest                      -----------
ref count      : 1
----------------- 1_2V_VDDQ2                    -----------
ref count      : 1
.Health         : listened by port : 688148, 294920, 
----------------- NTPSyncTime                   -----------
ref count      : 1
.Health         : listened by port : 688148, 294920, 
----------------- MemUtilise                    -----------
ref count      : 1
.Health         : listened by port : 688148, 294920, 
----------------- SysHDDMaxTmp                  -----------
ref count      : 1
.Health         : listened by port : 688148, 294920, 
----------------- Watchdog2                     -----------
ref count      : 1
.Health         : listened by port : 688148, 294920, 
----------------- dft_item_rtc_volt             -----------
ref count      : 1
----------------- FruPayload                    -----------
ref count      : 1
----------------- RaidPcieError-1               -----------
ref count      : 1
.Health         : listened by port : 688148, 294920, 
----------------- 12_0V_VCC_2                   -----------
ref count      : 1
.Health         : listened by port : 688148, 294920, 
----------------- CustomizedInletPolicy         -----------
ref count      : 1
----------------- PsCoolingPolicy4-5            -----------
ref count      : 1
----------------- 1_2V_VDDQ3                    -----------
ref count      : 1
.Health         : listened by port : 688148, 294920, 
----------------- EnergyEfficicyModeCondition   -----------
ref count      : 1
.IsTrue         : send event count: 1
----------------- SystemError                   -----------
ref count      : 1
.Health         : listened by port : 688148, 294920, 
----------------- InnerBackplaneConnect         -----------
ref count      : 1
----------------- PsCoreTemp-5                  -----------
ref count      : 1
.Health         : listened by port : 688148, 294920, 
----------------- 12_0V_VCC_3                   -----------
ref count      : 1
.Health         : listened by port : 688148, 294920, 
----------------- Dimm110                       -----------
ref count      : 1
.Health         : listened by port : 688148, 294920, 
----------------- GPUOutletTemp-801             -----------
ref count      : 1
.Health         : recv event count: 1 : listened by port : 688148, 294920, 
----------------- SysRestart                    -----------
ref count      : 1
.Health         : listened by port : 688148, 294920, 
----------------- PsCoolingPolicy4-6            -----------
ref count      : 1
----------------- Cpu2VddqTempThermal           -----------
ref count      : 1
----------------- Is1280v2Valid-1               -----------
ref count      : 1
.Value          : listened by port : 294920, 
----------------- RaidControllerConnector       -----------
ref count      : 1
----------------- KeyboardTest                  -----------
ref count      : 1
----------------- PTAS:C                        -----------
ref count      : 1
----------------- Fan2FPresence                 -----------
ref count      : 1
.Health         : listened by port : 688148, 294920, 
----------------- LowNoisyInletExp              -----------
ref count      : 1
.Value          : listened by port : 294920, 
----------------- pwm5accessor                  -----------
ref count      : 1
----------------- PolicyNICTemp-3               -----------
ref count      : 1
----------------- cpld1                         -----------
ref count      : 1
----------------- ptas                          -----------
ref count      : 1
----------------- dft_item_lm75_temp-e          -----------
ref count      : 1
----------------- PolicyInnerDiskTemp           -----------
ref count      : 1
----------------- SystemNotice                  -----------
ref count      : 1
.Health         : listened by port : 688148, 294920, 
----------------- LogicalDriveDynamicConnector  -----------
ref count      : 1
----------------- 12_0V_VCC_4                   -----------
ref count      : 1
.Health         : listened by port : 688148, 294920, 
----------------- Fan1PresenceThermal           -----------
ref count      : 1
----------------- 12_0V_VCC_5                   -----------
ref count      : 1
.Health         : listened by port : 688148, 294920, 
----------------- Cpu1HighPerCoreTempThermal    -----------
ref count      : 1
----------------- PolicyNICTemp-4               -----------
ref count      : 1
----------------- 1_2V_VDDQ4                    -----------
ref count      : 1
.Health         : listened by port : 688148, 294920, 
----------------- Dimm060                       -----------
ref count      : 1
.Health         : listened by port : 688148, 294920, 
----------------- Dimm061                       -----------
ref count      : 1
.Health         : listened by port : 688148, 294920, 
----------------- DiskInner0-2                  -----------
ref count      : 1
.Health         : listened by port : 688148, 294920, 
----------------- PysicalLedIntelligenceTest    -----------
ref count      : 1
----------------- dft_item_lm75_temp-8          -----------
ref count      : 1
----------------- PowerGdAccessor               -----------
ref count      : 1
----------------- 12_0V_VCC_6                   -----------
ref count      : 1
.Health         : listened by port : 688148, 294920, 
----------------- CustomizedModeCondition       -----------
ref count      : 1
----------------- Cooling:C                     -----------
ref count      : 1
----------------- Disk11-2                      -----------
ref count      : 1
.Health         : listened by port : 688148, 294920, 
----------------- CLASSFANTYPE:C                -----------
ref count      : 1
----------------- LowNosisyPolicyOutletTemp     -----------
ref count      : 1
----------------- FanType8038+                  -----------
ref count      : 1
----------------- Dimm111                       -----------
ref count      : 1
.Health         : listened by port : 688148, 294920, 
----------------- PsFanStatus-6                 -----------
ref count      : 1
.Health         : listened by port : 688148, 294920, 
----------------- TPMCardPresenceTest           -----------
ref count      : 1
----------------- dft_item_lm75_temp-9          -----------
ref count      : 1
----------------- PsStatus-5                    -----------
ref count      : 1
.Health         : listened by port : 688148, 294920, 
----------------- PsFanStatus-5                 -----------
ref count      : 1
.Health         : listened by port : 688148, 294920, 
----------------- PsCoreTemp-6                  -----------
ref count      : 1
.Health         : listened by port : 688148, 294920, 
----------------- CondiCondBIOS_M               -----------
ref count      : 1
----------------- dft_item_cpu1mem23_volt       -----------
ref count      : 1
----------------- fantech1accessor              -----------
ref count      : 1
----------------- PcieCard-901                  -----------
ref count      : 1
.FatalError     : listened by port : 294920, 
.FDMFault       : listened by port : 294920, 
.Health         : listened by port : 294920, 
.ReplaceFlag    : listened by port : 294920, 
----------------- PcieSlot3Connect-8            -----------
ref count      : 1
----------------- dft_item_lm75_inlet_temp      -----------
ref count      : 1
----------------- PwrCapStatus                  -----------
ref count      : 1
.Health         : listened by port : 688148, 294920, 
----------------- FrontCondiGroup               -----------
ref count      : 1
----------------- PsStatus-6                    -----------
ref count      : 1
.Health         : listened by port : 688148, 294920, 
----------------- Disk2-2                       -----------
ref count      : 1
.Health         : listened by port : 688148, 294920, 
----------------- VLANConnector                 -----------
ref count      : 1
----------------- Connector:C                   -----------
ref count      : 1
----------------- BbuStatusExp                  -----------
ref count      : 1
.Value          : send event count: 1 : listened by port : 294920, 
.X              : send event count: 1
----------------- Fan4FStatus                   -----------
ref count      : 1
.Health         : listened by port : 688148, 294920, 
----------------- ProductIdCpldAccessor         -----------
ref count      : 1
----------------- OSEthConnector                -----------
ref count      : 1
----------------- PcieSlot3Connect-9            -----------
ref count      : 1
----------------- RaidCardTemp-1                -----------
ref count      : 1
.Health         : listened by port : 688148, 294920, 
----------------- Fan1PresentAccessor           -----------
ref count      : 1
----------------- Cpu2VrdTemp                   -----------
ref count      : 1
.Health         : listened by port : 688148, 294920, 
----------------- VceTest                       -----------
ref count      : 1
----------------- Cpu2VrdTempThermal            -----------
ref count      : 1
----------------- Fan2FStatusThermal            -----------
ref count      : 1
----------------- Policy1Class:C                -----------
ref count      : 1
----------------- IsTS1280v2-3                  -----------
ref count      : 1
.Value          : send event count: 1 : listened by port : 294920, 
----------------- Dimm140                       -----------
ref count      : 1
.Health         : listened by port : 688148, 294920, 
----------------- Fan4Fspeed                    -----------
ref count      : 1
.Health         : listened by port : 688148, 294920, 
----------------- PolicyCpu1Corem               -----------
ref count      : 1
----------------- FCPortConnector               -----------
ref count      : 1
----------------- GPUAICoreTemp-901             -----------
ref count      : 1
.Health         : recv event count: 1 : listened by port : 688148, 294920, 
----------------- MngmntHealth                  -----------
ref count      : 1
.Health         : recv event count: 101 : listened by port : 688148, 294920, 
----------------- OperationLogFull              -----------
ref count      : 1
.Health         : listened by port : 688148, 294920, 
----------------- IsTS1280v2-4                  -----------
ref count      : 1
.Value          : send event count: 1 : listened by port : 294920, 
----------------- fantech0                      -----------
ref count      : 1
----------------- Fan3Fspeed                    -----------
ref count      : 1
.Health         : listened by port : 688148, 294920, 
----------------- Cpu:C                         -----------
ref count      : 1
----------------- LomCard2Connect               -----------
ref count      : 1
----------------- Dimm141                       -----------
ref count      : 1
.Health         : listened by port : 688148, 294920, 
----------------- CondiGroupBIOS_H              -----------
ref count      : 1
----------------- Cpu2MemTemp                   -----------
ref count      : 1
.Health         : listened by port : 688148, 294920, 
----------------- NoInnerDiskTempExp            -----------
ref count      : 1
.Value          : listened by port : 294920, 
----------------- HddBackCardConnect            -----------
ref count      : 1
----------------- Cpu1                          -----------
ref count      : 1
.Error2         : listened by port : 491534, 
.Version        : recv event count: 2 : listened by port : 688148, 
.IErr           : listened by port : 131075, 491534, 
.FDMFault       : listened by port : 294920, 
.McErr          : listened by port : 131075, 491534, 
.MirrorFailChMask : listened by port : 491534, 
----------------- PSUSensorConnect-5            -----------
ref count      : 1
----------------- dft_VDDN_Test                 -----------
ref count      : 1
----------------- VirtualConnector1-2           -----------
ref count      : 1
----------------- IsTS1280v2-5                  -----------
ref count      : 1
.Value          : listened by port : 294920, 
----------------- AcpiStatus                    -----------
ref count      : 1
.Health         : listened by port : 688148, 294920, 
----------------- Dimm020                       -----------
ref count      : 1
.Health         : listened by port : 688148, 294920, 
----------------- M2TrnsCardSlot3Connect-8      -----------
ref count      : 1
----------------- link_status_1-3               -----------
ref count      : 1
.Health         : listened by port : 688148, 294920, 
----------------- SysSFPMaxTmp                  -----------
ref count      : 1
.Health         : listened by port : 688148, 294920, 
----------------- IOBoard2OnRiser2              -----------
ref count      : 1
.IsTrue         : send event count: 1
----------------- dft_item_lm75_MB_temp         -----------
ref count      : 1
----------------- PSUSensorConnect-6            -----------
ref count      : 1
----------------- PolicyCpu2Corem               -----------
ref count      : 1
----------------- Cpu2                          -----------
ref count      : 1
.Error2         : listened by port : 491534, 
.Version        : recv event count: 2 : listened by port : 688148, 
.IErr           : listened by port : 131075, 491534, 
.FDMFault       : listened by port : 294920, 
.McErr          : listened by port : 131075, 491534, 
.MirrorFailChMask : listened by port : 491534, 
----------------- NandFlashTest                 -----------
ref count      : 1
----------------- PsIin-5                       -----------
ref count      : 1
.Health         : listened by port : 688148, 294920, 
----------------- CustomizedInletExp            -----------
ref count      : 1
.Value          : listened by port : 294920, 
----------------- M2TrnsCardSlot3Connect-9      -----------
ref count      : 1
----------------- Fan4FStatusThermal            -----------
ref count      : 1
----------------- ProductIdExtExpr              -----------
ref count      : 1
.Value          : listened by port : 294920, 
----------------- Condition:C                   -----------
ref count      : 1
----------------- CoolingCondition:C            -----------
ref count      : 1
----------------- PsPOut-5                      -----------
ref count      : 1
.Health         : listened by port : 688148, 294920, 
----------------- Dimm021                       -----------
ref count      : 1
.Health         : listened by port : 688148, 294920, 
----------------- DiskInner2-2                  -----------
ref count      : 1
.Health         : listened by port : 688148, 294920, 
----------------- GPUAICoreTemp-902             -----------
ref count      : 1
.Health         : recv event count: 1 : listened by port : 688148, 294920, 
----------------- Fan3FStatus                   -----------
ref count      : 1
.Health         : listened by port : 688148, 294920, 
----------------- GPUPower-802                  -----------
ref count      : 1
.Health         : recv event count: 1 : listened by port : 688148, 294920, 
----------------- UidButton                     -----------
ref count      : 1
.Health         : listened by port : 688148, 294920, 
----------------- FanGroup:C                    -----------
ref count      : 1
----------------- RaidCardConnect               -----------
ref count      : 1
----------------- Hi1711Test                    -----------
ref count      : 1
----------------- dft_item_cpu1mem01_volt       -----------
ref count      : 1
----------------- LogicalDriveConnector-1       -----------
ref count      : 1
----------------- VSA_VOLT_CPU1                 -----------
ref count      : 1
.Health         : listened by port : 688148, 294920, 
----------------- SramTest                      -----------
ref count      : 1
----------------- MeTest                        -----------
ref count      : 1
----------------- PcieCard:C                    -----------
ref count      : 1
----------------- Cpu1VrdTemp                   -----------
ref count      : 1
.Health         : listened by port : 688148, 294920, 
----------------- IsTS1280v2-6                  -----------
ref count      : 1
.Value          : listened by port : 294920, 
----------------- Riser3Card                    -----------
ref count      : 1
.Health         : listened by port : 688148, 294920, 
----------------- PsPOut-6                      -----------
ref count      : 1
.Health         : listened by port : 688148, 294920, 
----------------- VSA_VOLT_CPU2                 -----------
ref count      : 1
.Health         : listened by port : 688148, 294920, 
----------------- UidButtonTest                 -----------
ref count      : 1
----------------- link_status_3-3               -----------
ref count      : 1
.Health         : listened by port : 688148, 294920, 
----------------- link_status_1-4               -----------
ref count      : 1
.Health         : listened by port : 688148, 294920, 
----------------- InnerHddCard2-2               -----------
ref count      : 1
----------------- Disk0-2                       -----------
ref count      : 1
.Health         : recv event count: 2 : listened by port : 688148, 294920, 
----------------- GPUInletTemp-802              -----------
ref count      : 1
.Health         : recv event count: 1 : listened by port : 688148, 294920, 
----------------- pwm1accessor                  -----------
ref count      : 1
----------------- LomCard1Connect               -----------
ref count      : 1
----------------- I2C4Test                      -----------
ref count      : 1
----------------- CondiGroupBIOS_M              -----------
ref count      : 1
----------------- LowNoisyModeCondition         -----------
ref count      : 1
----------------- Cpu1MemTemp                   -----------
ref count      : 1
.Health         : listened by port : 688148, 294920, 
----------------- Fan11PresentAccessor          -----------
ref count      : 1
----------------- Cpu1Prochot                   -----------
ref count      : 1
.Health         : listened by port : 688148, 294920, 
----------------- Dimm100                       -----------
ref count      : 1
.Health         : listened by port : 688148, 294920, 
----------------- EnergySavePolicyOutletTemp    -----------
ref count      : 1
----------------- dft_item_vcc_12v0             -----------
ref count      : 1
----------------- CondiThermalLevel0            -----------
ref count      : 1
----------------- InletTEPolicy-801             -----------
ref count      : 1
.EnvRangeRdL    : send event count: 1
.Hsis           : send event count: 1
.SensorName     : send event count: 1
.TYPE           : send event count: 1
.ConditionIndex : send event count: 1
.FAN            : send event count: 1
.Tobj           : send event count: 1
.EnvRangeSpdL   : send event count: 1
.AlarmSpeed     : send event count: 1
.EnvRangeRdH    : send event count: 1
.Type           : send event count: 1
.FanID          : send event count: 1
.Tmax           : send event count: 1
.Index          : send event count: 1
.FailedValue    : send event count: 1
.EnvRangeSpdH   : send event count: 1
.DisabledValue  : send event count: 1
.IsValid        : send event count: 1
----------------- Dimm170                       -----------
ref count      : 1
.Health         : listened by port : 688148, 294920, 
----------------- Dimm171                       -----------
ref count      : 1
.Health         : listened by port : 688148, 294920, 
----------------- Riser2Card                    -----------
ref count      : 1
.Health         : listened by port : 688148, 294920, 
----------------- PsIin-6                       -----------
ref count      : 1
.Health         : listened by port : 688148, 294920, 
----------------- AICOREEnergyPolicy-902        -----------
ref count      : 1
.EnvRangeRdL    : send event count: 1
.Hsis           : send event count: 1
.SensorName     : send event count: 1
.TYPE           : send event count: 1
.ConditionIndex : send event count: 1
.FAN            : send event count: 1
.Tobj           : send event count: 1
.EnvRangeSpdL   : send event count: 1
.AlarmSpeed     : send event count: 1
.EnvRangeRdH    : send event count: 1
.Type           : send event count: 1
.FanID          : send event count: 1
.Tmax           : send event count: 1
.Index          : send event count: 1
.FailedValue    : send event count: 1
.EnvRangeSpdH   : send event count: 1
.DisabledValue  : send event count: 1
.IsValid        : send event count: 1
----------------- Dimm101                       -----------
ref count      : 1
.Health         : listened by port : 688148, 294920, 
----------------- Disk6-2                       -----------
ref count      : 1
.Health         : listened by port : 688148, 294920, 
----------------- ConditionGroup:C              -----------
ref count      : 1
----------------- VDDFIX_VOLT_CPU1              -----------
ref count      : 1
.Health         : listened by port : 688148, 294920, 
----------------- Cpu2Status                    -----------
ref count      : 1
.Health         : listened by port : 688148, 294920, 
----------------- Dimm050                       -----------
ref count      : 1
.Health         : listened by port : 688148, 294920, 
----------------- Disk8-2                       -----------
ref count      : 1
.Health         : recv event count: 2 : listened by port : 688148, 294920, 
----------------- Cpu1DefaultCoreTempThermal    -----------
ref count      : 1
----------------- Disk4-2                       -----------
ref count      : 1
.Health         : listened by port : 688148, 294920, 
----------------- UpgradeCpldConnector          -----------
ref count      : 1
----------------- Fan1FPresence                 -----------
ref count      : 1
.Health         : listened by port : 688148, 294920, 
----------------- PsTempStatus-5                -----------
ref count      : 1
.Health         : listened by port : 688148, 294920, 
----------------- Riser1Card                    -----------
ref count      : 1
.Health         : listened by port : 688148, 294920, 
----------------- SensorConnect                 -----------
ref count      : 1
----------------- dft_VDDQ_Test                 -----------
ref count      : 1
----------------- HighPowCardEnvThermal         -----------
ref count      : 1
----------------- dft_item_vcc_12v2             -----------
ref count      : 1
----------------- LedTubeDftTest                -----------
ref count      : 1
----------------- RearBpVirtualConnector        -----------
ref count      : 1
----------------- ExternConnector               -----------
ref count      : 1
----------------- LowlevelCondition             -----------
ref count      : 1
----------------- CondiGroupBIOS_L_8038+        -----------
ref count      : 1
----------------- Dimm051                       -----------
ref count      : 1
.Health         : listened by port : 688148, 294920, 
----------------- Fan2FStatus                   -----------
ref count      : 1
.Health         : listened by port : 688148, 294920, 
----------------- dft_item_vcc_12v3             -----------
ref count      : 1
----------------- DiscreteSensor:C              -----------
ref count      : 1
----------------- InletTEPolicy-802             -----------
ref count      : 1
.EnvRangeRdL    : send event count: 1
.Hsis           : send event count: 1
.SensorName     : send event count: 1
.TYPE           : send event count: 1
.ConditionIndex : send event count: 1
.FAN            : send event count: 1
.Tobj           : send event count: 1
.EnvRangeSpdL   : send event count: 1
.AlarmSpeed     : send event count: 1
.EnvRangeRdH    : send event count: 1
.Type           : send event count: 1
.FanID          : send event count: 1
.Tmax           : send event count: 1
.Index          : send event count: 1
.FailedValue    : send event count: 1
.EnvRangeSpdH   : send event count: 1
.DisabledValue  : send event count: 1
.IsValid        : send event count: 1
----------------- IsTS2280v2-5                  -----------
ref count      : 1
.Value          : listened by port : 294920, 
----------------- NICTemp-3                     -----------
ref count      : 1
.Health         : listened by port : 688148, 294920, 
----------------- NICTemp-4                     -----------
ref count      : 1
.Health         : listened by port : 688148, 294920, 
----------------- link_status_3-4               -----------
ref count      : 1
.Health         : listened by port : 688148, 294920, 
----------------- OutletTEPolicy-901            -----------
ref count      : 1
.EnvRangeRdL    : send event count: 1
.Hsis           : send event count: 1
.SensorName     : send event count: 1
.TYPE           : send event count: 1
.ConditionIndex : send event count: 1
.FAN            : send event count: 1
.Tobj           : send event count: 1
.EnvRangeSpdL   : send event count: 1
.AlarmSpeed     : send event count: 1
.EnvRangeRdH    : send event count: 1
.Type           : send event count: 1
.FanID          : send event count: 1
.Tmax           : send event count: 1
.Index          : send event count: 1
.FailedValue    : send event count: 1
.EnvRangeSpdH   : send event count: 1
.DisabledValue  : send event count: 1
.IsValid        : send event count: 1
----------------- M2SataSSDSlotConnect          -----------
ref count      : 1
----------------- fan1                          -----------
ref count      : 1
.RSpeed         : send event count: 15013466
.Model          : send event count: 1
.PWMHW          : send event count: 226
.FRPM           : send event count: 15013466
.RRPM           : send event count: 15013466
.PartNum        : send event count: 1
.ExpectPWM      : send event count: 225
.PWM            : send event count: 224
.FSpeed         : send event count: 15013468
.PresenceR      : send event count: 1
.Presence       : send event count: 1
----------------- dft_item_vcc_12v4             -----------
ref count      : 1
----------------- PcieSlot2Connect-e            -----------
ref count      : 1
----------------- SASCable_sen                  -----------
ref count      : 1
.Health         : listened by port : 688148, 294920, 
----------------- Fan8PresentAccessor           -----------
ref count      : 1
----------------- IsTS2280v2-6                  -----------
ref count      : 1
.Value          : listened by port : 294920, 
----------------- I2CTest-e                     -----------
ref count      : 1
----------------- Riser1VirtualConnector        -----------
ref count      : 1
----------------- DefaultInletExp               -----------
ref count      : 1
.Value          : send event count: 1 : listened by port : 294920, 
----------------- Fan2Fspeed                    -----------
ref count      : 1
.Health         : listened by port : 688148, 294920, 
----------------- fan2                          -----------
ref count      : 1
.RSpeed         : send event count: 22042243
.Model          : send event count: 1
.PWMHW          : send event count: 226
.FRPM           : send event count: 22042240
.RRPM           : send event count: 22042240
.PartNum        : send event count: 1
.ExpectPWM      : send event count: 225
.PWM            : send event count: 224
.FSpeed         : send event count: 22042243
.PresenceR      : send event count: 1
.Presence       : send event count: 1
----------------- Ddr3Test                      -----------
ref count      : 1
----------------- dft_item_vcc_12v5             -----------
ref count      : 1
----------------- SysSSDMaxTmp                  -----------
ref count      : 1
.Health         : listened by port : 688148, 294920, 
----------------- MidPowCardEnvThermal          -----------
ref count      : 1
----------------- PcieSlot2Connect-8            -----------
ref count      : 1
----------------- fantech0accessor              -----------
ref count      : 1
----------------- OutletTemp                    -----------
ref count      : 1
.Health         : listened by port : 688148, 294920, 
----------------- RaidCardStatus-1              -----------
ref count      : 1
.Health         : listened by port : 688148, 294920, 
----------------- I2CTest-8                     -----------
ref count      : 1
----------------- RTCTime                       -----------
ref count      : 1
.Health         : listened by port : 688148, 294920, 
----------------- fan3                          -----------
ref count      : 1
.RSpeed         : send event count: 1086707
.Model          : send event count: 1
.PWMHW          : send event count: 230
.FRPM           : send event count: 1086707
.RRPM           : send event count: 1086707
.PartNum        : send event count: 1
.ExpectPWM      : send event count: 229
.PWM            : send event count: 228
.FSpeed         : send event count: 1086709
.PresenceR      : send event count: 1
.Presence       : send event count: 1
----------------- Riser3VirtualConnector        -----------
ref count      : 1
----------------- PowerButtonTest               -----------
ref count      : 1
----------------- Cpu2VddqTemp                  -----------
ref count      : 1
.Health         : listened by port : 688148, 294920, 
----------------- DftItem:C                     -----------
ref count      : 1
----------------- PcieSlot2Connect-9            -----------
ref count      : 1
----------------- InnerCoolingCondition         -----------
ref count      : 1
----------------- LpcTest                       -----------
ref count      : 1
----------------- HighPerformanceModeCondition  -----------
ref count      : 1
----------------- I2CTest-9                     -----------
ref count      : 1
----------------- PowerSupply2Connect           -----------
ref count      : 1
----------------- fan4                          -----------
ref count      : 1
.RSpeed         : send event count: 10863151
.Model          : send event count: 1
.PWMHW          : send event count: 230
.FRPM           : send event count: 10863151
.RRPM           : send event count: 10863151
.PartNum        : send event count: 1
.ExpectPWM      : send event count: 229
.PWM            : send event count: 228
.FSpeed         : send event count: 10863154
.PresenceR      : send event count: 1
.Presence       : send event count: 1
----------------- CdTest                        -----------
ref count      : 1
----------------- Fan4FPresence                 -----------
ref count      : 1
.Health         : listened by port : 688148, 294920, 
----------------- Dimm130                       -----------
ref count      : 1
.Health         : listened by port : 688148, 294920, 
----------------- PSeventConnector              -----------
ref count      : 1
----------------- Cpu2DefaultCoreTempThermal    -----------
ref count      : 1
----------------- LowNoisyInletPolicy           -----------
ref count      : 1
----------------- PsCoolingPolicy3-5            -----------
ref count      : 1
----------------- Cpu2CoreRem                   -----------
ref count      : 1
.Health         : listened by port : 688148, 294920, 
----------------- Mem1NosisyThermalPolicy       -----------
ref count      : 1
----------------- Fan1FStatus                   -----------
ref count      : 1
.Health         : listened by port : 688148, 294920, 
----------------- PsTempStatus-6                -----------
ref count      : 1
.Health         : listened by port : 688148, 294920, 
----------------- PsVin-5                       -----------
ref count      : 1
.Health         : listened by port : 688148, 294920, 
----------------- V_RaidCardConnect             -----------
ref count      : 1
----------------- M2TrnsCardSlot2Connect-e      -----------
ref count      : 1
----------------- PcieStatus                    -----------
ref count      : 1
.Health         : listened by port : 688148, 294920, 
----------------- PsVin-6                       -----------
ref count      : 1
.Health         : listened by port : 688148, 294920, 
----------------- PsCoolingPolicy3-6            -----------
ref count      : 1
----------------- Cpu2HighPerCoreTempThermal    -----------
ref count      : 1
----------------- Dimm010                       -----------
ref count      : 1
.Health         : listened by port : 688148, 294920, 
----------------- ExcludeHddConnector           -----------
ref count      : 1
----------------- GPUPower-901                  -----------
ref count      : 1
.Health         : recv event count: 1 : listened by port : 688148, 294920, 
----------------- Cpu2Prochot                   -----------
ref count      : 1
.Health         : listened by port : 688148, 294920, 
----------------- RiserCard1Connect             -----------
ref count      : 1
----------------- VDDFIX_VOLT_CPU2              -----------
ref count      : 1
.Health         : listened by port : 688148, 294920, 
----------------- Mem2NosisyThermalPolicy       -----------
ref count      : 1
----------------- Dimm011                       -----------
ref count      : 1
.Health         : listened by port : 688148, 294920, 
----------------- M2TrnsCardSlot2Connect-8      -----------
ref count      : 1
----------------- TS2280CoolingPolicy18-1       -----------
ref count      : 1
----------------- dft_item_lm75_outlet_temp     -----------
ref count      : 1
----------------- DiskArrayDynamicConnector     -----------
ref count      : 1
----------------- IOBoard1OnRiser2              -----------
ref count      : 1
.IsTrue         : send event count: 1
----------------- PcieCard-801                  -----------
ref count      : 1
.FatalError     : listened by port : 294920, 
.FDMFault       : listened by port : 294920, 
.Health         : listened by port : 294920, 
.ReplaceFlag    : listened by port : 294920, 
----------------- ComFan3                       -----------
ref count      : 1
.Health         : listened by port : 294920, 
----------------- hddbp_48_PcieAddr_Connector   -----------
ref count      : 1
----------------- ProductIdExpr                 -----------
ref count      : 1
.Value          : listened by port : 294920, 
----------------- BootError                     -----------
ref count      : 1
.Health         : listened by port : 688148, 294920, 
----------------- M2TrnsCardSlot2Connect-9      -----------
ref count      : 1
----------------- HighPerformMarginObjTemp      -----------
ref count      : 1
.Value          : listened by port : 294920, 
----------------- Disk10-2                      -----------
ref count      : 1
.Health         : recv event count: 2 : listened by port : 688148, 294920, 
----------------- PsIOut-5                      -----------
ref count      : 1
.Health         : listened by port : 688148, 294920, 
----------------- SysFwProgress                 -----------
ref count      : 1
.Health         : listened by port : 688148, 294920, 
----------------- RaidCardBBUTemp-1             -----------
ref count      : 1
.Health         : listened by port : 688148, 294920, 
----------------- DiskInner1-2                  -----------
ref count      : 1
.Health         : listened by port : 688148, 294920, 
----------------- Dimm131                       -----------
ref count      : 1
.Health         : listened by port : 688148, 294920, 
----------------- ChassisPayload                -----------
ref count      : 1
.RestartValue   : listened by port : 294920, 425996, 
.AcpiValue      : listened by port : 294920, 
.BoardStableStatus : listened by port : 819224, 
.AcpiStatus     : listened by port : 720917, 
.PwrButtonFlag  : listened by port : 294920, 
.PwrOkSigDrop   : listened by port : 294920, 
.ChassisPowerState : listened by port : 131075, 524303, 327689, 294920, 720917, 786455, 458765, 557072, 425996, 262151, 491534, 
.PowerGd        : recv event count: 1 : listened by port : 688148, 
.ResetFlag      : listened by port : 294920, 524303, 327689, 786455, 458765, 557072, 425996, 491534, 
.SysResetFlag   : listened by port : 131075, 524303, 327689, 294920, 786455, 458765, 557072, 425996, 262151, 491534, 32768, 
----------------- Cpu2Memory                    -----------
ref count      : 1
.Health         : listened by port : 688148, 294920, 
----------------- dft_AVS_Test                  -----------
ref count      : 1
----------------- PolicyHDDTemp                 -----------
ref count      : 1
----------------- GPUOutletTemp-802             -----------
ref count      : 1
.Health         : recv event count: 1 : listened by port : 688148, 294920, 
----------------- PcieCard-802                  -----------
ref count      : 1
.FatalError     : listened by port : 294920, 
.FDMFault       : listened by port : 294920, 
.Health         : listened by port : 294920, 
.ReplaceFlag    : listened by port : 294920, 
----------------- PsIOut-6                      -----------
ref count      : 1
.Health         : listened by port : 688148, 294920, 
----------------- PysicalLedTest                -----------
ref count      : 1
----------------- PowerSupply1Connect           -----------
ref count      : 1
----------------- GPUPower-902                  -----------
ref count      : 1
.Health         : recv event count: 1 : listened by port : 688148, 294920, 
----------------- RiserCard3Connect             -----------
ref count      : 1
----------------- Is2280v2Valid-1               -----------
ref count      : 1
.Value          : send event count: 1 : listened by port : 294920, 
----------------- Mem2HighPerThermalPolicy      -----------
ref count      : 1
----------------- ComFan2                       -----------
ref count      : 1
.Health         : listened by port : 294920, 
----------------- Cpu1CoreRem                   -----------
ref count      : 1
.Health         : listened by port : 688148, 294920, 
----------------- Dimm160                       -----------
ref count      : 1
.Health         : listened by port : 688148, 294920, 
----------------- LicenseConnector              -----------
ref count      : 1
----------------- InBkpPresAccessor             -----------
ref count      : 1
----------------- PsTest                        -----------
ref count      : 1
----------------- InletTemp                     -----------
ref count      : 1
.Health         : listened by port : 688148, 294920, 
----------------- GPUOutletTemp-902             -----------
ref count      : 1
.Health         : recv event count: 1 : listened by port : 688148, 294920, 
----------------- BbuStatus                     -----------
ref count      : 1
----------------- Dimm161                       -----------
ref count      : 1
.Health         : listened by port : 688148, 294920, 
----------------- Cpu1Status                    -----------
ref count      : 1
.Health         : listened by port : 688148, 294920, 
----------------- Cpu1VrdTempThermal            -----------
ref count      : 1
----------------- fantech9accessor              -----------
ref count      : 1
----------------- Fan1FStatusThermal            -----------
ref count      : 1
----------------- BBUStatus-1                   -----------
ref count      : 1
.Health         : listened by port : 688148, 294920, 
----------------- DftStatus                     -----------
ref count      : 1
.DftEnable      : listened by port : 131075, 
----------------- PCIeNCSIVirConnector          -----------
ref count      : 1
----------------- dft_item_pca9555_nic-3        -----------
ref count      : 1
----------------- DrivePartitionConnector       -----------
ref count      : 1
----------------- ClockConnector                -----------
ref count      : 1
----------------- Dimm040                       -----------
ref count      : 1
.Health         : listened by port : 688148, 294920, 
----------------- GPUAICoreTemp-801             -----------
ref count      : 1
.Health         : recv event count: 1 : listened by port : 688148, 294920, 
----------------- log_0                         -----------
ref count      : 1
----------------- HDDBackplanePresenceAccessor  -----------
ref count      : 1
----------------- GPUOutletTemp-901             -----------
ref count      : 1
.Health         : recv event count: 1 : listened by port : 688148, 294920, 
alias name: a:FanGroup0, object name: fangroup0
alias name: a:FANClass404, object name: fan4
alias name: a:FANClass303, object name: fan3
alias name: a:FANClass202, object name: fan2
alias name: a:FANClass101, object name: fan1
alias name: a:FanGroup1, object name: fangroup1
===========================has object===========================
pwm3accessor, fantech11accessor, fantech0accessor, pwm5accessor, fantech1accessor, Fan11PresentAccessor, pwm6accessor, HDDBackplanePresenceAccessor, fantech0, fantech5accessor, localbus1, fantech0_bus, cpld1, Fan4PresentAccessor, PowerGdAccessor, fantech9accessor, ProductIdCpldExtAccessor, Fan8PresentAccessor, BbuStatus, Fan1PresentAccessor, pwm1accessor, ProductIdCpldAccessor, InBkpPresAccessor, 
=====================method info=============================
key=Cooling.SetCpuTobj
input para list:
y output para list:

key=Cooling.SetSmartCoolingMode
input para list:
y output para list:

key=Cooling.SetVRDTobj
input para list:
y output para list:

key=Cooling.SetLeakageAction
input para list:
y output para list:

key=Cooling.SetOutletTobj
input para list:
y output para list:

key=Cooling.SetNPUAiCoreTobj
input para list:
y output para list:

key=Cooling.SetMemoryTobj
input para list:
y output para list:

key=Cooling.SetCoolingConfig
input para list:
y output para list:

key=Cooling.SetNPUBoardTobj
input para list:
y output para list:

key=Cooling.DftSetFanLevel
input para list:
output para list:

key=Cooling.GetTotolFanPower
input para list:
output para list:
d 
key=Cooling.SetFanLevel
input para list:
y output para list:

key=PTAS.SetServerTag
input para list:
u output para list:

key=Policy1Class.SetEnvTempSpd
input para list:
ay ay output para list:

key=Cooling.GetCpuThermalInfo
input para list:
y output para list:
y y y y 
key=Cooling.GetManualFanLevel
input para list:
output para list:
aq 
key=Cooling.SetCoolingMedium
input para list:
y output para list:

key=Cooling.SetVDDQTobj
input para list:
y output para list:

key=Cooling.SetCoolingPowerMode
input para list:
y output para list:

key=Cooling.SetDiskTobj
input para list:
y output para list:

key=Cooling.SetSingleFanLevel
input para list:
y y output para list:

key=Cooling.SetPCHTobj
input para list:
y output para list:

key=Cooling.SetNPUHbmTobj
input para list:
y output para list:

key=Cooling.SetCoolingMode
input para list:
y u output para list:
i 
key=Cooling.SetThermalSrcState
input para list:
y y output para list:

key=cooling_app.dlog_outype
input para list:
s output para list:

key=cooling_app.set_trace_cfg
input para list:
s output para list:

key=cooling_app.deconnect_to_cli
input para list:
s output para list:

key=cooling_app.dlog_outlvl
input para list:
s output para list:

key=cooling_app.save_dlog_cfg
input para list:
output para list:

key=cooling_app.connect_to_cli
input para list:
s s output para list:

=====================listen info=============================
my ipc id=688148
key=<Cpu.Version, handler=0xaaaacf4b48f8, state=1
key=<ThresholdSensor.Health, handler=0xaaaacf4c6548, state=1
key=<DiscreteSensor.Health, handler=0xaaaacf4c6548, state=1
key=<MeInfo.CpuTjmax, handler=0xaaaacf4b0f90, state=0
key=<Payload.PowerGd, handler=0xaaaacf4b14e8, state=1
=====================route info=============================
.key=VariantExpression, rpc_port=50023, msg_que_id=753686
.key=CafeDev, rpc_port=50007, msg_que_id=229382
.key=IPMIMessageFilter, rpc_port=50025, msg_que_id=819224
.key=PRODUCT, rpc_port=50023, msg_que_id=753686
.key=BOARD, rpc_port=50023, msg_que_id=753686
.key=GPUBoard, rpc_port=50014, msg_que_id=458765
.key=VirOpticalModule, rpc_port=50028, msg_que_id=917531
.key=IpmbAddr, rpc_port=50025, msg_que_id=819224
.key=CoolingCondition, rpc_port=50021, msg_que_id=688148
.key=SysPower, rpc_port=50024, msg_que_id=786455
.key=CpuBoard, rpc_port=50014, msg_que_id=458765
.key=PcieHddRemoveMonitor, rpc_port=50016, msg_que_id=524303
.key=VRDAction, rpc_port=50008, msg_que_id=262151
.key=EnergySaving, rpc_port=50017, msg_que_id=557072
.key=PIPE, rpc_port=50015, msg_que_id=491534
.key=PasswdSetting, rpc_port=50026, msg_que_id=851993
.key=FdmWebConfig, rpc_port=50015, msg_que_id=491534
.key=SpecialPcieCard, rpc_port=50028, msg_que_id=917531
.key=RedfishEventService, rpc_port=50020, msg_que_id=655379
.key=LicenseManage, rpc_port=50002, msg_que_id=65537
.key=AccelerateCard, rpc_port=50014, msg_que_id=458765
.key=PCIeSDICard, rpc_port=50014, msg_que_id=458765
.key=PcieRetimer, rpc_port=50001, msg_que_id=32768
.key=PTASPolicy, rpc_port=50021, msg_que_id=688148
.key=EventMonitor, rpc_port=50009, msg_que_id=294920
.key=VirtualWire, rpc_port=50023, msg_que_id=753686
.key=SmtpConfig, rpc_port=50009, msg_que_id=294920
.key=PowerMgnt, rpc_port=50024, msg_que_id=786455
.key=HwMBAddrAllocMgmt, rpc_port=50014, msg_que_id=458765
.key=MeInfo, rpc_port=50017, msg_que_id=557072
.key=MutualAuthenticationCliCert, rpc_port=50023, msg_que_id=753686
.key=FANBoard, rpc_port=50014, msg_que_id=458765
.key=SystemManagerInfo, rpc_port=50023, msg_que_id=753686
.key=SensorShortTermSpecMonitor, rpc_port=50009, msg_que_id=294920
.key=SASCable, rpc_port=50016, msg_que_id=524303
.key=DevTest, rpc_port=50009, msg_que_id=294920
.key=NandInfo, rpc_port=50023, msg_que_id=753686
.key=EventDescpCfgToHmm, rpc_port=50009, msg_que_id=294920
.key=UserRole, rpc_port=50026, msg_que_id=851993
.key=SilkTemplate, rpc_port=50017, msg_que_id=557072
.key=Retimer, rpc_port=50014, msg_que_id=458765
.key=SyslogConfig, rpc_port=50009, msg_que_id=294920
.key=ProxyVideo, rpc_port=50018, msg_que_id=589841
.key=SmmFanFirmware, rpc_port=50008, msg_que_id=262151
.key=SSDPCtrlPtConfig, rpc_port=50019, msg_que_id=622610
.key=ResidentNetConfig, rpc_port=50028, msg_que_id=917531
.key=KvmLink, rpc_port=50004, msg_que_id=131075
.key=MasterSMM, rpc_port=50023, msg_que_id=753686
.key=ComputerSystem, rpc_port=50010, msg_que_id=327689
.key=LocalPcieCard, rpc_port=50014, msg_que_id=458765
.key=VPD, rpc_port=50016, msg_que_id=524303
.key=ComponentInfo, rpc_port=50017, msg_que_id=557072
.key=LSWConfig, rpc_port=50028, msg_que_id=917531
.key=AlertFilter, rpc_port=50009, msg_que_id=294920
.key=ModbusAddrAllocMgmt, rpc_port=50014, msg_que_id=458765
.key=Cooling, rpc_port=50021, msg_que_id=688148
.key=FANClass, rpc_port=50021, msg_que_id=688148
.key=HDDBackplane, rpc_port=50014, msg_que_id=458765
.key=ChipFirmwareMgnt, rpc_port=50008, msg_que_id=262151
.key=DftItem, rpc_port=50011, msg_que_id=360458
.key=Stateless, rpc_port=50028, msg_que_id=917531
.key=PcieAddrInfo, rpc_port=50015, msg_que_id=491534
.key=DftAction, rpc_port=50011, msg_que_id=360458
.key=ConditionTask, rpc_port=50009, msg_que_id=294920
.key=ExpBoard, rpc_port=50014, msg_que_id=458765
.key=OpaMezzInfo, rpc_port=50014, msg_que_id=458765
.key=SyslogItemCfg, rpc_port=50009, msg_que_id=294920
.key=ThresholdAssert, rpc_port=50009, msg_que_id=294920
.key=SolLink, rpc_port=50025, msg_que_id=819224
.key=MainBoard, rpc_port=50014, msg_que_id=458765
.key=IOBoard, rpc_port=50014, msg_que_id=458765
.key=_Snmp, rpc_port=50018, msg_que_id=589841
.key=SecurityModule, rpc_port=50014, msg_que_id=458765
.key=LLDPConfig, rpc_port=50028, msg_que_id=917531
.key=BBUModule, rpc_port=50024, msg_que_id=786455
.key=LeakageDetectionCard, rpc_port=50014, msg_que_id=458765
.key=SmtpItemCfg, rpc_port=50009, msg_que_id=294920
.key=DataAcquisitionMetric, rpc_port=50015, msg_que_id=491534
.key=RaidController, rpc_port=50016, msg_que_id=524303
.key=PMEServiceConfig, rpc_port=50023, msg_que_id=753686
.key=Memory, rpc_port=50017, msg_que_id=557072
.key=LicenseFeatureKey, rpc_port=50002, msg_que_id=65537
.key=VoltMonitor, rpc_port=50009, msg_que_id=294920
.key=PSUGroup, rpc_port=50024, msg_que_id=786455
.key=OemSdr, rpc_port=50009, msg_que_id=294920
.key=NPU, rpc_port=50017, msg_que_id=557072
.key=DiskSubArray, rpc_port=50016, msg_que_id=524303
.key=CollectPropertyDefinition, rpc_port=50023, msg_que_id=753686
.key=_card_manage, rpc_port=50014, msg_que_id=458765
.key=Action, rpc_port=50008, msg_que_id=262151
.key=OnePower, rpc_port=50024, msg_que_id=786455
.key=Kvm, rpc_port=50004, msg_que_id=131075
.key=DiscreteSensor, rpc_port=50009, msg_que_id=294920
.key=ThresholdSensorMonitor, rpc_port=50009, msg_que_id=294920
.key=CertMonitor, rpc_port=50023, msg_que_id=753686
.key=Pex8796, rpc_port=50001, msg_que_id=32768
.key=LicenseSaleInfo, rpc_port=50002, msg_que_id=65537
.key=PortMapping, rpc_port=50028, msg_que_id=917531
.key=RawEepromFruDev, rpc_port=50007, msg_que_id=229382
.key=_kvm_vmm, rpc_port=50004, msg_que_id=131075
.key=EnergySavingCfgItem, rpc_port=50017, msg_que_id=557072
.key=CpuStatistic, rpc_port=50017, msg_que_id=557072
.key=CompositionSetting, rpc_port=50001, msg_que_id=32768
.key=PsSleep, rpc_port=50024, msg_que_id=786455
.key=SysBattery, rpc_port=50024, msg_que_id=786455
.key=Pex9765, rpc_port=50001, msg_que_id=32768
.key=PermitRule, rpc_port=50026, msg_que_id=851993
.key=BMC, rpc_port=50023, msg_que_id=753686
.key=Snmp, rpc_port=50018, msg_que_id=589841
.key=VoltTest, rpc_port=50009, msg_que_id=294920
.key=LedPanel, rpc_port=50009, msg_que_id=294920
.key=EthFunction, rpc_port=50028, msg_que_id=917531
.key=_PowerMgnt, rpc_port=50024, msg_que_id=786455
.key=PowerCapping, rpc_port=50024, msg_que_id=786455
.key=RegAction, rpc_port=50014, msg_que_id=458765
.key=_ddns, rpc_port=50005, msg_que_id=163844
.key=M2TransformCard, rpc_port=50014, msg_que_id=458765
.key=SmBios, rpc_port=50013, msg_que_id=425996
.key=SensorOemConfig, rpc_port=50009, msg_que_id=294920
.key=Bios, rpc_port=50013, msg_que_id=425996
.key=McdlSdr, rpc_port=50009, msg_que_id=294920
.key=PMBusTempMonitor, rpc_port=50009, msg_que_id=294920
.key=DiskSlotInfo, rpc_port=50014, msg_que_id=458765
.key=LDAP, rpc_port=50023, msg_que_id=753686
.key=PassThroughCard, rpc_port=50014, msg_que_id=458765
.key=ReserveChanTest, rpc_port=50011, msg_que_id=360458
.key=RedfishEvtSubscription, rpc_port=50020, msg_que_id=655379
.key=Watchdog2, rpc_port=50022, msg_que_id=720917
.key=LedDispElmt_S, rpc_port=50009, msg_que_id=294920
.key=TransferFileInfo, rpc_port=50023, msg_que_id=753686
.key=PsuSlot, rpc_port=50024, msg_que_id=786455
.key=FruPayload, rpc_port=50022, msg_que_id=720917
.key=VMDCondition, rpc_port=50023, msg_que_id=753686
.key=_User, rpc_port=50026, msg_que_id=851993
.key=BoardInfoCollectCfg, rpc_port=50023, msg_que_id=753686
.key=Policy1Class, rpc_port=50021, msg_que_id=688148
.key=NetCard, rpc_port=50014, msg_que_id=458765
.key=Sel, rpc_port=50009, msg_que_id=294920
.key=ProductComponent, rpc_port=50023, msg_que_id=753686
.key=SLIMCableConfig, rpc_port=50016, msg_que_id=524303
.key=CfgMgnt, rpc_port=50003, msg_que_id=98306
.key=RiserPcieCard, rpc_port=50014, msg_que_id=458765
.key=OpticalModule, rpc_port=50028, msg_que_id=917531
.key=NPUHistoryECCInfo, rpc_port=50017, msg_que_id=557072
.key=RepeaterMgnt, rpc_port=50014, msg_que_id=458765
.key=ChipValueChecker, rpc_port=50009, msg_que_id=294920
.key=_net_nat, rpc_port=50029, msg_que_id=950300
.key=IPMIChannel, rpc_port=50025, msg_que_id=819224
.key=OscaPcieCard, rpc_port=50014, msg_que_id=458765
.key=LedDispElmt_RP, rpc_port=50009, msg_que_id=294920
.key=EventPolicy, rpc_port=50009, msg_que_id=294920
.key=iBMAUSBMassStorage, rpc_port=50004, msg_que_id=131075
.key=NvGPUAction, rpc_port=50014, msg_que_id=458765
.key=DiskArray, rpc_port=50016, msg_que_id=524303
.key=OscaPort, rpc_port=50013, msg_que_id=425996
.key=RmcpConfig, rpc_port=50025, msg_que_id=819224
.key=SASPHYStatus, rpc_port=50016, msg_que_id=524303
.key=SMMPCIeInfo, rpc_port=50014, msg_que_id=458765
.key=OCPCard, rpc_port=50014, msg_que_id=458765
.key=VirtualHDDBackplane, rpc_port=50014, msg_que_id=458765
.key=ProxyVmm, rpc_port=50018, msg_que_id=589841
.key=VmseChannel, rpc_port=50017, msg_que_id=557072
.key=HinicFirmware, rpc_port=50008, msg_que_id=262151
.key=MatchRegValue, rpc_port=50001, msg_que_id=32768
.key=Warning, rpc_port=50009, msg_que_id=294920
.key=Contact, rpc_port=50023, msg_que_id=753686
.key=Session, rpc_port=50026, msg_que_id=851993
.key=ExtendPcieCard, rpc_port=50014, msg_que_id=458765
.key=MaxValueMonitor, rpc_port=50009, msg_que_id=294920
.key=BusinessPort, rpc_port=50028, msg_que_id=917531
.key=CLASSFANTYPE, rpc_port=50021, msg_que_id=688148
.key=ButtonTest, rpc_port=50011, msg_que_id=360458
.key=SdrDev, rpc_port=50009, msg_que_id=294920
.key=SSDPConfig, rpc_port=50019, msg_que_id=622610
.key=BoardPower, rpc_port=50024, msg_que_id=786455
.key=PCIeSSDCard, rpc_port=50014, msg_que_id=458765
.key=USBMassStorage, rpc_port=50004, msg_que_id=131075
.key=MassStorage, rpc_port=50016, msg_que_id=524303
.key=TrapConfig, rpc_port=50009, msg_que_id=294920
.key=BIOSEvent, rpc_port=50009, msg_que_id=294920
.key=Led, rpc_port=50009, msg_que_id=294920
.key=PortConfig, rpc_port=50028, msg_que_id=917531
.key=PCIeDisk, rpc_port=50016, msg_que_id=524303
.key=PTAS, rpc_port=50021, msg_que_id=688148
.key=CompositionZone, rpc_port=50001, msg_que_id=32768
.key=MctpCtrl, rpc_port=50012, msg_que_id=393227
.key=SignalMonitor, rpc_port=50009, msg_que_id=294920
.key=MutualAuthentication, rpc_port=50023, msg_que_id=753686
.key=Card, rpc_port=50014, msg_que_id=458765
.key=RaidChip, rpc_port=50016, msg_que_id=524303
.key=Eth, rpc_port=50028, msg_que_id=917531
.key=LogicalDriveAlertInfo, rpc_port=50016, msg_que_id=524303
.key=Video, rpc_port=50004, msg_que_id=131075
.key=LedDispControl, rpc_port=50009, msg_que_id=294920
.key=Dump, rpc_port=50027, msg_que_id=884762
.key=FruStatics, rpc_port=50007, msg_que_id=229382
.key=_BIOS, rpc_port=50013, msg_que_id=425996
.key=ScriptEngine, rpc_port=50027, msg_que_id=884762
.key=PcieRootPortMap, rpc_port=50007, msg_que_id=229382
.key=FruDev, rpc_port=50007, msg_que_id=229382
.key=FPGAMemory, rpc_port=50017, msg_que_id=557072
.key=EventSeverityChange, rpc_port=50009, msg_que_id=294920
.key=_dfm, rpc_port=50000, msg_que_id=0
.key=TrapItemCfg, rpc_port=50009, msg_que_id=294920
.key=LedTest, rpc_port=50009, msg_que_id=294920
.key=DataCondition, rpc_port=50017, msg_que_id=557072
.key=StorageDiagnose, rpc_port=50016, msg_que_id=524303
.key=PcieCard, rpc_port=50014, msg_que_id=458765
.key=PowerAlert, rpc_port=50024, msg_que_id=786455
.key=PowerSignalMonitor, rpc_port=50009, msg_que_id=294920
.key=ComponentFirmware, rpc_port=50008, msg_que_id=262151
.key=NpuAbility, rpc_port=50017, msg_que_id=557072
.key=_Dft, rpc_port=50011, msg_que_id=360458
.key=MgmtChipEnvConfig, rpc_port=50023, msg_que_id=753686
.key=BMCCoreManagement, rpc_port=50023, msg_que_id=753686
.key=SeriaManagement, rpc_port=50025, msg_que_id=819224
.key=OcpCardControl, rpc_port=50014, msg_que_id=458765
.key=FirmwareLimit, rpc_port=50011, msg_que_id=360458
.key=User, rpc_port=50026, msg_que_id=851993
.key=Upgrade, rpc_port=50008, msg_que_id=262151
.key=_sensor_alarm, rpc_port=50009, msg_que_id=294920
.key=PrivilegeAgent, rpc_port=50018, msg_que_id=589841
.key=Eeprom, rpc_port=50008, msg_que_id=262151
.key=Condition, rpc_port=50021, msg_que_id=688148
.key=TempMonitor, rpc_port=50009, msg_que_id=294920
.key=_CpuMem, rpc_port=50017, msg_que_id=557072
.key=SMM, rpc_port=50023, msg_que_id=753686
.key=LDAPCommon, rpc_port=50023, msg_que_id=753686
.key=SensorCategory, rpc_port=50009, msg_que_id=294920
.key=NandFlash, rpc_port=50023, msg_que_id=753686
.key=Raid, rpc_port=50014, msg_que_id=458765
.key=TransferFile, rpc_port=50023, msg_que_id=753686
.key=DftCtrl, rpc_port=50011, msg_que_id=360458
.key=Entity, rpc_port=50009, msg_que_id=294920
.key=UidButton, rpc_port=50009, msg_que_id=294920
.key=Hdd, rpc_port=50016, msg_que_id=524303
.key=InterfaceTest, rpc_port=50011, msg_que_id=360458
.key=CardAction, rpc_port=50014, msg_que_id=458765
.key=EncryptKey, rpc_port=50026, msg_que_id=851993
.key=_diagnose, rpc_port=50015, msg_que_id=491534
.key=Language, rpc_port=50009, msg_que_id=294920
.key=Hotswap, rpc_port=50022, msg_que_id=720917
.key=ManualControlLed, rpc_port=50009, msg_que_id=294920
.key=_agentless, rpc_port=50010, msg_que_id=327689
.key=AlertString, rpc_port=50009, msg_que_id=294920
.key=LocalHostAgentPort, rpc_port=50029, msg_que_id=950300
.key=DftLSWConfig, rpc_port=50028, msg_que_id=917531
.key=DataAcquisitionTagDefinition, rpc_port=50015, msg_que_id=491534
.key=MezzCard, rpc_port=50014, msg_que_id=458765
.key=MemoryChannel, rpc_port=50017, msg_que_id=557072
.key=_Payload, rpc_port=50022, msg_que_id=720917
.key=AssetLocateBoard, rpc_port=50014, msg_que_id=458765
.key=RegMonitor, rpc_port=50009, msg_que_id=294920
.key=_MaintDebug, rpc_port=50027, msg_que_id=884762
.key=SysFWProgressStatus, rpc_port=50017, msg_que_id=557072
.key=_StorageMgnt, rpc_port=50016, msg_que_id=524303
.key=ConditionGroup, rpc_port=50021, msg_que_id=688148
.key=OSDrivePartition, rpc_port=50010, msg_que_id=327689
.key=_BMC, rpc_port=50023, msg_que_id=753686
.key=Log, rpc_port=50027, msg_que_id=884762
.key=_portal, rpc_port=50006, msg_que_id=196613
.key=Payload, rpc_port=50022, msg_que_id=720917
.key=_FileManage, rpc_port=50003, msg_que_id=98306
.key=PCIeFPGACard, rpc_port=50014, msg_que_id=458765
.key=LicenseKeyInfo, rpc_port=50002, msg_que_id=65537
.key=EthRename, rpc_port=50028, msg_que_id=917531
.key=StorageCfgCustomize, rpc_port=50016, msg_que_id=524303
.key=PcieSwitch, rpc_port=50001, msg_que_id=32768
.key=FdmConfig, rpc_port=50015, msg_que_id=491534
.key=MSPP, rpc_port=50024, msg_que_id=786455
.key=Firmware, rpc_port=50008, msg_que_id=262151
.key=DataAcquisitionService, rpc_port=50015, msg_que_id=491534
.key=VNC, rpc_port=50004, msg_que_id=131075
.key=ExtendSASCable, rpc_port=50016, msg_que_id=524303
.key=I2CTest, rpc_port=50011, msg_que_id=360458
.key=DiscreteEvent, rpc_port=50009, msg_que_id=294920
.key=FanGroup, rpc_port=50021, msg_que_id=688148
.key=LicenseSaleItem, rpc_port=50002, msg_que_id=65537
.key=DeaSdr, rpc_port=50009, msg_que_id=294920
.key=Vmm, rpc_port=50004, msg_que_id=131075
.key=SSLEncryptKey, rpc_port=50026, msg_que_id=851993
.key=ChipConfigMgnt, rpc_port=50008, msg_que_id=262151
.key=Ipmb, rpc_port=50025, msg_que_id=819224
.key=TreeNode, rpc_port=50015, msg_que_id=491534
.key=ProcessorFamily, rpc_port=50015, msg_que_id=491534
.key=SMS, rpc_port=50010, msg_que_id=327689
.key=PcieSwitchAction, rpc_port=50001, msg_que_id=32768
.key=EventInformation, rpc_port=50009, msg_que_id=294920
.key=FibreChannel, rpc_port=50028, msg_que_id=917531
.key=LDAPGroup, rpc_port=50023, msg_que_id=753686
.key=AgeTest, rpc_port=50011, msg_que_id=360458
.key=ThresholdSensor, rpc_port=50009, msg_que_id=294920
.key=EthGroup, rpc_port=50028, msg_que_id=917531
.key=BladeCpuThermal, rpc_port=50021, msg_que_id=688148
.key=PCIeTransformCard, rpc_port=50014, msg_que_id=458765
.key=CompositionEndpoint, rpc_port=50001, msg_que_id=32768
.key=PswCpld, rpc_port=50001, msg_que_id=32768
.key=ConditionAction, rpc_port=50009, msg_que_id=294920
.key=EnvRecord, rpc_port=50009, msg_que_id=294920
.key=_PcieSwitch, rpc_port=50001, msg_que_id=32768
.key=BoardRTC, rpc_port=50023, msg_que_id=753686
.key=BladeCoolingPolicy, rpc_port=50021, msg_que_id=688148
.key=LedDispElmt, rpc_port=50009, msg_que_id=294920
.key=_cooling_app, rpc_port=50021, msg_que_id=688148
.key=GPUCard, rpc_port=50014, msg_que_id=458765
.key=StringFormator, rpc_port=50009, msg_que_id=294920
.key=EventConfiguration, rpc_port=50009, msg_que_id=294920
.key=Chassis, rpc_port=50023, msg_que_id=753686
.key=ComponentPowerCtrl, rpc_port=50014, msg_que_id=458765
.key=_MCTP, rpc_port=50012, msg_que_id=393227
.key=Redfish, rpc_port=50020, msg_que_id=655379
.key=EndpointIdentifier, rpc_port=50001, msg_que_id=32768
.key=Pex8725, rpc_port=50001, msg_que_id=32768
.key=_LicenseMgnt, rpc_port=50002, msg_que_id=65537
.key=BoardTypeDefinition, rpc_port=50023, msg_que_id=753686
.key=KRBCommon, rpc_port=50023, msg_que_id=753686
.key=_UPGRADE, rpc_port=50008, msg_que_id=262151
.key=SOLManagement, rpc_port=50025, msg_que_id=819224
.key=ChipVrdParameterConfig, rpc_port=50008, msg_que_id=262151
.key=LSWChipMgnt, rpc_port=50028, msg_que_id=917531
.key=ExPortConfig, rpc_port=50028, msg_que_id=917531
.key=BBU, rpc_port=50016, msg_que_id=524303
.key=VncLink, rpc_port=50004, msg_que_id=131075
.key=HDDLocationStatus, rpc_port=50016, msg_que_id=524303
.key=EthFunctionDefine, rpc_port=50028, msg_que_id=917531
.key=DNSSetting, rpc_port=50005, msg_que_id=163844
.key=SSL, rpc_port=50023, msg_que_id=753686
.key=RemoteHttpsServerRootCert, rpc_port=50023, msg_que_id=753686
.key=DftVersion, rpc_port=50011, msg_que_id=360458
.key=PeripheralDeviceSensor, rpc_port=50014, msg_que_id=458765
.key=SASExpander, rpc_port=50016, msg_que_id=524303
.key=MemoryBoard, rpc_port=50014, msg_que_id=458765
.key=Cpu, rpc_port=50017, msg_que_id=557072
.key=RegConfig, rpc_port=50014, msg_que_id=458765
.key=_FruData, rpc_port=50007, msg_que_id=229382
.key=Gpio, rpc_port=50009, msg_que_id=294920
.key=LicenseAlarmInfo, rpc_port=50002, msg_que_id=65537
.key=LDAPCert, rpc_port=50023, msg_que_id=753686
.key=ChipValueReader, rpc_port=50009, msg_que_id=294920
.key=VRDUpgradeMgnt, rpc_port=50008, msg_que_id=262151
.key=LedCtrl, rpc_port=50009, msg_que_id=294920
.key=PefFilter, rpc_port=50009, msg_que_id=294920
.key=_redfish, rpc_port=50020, msg_que_id=655379
.key=AdditionalFan, rpc_port=50021, msg_que_id=688148
.key=SelFilter, rpc_port=50009, msg_que_id=294920
.key=CPLDSelftest, rpc_port=50011, msg_que_id=360458
.key=SMMportswitch, rpc_port=50028, msg_que_id=917531
.key=PcieRetimerAction, rpc_port=50001, msg_que_id=32768
.key=OAM, rpc_port=50028, msg_que_id=917531
.key=ModbusSlave, rpc_port=50014, msg_que_id=458765
.key=PowerOnCriteria, rpc_port=50022, msg_que_id=720917
.key=CpuPowTempMap, rpc_port=50021, msg_que_id=688148
.key=Diagnose, rpc_port=50015, msg_que_id=491534
.key=Fru, rpc_port=50007, msg_que_id=229382
.key=MMPortOtmInfo, rpc_port=50028, msg_que_id=917531
.key=LogicalDrive, rpc_port=50016, msg_que_id=524303
.key=I2cLed, rpc_port=50009, msg_que_id=294920
.key=_discovery, rpc_port=50019, msg_que_id=622610
.key=EventDescp, rpc_port=50009, msg_que_id=294920
.key=_ipmi_app, rpc_port=50025, msg_que_id=819224
.key=Composition, rpc_port=50001, msg_que_id=32768
.key=Component, rpc_port=50007, msg_que_id=229382
.key=BusinessPortVLAN, rpc_port=50028, msg_que_id=917531
.key=MutualAuthenticationRootCert, rpc_port=50023, msg_que_id=753686
.key=Elabel, rpc_port=50007, msg_que_id=229382
.key=SecurityEnhance, rpc_port=50026, msg_que_id=851993
.key=VRDUpgradeMgntAssist, rpc_port=50008, msg_que_id=262151
.key=InsertStatusLedCtrl, rpc_port=50009, msg_que_id=294920
.key=ResidentStorageMgnt, rpc_port=50016, msg_que_id=524303
.key=_NetConfig, rpc_port=50028, msg_que_id=917531
.key=LicenseGeneralInfo, rpc_port=50002, msg_que_id=65537
.key=DftStatus, rpc_port=50011, msg_que_id=360458
.key=NTP, rpc_port=50023, msg_que_id=753686
.key=Com, rpc_port=50025, msg_que_id=819224
.key=NoDevTest, rpc_port=50009, msg_que_id=294920
.key=MngtPortCap, rpc_port=50028, msg_que_id=917531
.key=USBPortSwitch, rpc_port=50023, msg_que_id=753686
.key=IpmbEth, rpc_port=50025, msg_que_id=819224
.key=SLIMCable, rpc_port=50016, msg_que_id=524303
.key=Modbus, rpc_port=50014, msg_que_id=458765
.key=IsMemBoard, rpc_port=50014, msg_que_id=458765
.key=ExternalRefInfo, rpc_port=50015, msg_que_id=491534
.key=AccessorUpdateAction, rpc_port=50008, msg_que_id=262151
.key=ProxyKvm, rpc_port=50018, msg_que_id=589841
.key=ChipUpgradeByI2C, rpc_port=50008, msg_que_id=262151
=====================other info=============================
ipmi app rpc port=50025
dft app rpc port=50011
my rpc port=50021
my ipc id=688148
sync sem4 id=32768
module id=22
=============================client end==========================
=====================class info============================
--------------------- DiscreteSensor      -----------------
listened       : Health: 294920, 688148, 
--------------------- DftStatus           -----------------
listened       : DftEnable: 131075, 
--------------------- PcieCard            -----------------
listened       : Health: 294920, 
               : FatalError: 294920, 
               : FDMFault: 294920, 
               : ReplaceFlag: 294920, 
--------------------- CoolingCondition    -----------------
--------------------- BOARD               -----------------
listened       : SlotId: 753686, 917531, 
--------------------- LocalBusMix         -----------------
--------------------- CLASSFANTYPE        -----------------
--------------------- DftItem             -----------------
--------------------- Log                 -----------------
--------------------- FruPayload          -----------------
--------------------- Policy1Class        -----------------
--------------------- BladeCpuThermal     -----------------
--------------------- ThresholdSensor     -----------------
listened       : Health: 294920, 688148, 
--------------------- Cpu                 -----------------
listened       : IErr: 491534, 131075, 
               : McErr: 491534, 131075, 
               : Error2: 491534, 
               : MirrorFailChMask: 491534, 
               : Version: 688148, 
               : FDMFault: 294920, 
--------------------- Payload             -----------------
listened       : SysResetFlag: 32768, 491534, 262151, 425996, 557072, 458765, 786455, 294920, 327689, 524303, 131075, 
               : ChassisPowerState: 491534, 262151, 425996, 557072, 458765, 786455, 720917, 294920, 327689, 524303, 131075, 
               : ResetFlag: 491534, 425996, 557072, 458765, 786455, 327689, 524303, 294920, 
               : RestartValue: 425996, 294920, 
               : AcpiStatus: 720917, 
               : BoardStableStatus: 819224, 
               : AcpiValue: 294920, 
               : PwrOkSigDrop: 294920, 
               : PwrButtonFlag: 294920, 
               : PowerGd: 688148, 
--------------------- Accessor            -----------------
--------------------- FanGroup            -----------------
--------------------- ConditionGroup      -----------------
--------------------- Cooling             -----------------
--------------------- PTASPolicy          -----------------
--------------------- PTAS                -----------------
--------------------- AdditionalFan       -----------------
--------------------- Expression          -----------------
listened       : Value: 294920, 
--------------------- Chip                -----------------
--------------------- Connector           -----------------
--------------------- BladeCoolingPolicy  -----------------
--------------------- Component           -----------------
listened       : Health: 294920, 
--------------------- Fantech             -----------------
--------------------- FANClass            -----------------
--------------------- PRODUCT             -----------------
listened       : SessionTokenLength: 327689, 
--------------------- MeInfo              -----------------
listened       : CpuTjmax: 688148, 
--------------------- CpuPowTempMap       -----------------
--------------------- Condition           -----------------
=====================fwrite info============================
fm sync fwrite cnt: 0
log fwrite cnt: 0
fm setcontent fwrite cnt: 0
